[2025-08-13T15:53:30.687+0000][7][gc] Using G1
[2025-08-13T15:53:31.497+0000][7][gc,init] Version: 15.0.1+9 (release)
[2025-08-13T15:53:31.497+0000][7][gc,init] CPUs: 2 total, 2 available
[2025-08-13T15:53:31.497+0000][7][gc,init] Memory: 7938M
[2025-08-13T15:53:31.497+0000][7][gc,init] Large Page Support: Disabled
[2025-08-13T15:53:31.498+0000][7][gc,init] NUMA Support: Disabled
[2025-08-13T15:53:31.498+0000][7][gc,init] Compressed Oops: Enabled (32-bit)
[2025-08-13T15:53:31.498+0000][7][gc,init] Heap Region Size: 1M
[2025-08-13T15:53:31.498+0000][7][gc,init] Heap Min Capacity: 1G
[2025-08-13T15:53:31.498+0000][7][gc,init] Heap Initial Capacity: 1G
[2025-08-13T15:53:31.498+0000][7][gc,init] Heap Max Capacity: 1G
[2025-08-13T15:53:31.498+0000][7][gc,init] Pre-touch: Enabled
[2025-08-13T15:53:31.498+0000][7][gc,init] Parallel Workers: 2
[2025-08-13T15:53:31.498+0000][7][gc,init] Concurrent Workers: 1
[2025-08-13T15:53:31.498+0000][7][gc,init] Concurrent Refinement Workers: 2
[2025-08-13T15:53:31.498+0000][7][gc,init] Periodic GC: Disabled
[2025-08-13T15:53:31.498+0000][7][gc,cds ] Mark closed archive regions in map: [0x00000000fff00000, 0x00000000fff7bff8]
[2025-08-13T15:53:31.498+0000][7][gc,cds ] Mark open archive regions in map: [0x00000000ffe00000, 0x00000000ffe51ff8]
[2025-08-13T15:53:31.498+0000][7][gc,metaspace] CDS archive(s) mapped at: [0x0000000800000000-0x0000000800b2a000-0x0000000800b2a000), size 11706368, SharedBaseAddress: 0x0000000800000000, ArchiveRelocationMode: 0.
[2025-08-13T15:53:31.498+0000][7][gc,metaspace] Compressed class space mapped at: 0x0000000800b2c000-0x0000000840b2c000, size: 1073741824
[2025-08-13T15:53:31.498+0000][7][gc,metaspace] Narrow klass base: 0x0000000800000000, Narrow klass shift: 3, Narrow klass range: 0x100000000
[2025-08-13T15:53:32.180+0000][7][safepoint   ] Safepoint "ICBufferFull", Time since last: 671958988 ns, Reaching safepoint: 263072 ns, At safepoint: 6399 ns, Total: 269471 ns
[2025-08-13T15:53:33.398+0000][7][safepoint   ] Safepoint "ICBufferFull", Time since last: 1217099829 ns, Reaching safepoint: 290969 ns, At safepoint: 31978 ns, Total: 322947 ns
[2025-08-13T15:53:33.776+0000][7][gc,start    ] GC(0) Pause Young (Normal) (G1 Evacuation Pause)
[2025-08-13T15:53:33.777+0000][7][gc,task     ] GC(0) Using 2 workers of 2 for evacuation
[2025-08-13T15:53:33.777+0000][7][gc,age      ] GC(0) Desired survivor size 3670016 bytes, new threshold 15 (max threshold 15)
[2025-08-13T15:53:33.793+0000][7][gc,age      ] GC(0) Age table with threshold 15 (max threshold 15)
[2025-08-13T15:53:33.793+0000][7][gc,age      ] GC(0) - age   1:    6065456 bytes,    6065456 total
[2025-08-13T15:53:33.793+0000][7][gc,phases   ] GC(0)   Pre Evacuate Collection Set: 0.3ms
[2025-08-13T15:53:33.793+0000][7][gc,phases   ] GC(0)   Merge Heap Roots: 0.1ms
[2025-08-13T15:53:33.793+0000][7][gc,phases   ] GC(0)   Evacuate Collection Set: 14.4ms
[2025-08-13T15:53:33.793+0000][7][gc,phases   ] GC(0)   Post Evacuate Collection Set: 0.8ms
[2025-08-13T15:53:33.793+0000][7][gc,phases   ] GC(0)   Other: 1.2ms
[2025-08-13T15:53:33.793+0000][7][gc,heap     ] GC(0) Eden regions: 51->0(45)
[2025-08-13T15:53:33.793+0000][7][gc,heap     ] GC(0) Survivor regions: 0->6(7)
[2025-08-13T15:53:33.793+0000][7][gc,heap     ] GC(0) Old regions: 0->0
[2025-08-13T15:53:33.793+0000][7][gc,heap     ] GC(0) Archive regions: 2->2
[2025-08-13T15:53:33.793+0000][7][gc,heap     ] GC(0) Humongous regions: 1->1
[2025-08-13T15:53:33.793+0000][7][gc,metaspace] GC(0) Metaspace: 13634K(14080K)->13634K(14080K) NonClass: 12015K(12288K)->12015K(12288K) Class: 1619K(1792K)->1619K(1792K)
[2025-08-13T15:53:33.793+0000][7][gc          ] GC(0) Pause Young (Normal) (G1 Evacuation Pause) 52M->7M(1024M) 16.890ms
[2025-08-13T15:53:33.793+0000][7][gc,cpu      ] GC(0) User=0.03s Sys=0.00s Real=0.01s
[2025-08-13T15:53:33.793+0000][7][safepoint   ] Safepoint "G1CollectForAllocation", Time since last: 378535330 ns, Reaching safepoint: 159640 ns, At safepoint: 17004633 ns, Total: 17164273 ns
[2025-08-13T15:53:34.340+0000][7][gc,start    ] GC(1) Pause Young (Normal) (G1 Evacuation Pause)
[2025-08-13T15:53:34.340+0000][7][gc,task     ] GC(1) Using 2 workers of 2 for evacuation
[2025-08-13T15:53:34.340+0000][7][gc,age      ] GC(1) Desired survivor size 3670016 bytes, new threshold 1 (max threshold 15)
[2025-08-13T15:53:34.355+0000][7][gc,age      ] GC(1) Age table with threshold 1 (max threshold 15)
[2025-08-13T15:53:34.355+0000][7][gc,age      ] GC(1) - age   1:    1015824 bytes,    1015824 total
[2025-08-13T15:53:34.355+0000][7][gc,phases   ] GC(1)   Pre Evacuate Collection Set: 0.2ms
[2025-08-13T15:53:34.355+0000][7][gc,phases   ] GC(1)   Merge Heap Roots: 0.1ms
[2025-08-13T15:53:34.355+0000][7][gc,phases   ] GC(1)   Evacuate Collection Set: 13.8ms
[2025-08-13T15:53:34.355+0000][7][gc,phases   ] GC(1)   Post Evacuate Collection Set: 0.8ms
[2025-08-13T15:53:34.355+0000][7][gc,phases   ] GC(1)   Other: 0.3ms
[2025-08-13T15:53:34.355+0000][7][gc,heap     ] GC(1) Eden regions: 45->0(49)
[2025-08-13T15:53:34.355+0000][7][gc,heap     ] GC(1) Survivor regions: 6->2(7)
[2025-08-13T15:53:34.355+0000][7][gc,heap     ] GC(1) Old regions: 0->6
[2025-08-13T15:53:34.355+0000][7][gc,heap     ] GC(1) Archive regions: 2->2
[2025-08-13T15:53:34.355+0000][7][gc,heap     ] GC(1) Humongous regions: 1->1
[2025-08-13T15:53:34.355+0000][7][gc,metaspace] GC(1) Metaspace: 14730K(15232K)->14730K(15232K) NonClass: 13012K(13312K)->13012K(13312K) Class: 1717K(1920K)->1717K(1920K)
[2025-08-13T15:53:34.355+0000][7][gc          ] GC(1) Pause Young (Normal) (G1 Evacuation Pause) 52M->8M(1024M) 15.274ms
[2025-08-13T15:53:34.355+0000][7][gc,cpu      ] GC(1) User=0.03s Sys=0.00s Real=0.02s
[2025-08-13T15:53:34.355+0000][7][safepoint   ] Safepoint "G1CollectForAllocation", Time since last: 546486278 ns, Reaching safepoint: 162035 ns, At safepoint: 15391756 ns, Total: 15553791 ns
[2025-08-13T15:53:34.418+0000][7][safepoint   ] Safepoint "ICBufferFull", Time since last: 62729237 ns, Reaching safepoint: 97445 ns, At safepoint: 30545 ns, Total: 127990 ns
[2025-08-13T15:53:34.424+0000][7][safepoint   ] Safepoint "ICBufferFull", Time since last: 5530723 ns, Reaching safepoint: 92190 ns, At safepoint: 23795 ns, Total: 115985 ns
[2025-08-13T15:53:34.428+0000][7][safepoint   ] Safepoint "ICBufferFull", Time since last: 4232377 ns, Reaching safepoint: 225649 ns, At safepoint: 45391 ns, Total: 271040 ns
[2025-08-13T15:53:34.433+0000][7][safepoint   ] Safepoint "ICBufferFull", Time since last: 4776824 ns, Reaching safepoint: 217302 ns, At safepoint: 25414 ns, Total: 242716 ns
[2025-08-13T15:53:34.439+0000][7][safepoint   ] Safepoint "ICBufferFull", Time since last: 5601594 ns, Reaching safepoint: 69690 ns, At safepoint: 17737 ns, Total: 87427 ns
[2025-08-13T15:53:34.444+0000][7][safepoint   ] Safepoint "ICBufferFull", Time since last: 4318011 ns, Reaching safepoint: 78532 ns, At safepoint: 8512 ns, Total: 87044 ns
[2025-08-13T15:53:34.448+0000][7][safepoint   ] Safepoint "ICBufferFull", Time since last: 4179801 ns, Reaching safepoint: 85475 ns, At safepoint: 8735 ns, Total: 94210 ns
[2025-08-13T15:53:34.452+0000][7][safepoint   ] Safepoint "ICBufferFull", Time since last: 3866296 ns, Reaching safepoint: 73568 ns, At safepoint: 4299 ns, Total: 77867 ns
[2025-08-13T15:53:34.456+0000][7][safepoint   ] Safepoint "ICBufferFull", Time since last: 4452351 ns, Reaching safepoint: 74228 ns, At safepoint: 8299 ns, Total: 82527 ns
[2025-08-13T15:53:34.461+0000][7][safepoint   ] Safepoint "ICBufferFull", Time since last: 5071536 ns, Reaching safepoint: 69525 ns, At safepoint: 8177 ns, Total: 77702 ns
[2025-08-13T15:53:34.466+0000][7][safepoint   ] Safepoint "ICBufferFull", Time since last: 3940184 ns, Reaching safepoint: 78923 ns, At safepoint: 8701 ns, Total: 87624 ns
[2025-08-13T15:53:34.471+0000][7][safepoint   ] Safepoint "ICBufferFull", Time since last: 5219744 ns, Reaching safepoint: 91667 ns, At safepoint: 8951 ns, Total: 100618 ns
[2025-08-13T15:53:34.477+0000][7][safepoint   ] Safepoint "ICBufferFull", Time since last: 6500580 ns, Reaching safepoint: 93407 ns, At safepoint: 8090 ns, Total: 101497 ns
[2025-08-13T15:53:34.483+0000][7][safepoint   ] Safepoint "ICBufferFull", Time since last: 5025753 ns, Reaching safepoint: 79892 ns, At safepoint: 8495 ns, Total: 88387 ns
[2025-08-13T15:53:34.487+0000][7][safepoint   ] Safepoint "ICBufferFull", Time since last: 4387638 ns, Reaching safepoint: 75577 ns, At safepoint: 8179 ns, Total: 83756 ns
[2025-08-13T15:53:34.491+0000][7][safepoint   ] Safepoint "ICBufferFull", Time since last: 3913763 ns, Reaching safepoint: 82219 ns, At safepoint: 22914 ns, Total: 105133 ns
[2025-08-13T15:53:34.494+0000][7][safepoint   ] Safepoint "ICBufferFull", Time since last: 2848042 ns, Reaching safepoint: 94850 ns, At safepoint: 5007 ns, Total: 99857 ns
[2025-08-13T15:53:34.500+0000][7][safepoint   ] Safepoint "ICBufferFull", Time since last: 5958064 ns, Reaching safepoint: 83672 ns, At safepoint: 4689 ns, Total: 88361 ns
[2025-08-13T15:53:34.507+0000][7][safepoint   ] Safepoint "ICBufferFull", Time since last: 7244496 ns, Reaching safepoint: 71920 ns, At safepoint: 21850 ns, Total: 93770 ns
[2025-08-13T15:53:34.509+0000][7][safepoint   ] Safepoint "ICBufferFull", Time since last: 1357094 ns, Reaching safepoint: 75754 ns, At safepoint: 8194 ns, Total: 83948 ns
[2025-08-13T15:53:34.510+0000][7][safepoint   ] Safepoint "ICBufferFull", Time since last: 1263179 ns, Reaching safepoint: 60452 ns, At safepoint: 6590 ns, Total: 67042 ns
[2025-08-13T15:53:34.512+0000][7][safepoint   ] Safepoint "ICBufferFull", Time since last: 1249475 ns, Reaching safepoint: 128932 ns, At safepoint: 17292 ns, Total: 146224 ns
[2025-08-13T15:53:34.513+0000][7][safepoint   ] Safepoint "ICBufferFull", Time since last: 1227684 ns, Reaching safepoint: 155157 ns, At safepoint: 19401 ns, Total: 174558 ns
[2025-08-13T15:53:34.514+0000][7][safepoint   ] Safepoint "ICBufferFull", Time since last: 1344639 ns, Reaching safepoint: 103532 ns, At safepoint: 20607 ns, Total: 124139 ns
[2025-08-13T15:53:34.516+0000][7][safepoint   ] Safepoint "ICBufferFull", Time since last: 1207996 ns, Reaching safepoint: 163077 ns, At safepoint: 23254 ns, Total: 186331 ns
[2025-08-13T15:53:34.517+0000][7][safepoint   ] Safepoint "ICBufferFull", Time since last: 1189841 ns, Reaching safepoint: 150163 ns, At safepoint: 22114 ns, Total: 172277 ns
[2025-08-13T15:53:34.519+0000][7][safepoint   ] Safepoint "ICBufferFull", Time since last: 1354907 ns, Reaching safepoint: 55420 ns, At safepoint: 19570 ns, Total: 74990 ns
[2025-08-13T15:53:34.521+0000][7][safepoint   ] Safepoint "ICBufferFull", Time since last: 2259513 ns, Reaching safepoint: 71804 ns, At safepoint: 24543 ns, Total: 96347 ns
[2025-08-13T15:53:34.522+0000][7][safepoint   ] Safepoint "ICBufferFull", Time since last: 1211471 ns, Reaching safepoint: 154648 ns, At safepoint: 19527 ns, Total: 174175 ns
[2025-08-13T15:53:34.524+0000][7][safepoint   ] Safepoint "ICBufferFull", Time since last: 1262458 ns, Reaching safepoint: 136685 ns, At safepoint: 24530 ns, Total: 161215 ns
[2025-08-13T15:53:34.525+0000][7][safepoint   ] Safepoint "ICBufferFull", Time since last: 1271064 ns, Reaching safepoint: 154830 ns, At safepoint: 19751 ns, Total: 174581 ns
[2025-08-13T15:53:34.527+0000][7][safepoint   ] Safepoint "ICBufferFull", Time since last: 1243461 ns, Reaching safepoint: 148486 ns, At safepoint: 22216 ns, Total: 170702 ns
[2025-08-13T15:53:34.529+0000][7][safepoint   ] Safepoint "ICBufferFull", Time since last: 1228262 ns, Reaching safepoint: 677280 ns, At safepoint: 28279 ns, Total: 705559 ns
[2025-08-13T15:53:34.530+0000][7][safepoint   ] Safepoint "ICBufferFull", Time since last: 1234353 ns, Reaching safepoint: 161929 ns, At safepoint: 18820 ns, Total: 180749 ns
[2025-08-13T15:53:34.531+0000][7][safepoint   ] Safepoint "ICBufferFull", Time since last: 1187938 ns, Reaching safepoint: 153361 ns, At safepoint: 21687 ns, Total: 175048 ns
[2025-08-13T15:53:34.533+0000][7][safepoint   ] Safepoint "ICBufferFull", Time since last: 1223396 ns, Reaching safepoint: 168592 ns, At safepoint: 19437 ns, Total: 188029 ns
[2025-08-13T15:53:34.541+0000][7][safepoint   ] Safepoint "ICBufferFull", Time since last: 7798559 ns, Reaching safepoint: 87453 ns, At safepoint: 38290 ns, Total: 125743 ns
[2025-08-13T15:53:34.547+0000][7][safepoint   ] Safepoint "ICBufferFull", Time since last: 6467521 ns, Reaching safepoint: 89132 ns, At safepoint: 27295 ns, Total: 116427 ns
[2025-08-13T15:53:34.695+0000][7][gc,start    ] GC(2) Pause Young (Normal) (G1 Evacuation Pause)
[2025-08-13T15:53:34.695+0000][7][gc,task     ] GC(2) Using 2 workers of 2 for evacuation
[2025-08-13T15:53:34.695+0000][7][gc,age      ] GC(2) Desired survivor size 3670016 bytes, new threshold 15 (max threshold 15)
[2025-08-13T15:53:34.707+0000][7][gc,age      ] GC(2) Age table with threshold 15 (max threshold 15)
[2025-08-13T15:53:34.707+0000][7][gc,age      ] GC(2) - age   1:    4009704 bytes,    4009704 total
[2025-08-13T15:53:34.707+0000][7][gc,age      ] GC(2) - age   2:    1005040 bytes,    5014744 total
[2025-08-13T15:53:34.707+0000][7][gc,phases   ] GC(2)   Pre Evacuate Collection Set: 0.2ms
[2025-08-13T15:53:34.707+0000][7][gc,phases   ] GC(2)   Merge Heap Roots: 0.1ms
[2025-08-13T15:53:34.707+0000][7][gc,phases   ] GC(2)   Evacuate Collection Set: 10.7ms
[2025-08-13T15:53:34.707+0000][7][gc,phases   ] GC(2)   Post Evacuate Collection Set: 0.7ms
[2025-08-13T15:53:34.707+0000][7][gc,phases   ] GC(2)   Other: 0.2ms
[2025-08-13T15:53:34.707+0000][7][gc,heap     ] GC(2) Eden regions: 49->0(49)
[2025-08-13T15:53:34.707+0000][7][gc,heap     ] GC(2) Survivor regions: 2->5(7)
[2025-08-13T15:53:34.707+0000][7][gc,heap     ] GC(2) Old regions: 6->6
[2025-08-13T15:53:34.707+0000][7][gc,heap     ] GC(2) Archive regions: 2->2
[2025-08-13T15:53:34.707+0000][7][gc,heap     ] GC(2) Humongous regions: 2->1
[2025-08-13T15:53:34.707+0000][7][gc,metaspace] GC(2) Metaspace: 16170K(16640K)->16170K(16640K) NonClass: 14222K(14592K)->14222K(14592K) Class: 1947K(2048K)->1947K(2048K)
[2025-08-13T15:53:34.707+0000][7][gc          ] GC(2) Pause Young (Normal) (G1 Evacuation Pause) 58M->12M(1024M) 11.978ms
[2025-08-13T15:53:34.707+0000][7][gc,cpu      ] GC(2) User=0.02s Sys=0.00s Real=0.01s
[2025-08-13T15:53:34.707+0000][7][safepoint   ] Safepoint "G1CollectForAllocation", Time since last: 147502488 ns, Reaching safepoint: 216537 ns, At safepoint: 12078555 ns, Total: 12295092 ns
[2025-08-13T15:53:35.012+0000][7][gc,start    ] GC(3) Pause Young (Normal) (G1 Evacuation Pause)
[2025-08-13T15:53:35.012+0000][7][gc,task     ] GC(3) Using 2 workers of 2 for evacuation
[2025-08-13T15:53:35.012+0000][7][gc,age      ] GC(3) Desired survivor size 3670016 bytes, new threshold 1 (max threshold 15)
[2025-08-13T15:53:35.024+0000][7][gc,age      ] GC(3) Age table with threshold 1 (max threshold 15)
[2025-08-13T15:53:35.024+0000][7][gc,age      ] GC(3) - age   1:    2143720 bytes,    2143720 total
[2025-08-13T15:53:35.024+0000][7][gc,phases   ] GC(3)   Pre Evacuate Collection Set: 0.2ms
[2025-08-13T15:53:35.024+0000][7][gc,phases   ] GC(3)   Merge Heap Roots: 0.1ms
[2025-08-13T15:53:35.024+0000][7][gc,phases   ] GC(3)   Evacuate Collection Set: 11.1ms
[2025-08-13T15:53:35.024+0000][7][gc,phases   ] GC(3)   Post Evacuate Collection Set: 0.6ms
[2025-08-13T15:53:35.024+0000][7][gc,phases   ] GC(3)   Other: 0.2ms
[2025-08-13T15:53:35.024+0000][7][gc,heap     ] GC(3) Eden regions: 49->0(83)
[2025-08-13T15:53:35.024+0000][7][gc,heap     ] GC(3) Survivor regions: 5->3(7)
[2025-08-13T15:53:35.024+0000][7][gc,heap     ] GC(3) Old regions: 6->8
[2025-08-13T15:53:35.024+0000][7][gc,heap     ] GC(3) Archive regions: 2->2
[2025-08-13T15:53:35.024+0000][7][gc,heap     ] GC(3) Humongous regions: 1->1
[2025-08-13T15:53:35.024+0000][7][gc,metaspace] GC(3) Metaspace: 17546K(18176K)->17546K(18176K) NonClass: 15433K(15872K)->15433K(15872K) Class: 2113K(2304K)->2113K(2304K)
[2025-08-13T15:53:35.024+0000][7][gc          ] GC(3) Pause Young (Normal) (G1 Evacuation Pause) 61M->11M(1024M) 12.344ms
[2025-08-13T15:53:35.024+0000][7][gc,cpu      ] GC(3) User=0.02s Sys=0.00s Real=0.01s
[2025-08-13T15:53:35.024+0000][7][safepoint   ] Safepoint "G1CollectForAllocation", Time since last: 304628445 ns, Reaching safepoint: 224484 ns, At safepoint: 12431140 ns, Total: 12655624 ns
[2025-08-13T15:53:35.350+0000][7][gc,start    ] GC(4) Pause Young (Normal) (G1 Evacuation Pause)
[2025-08-13T15:53:35.350+0000][7][gc,task     ] GC(4) Using 2 workers of 2 for evacuation
[2025-08-13T15:53:35.350+0000][7][gc,age      ] GC(4) Desired survivor size 5767168 bytes, new threshold 15 (max threshold 15)
[2025-08-13T15:53:35.360+0000][7][gc,age      ] GC(4) Age table with threshold 15 (max threshold 15)
[2025-08-13T15:53:35.360+0000][7][gc,age      ] GC(4) - age   1:    2555280 bytes,    2555280 total
[2025-08-13T15:53:35.360+0000][7][gc,age      ] GC(4) - age   2:    1369720 bytes,    3925000 total
[2025-08-13T15:53:35.360+0000][7][gc,phases   ] GC(4)   Pre Evacuate Collection Set: 0.2ms
[2025-08-13T15:53:35.360+0000][7][gc,phases   ] GC(4)   Merge Heap Roots: 0.1ms
[2025-08-13T15:53:35.360+0000][7][gc,phases   ] GC(4)   Evacuate Collection Set: 8.5ms
[2025-08-13T15:53:35.360+0000][7][gc,phases   ] GC(4)   Post Evacuate Collection Set: 0.6ms
[2025-08-13T15:53:35.360+0000][7][gc,phases   ] GC(4)   Other: 0.3ms
[2025-08-13T15:53:35.360+0000][7][gc,heap     ] GC(4) Eden regions: 83->0(610)
[2025-08-13T15:53:35.360+0000][7][gc,heap     ] GC(4) Survivor regions: 3->4(11)
[2025-08-13T15:53:35.360+0000][7][gc,heap     ] GC(4) Old regions: 8->8
[2025-08-13T15:53:35.360+0000][7][gc,heap     ] GC(4) Archive regions: 2->2
[2025-08-13T15:53:35.360+0000][7][gc,heap     ] GC(4) Humongous regions: 1->1
[2025-08-13T15:53:35.360+0000][7][gc,metaspace] GC(4) Metaspace: 18007K(18816K)->18007K(18816K) NonClass: 15838K(16384K)->15838K(16384K) Class: 2169K(2432K)->2169K(2432K)
[2025-08-13T15:53:35.360+0000][7][gc          ] GC(4) Pause Young (Normal) (G1 Evacuation Pause) 94M->13M(1024M) 9.847ms
[2025-08-13T15:53:35.360+0000][7][gc,cpu      ] GC(4) User=0.02s Sys=0.00s Real=0.01s
[2025-08-13T15:53:35.360+0000][7][safepoint   ] Safepoint "G1CollectForAllocation", Time since last: 325590012 ns, Reaching safepoint: 261583 ns, At safepoint: 9922410 ns, Total: 10183993 ns
[2025-08-13T15:53:36.362+0000][7][safepoint   ] Safepoint "Cleanup", Time since last: 1001280842 ns, Reaching safepoint: 1051527 ns, At safepoint: 33304 ns, Total: 1084831 ns
[2025-08-13T15:53:36.912+0000][7][gc,start    ] GC(5) Pause Young (Normal) (G1 Evacuation Pause)
[2025-08-13T15:53:36.912+0000][7][gc,task     ] GC(5) Using 2 workers of 2 for evacuation
[2025-08-13T15:53:36.912+0000][7][gc,age      ] GC(5) Desired survivor size 40370176 bytes, new threshold 15 (max threshold 15)
[2025-08-13T15:53:36.947+0000][7][gc,age      ] GC(5) Age table with threshold 15 (max threshold 15)
[2025-08-13T15:53:36.948+0000][7][gc,age      ] GC(5) - age   1:    3844896 bytes,    3844896 total
[2025-08-13T15:53:36.948+0000][7][gc,age      ] GC(5) - age   2:    1612400 bytes,    5457296 total
[2025-08-13T15:53:36.948+0000][7][gc,age      ] GC(5) - age   3:    1364928 bytes,    6822224 total
[2025-08-13T15:53:36.948+0000][7][gc,phases   ] GC(5)   Pre Evacuate Collection Set: 1.7ms
[2025-08-13T15:53:36.948+0000][7][gc,phases   ] GC(5)   Merge Heap Roots: 0.1ms
[2025-08-13T15:53:36.948+0000][7][gc,phases   ] GC(5)   Evacuate Collection Set: 23.7ms
[2025-08-13T15:53:36.948+0000][7][gc,phases   ] GC(5)   Post Evacuate Collection Set: 10.0ms
[2025-08-13T15:53:36.948+0000][7][gc,phases   ] GC(5)   Other: 0.5ms
[2025-08-13T15:53:36.948+0000][7][gc,heap     ] GC(5) Eden regions: 610->0(607)
[2025-08-13T15:53:36.948+0000][7][gc,heap     ] GC(5) Survivor regions: 4->7(77)
[2025-08-13T15:53:36.948+0000][7][gc,heap     ] GC(5) Old regions: 8->8
[2025-08-13T15:53:36.948+0000][7][gc,heap     ] GC(5) Archive regions: 2->2
[2025-08-13T15:53:36.948+0000][7][gc,heap     ] GC(5) Humongous regions: 1->1
[2025-08-13T15:53:36.948+0000][7][gc,metaspace] GC(5) Metaspace: 19261K(20352K)->19261K(20352K) NonClass: 16907K(17664K)->16907K(17664K) Class: 2354K(2688K)->2354K(2688K)
[2025-08-13T15:53:36.948+0000][7][gc          ] GC(5) Pause Young (Normal) (G1 Evacuation Pause) 623M->16M(1024M) 36.159ms
[2025-08-13T15:53:36.948+0000][7][gc,cpu      ] GC(5) User=0.03s Sys=0.00s Real=0.04s
[2025-08-13T15:53:36.948+0000][7][safepoint   ] Safepoint "G1CollectForAllocation", Time since last: 548725643 ns, Reaching safepoint: 304232 ns, At safepoint: 36259690 ns, Total: 36563922 ns
[2025-08-13T15:53:37.813+0000][7][safepoint   ] Safepoint "ICBufferFull", Time since last: 863450632 ns, Reaching safepoint: 359084 ns, At safepoint: 1809143 ns, Total: 2168227 ns
[2025-08-13T15:53:38.262+0000][7][gc,start    ] GC(6) Pause Young (Concurrent Start) (Metadata GC Threshold)
[2025-08-13T15:53:38.262+0000][7][gc,task     ] GC(6) Using 2 workers of 2 for evacuation
[2025-08-13T15:53:38.262+0000][7][gc,age      ] GC(6) Desired survivor size 40370176 bytes, new threshold 15 (max threshold 15)
[2025-08-13T15:53:38.273+0000][7][gc,age      ] GC(6) Age table with threshold 15 (max threshold 15)
[2025-08-13T15:53:38.273+0000][7][gc,age      ] GC(6) - age   1:    3030328 bytes,    3030328 total
[2025-08-13T15:53:38.273+0000][7][gc,age      ] GC(6) - age   2:    3464344 bytes,    6494672 total
[2025-08-13T15:53:38.273+0000][7][gc,age      ] GC(6) - age   3:    1611952 bytes,    8106624 total
[2025-08-13T15:53:38.273+0000][7][gc,age      ] GC(6) - age   4:    1364736 bytes,    9471360 total
[2025-08-13T15:53:38.273+0000][7][gc,phases   ] GC(6)   Pre Evacuate Collection Set: 0.2ms
[2025-08-13T15:53:38.273+0000][7][gc,phases   ] GC(6)   Merge Heap Roots: 0.1ms
[2025-08-13T15:53:38.273+0000][7][gc,phases   ] GC(6)   Evacuate Collection Set: 9.0ms
[2025-08-13T15:53:38.273+0000][7][gc,phases   ] GC(6)   Post Evacuate Collection Set: 1.1ms
[2025-08-13T15:53:38.273+0000][7][gc,phases   ] GC(6)   Other: 0.4ms
[2025-08-13T15:53:38.273+0000][7][gc,heap     ] GC(6) Eden regions: 529->0(604)
[2025-08-13T15:53:38.273+0000][7][gc,heap     ] GC(6) Survivor regions: 7->10(77)
[2025-08-13T15:53:38.273+0000][7][gc,heap     ] GC(6) Old regions: 8->8
[2025-08-13T15:53:38.273+0000][7][gc,heap     ] GC(6) Archive regions: 2->2
[2025-08-13T15:53:38.273+0000][7][gc,heap     ] GC(6) Humongous regions: 1->1
[2025-08-13T15:53:38.273+0000][7][gc,metaspace] GC(6) Metaspace: 20055K(21296K)->20055K(21296K) NonClass: 17571K(18608K)->17571K(18608K) Class: 2483K(2688K)->2483K(2688K)
[2025-08-13T15:53:38.273+0000][7][gc          ] GC(6) Pause Young (Concurrent Start) (Metadata GC Threshold) 544M->19M(1024M) 10.860ms
[2025-08-13T15:53:38.273+0000][7][gc,cpu      ] GC(6) User=0.02s Sys=0.00s Real=0.01s
[2025-08-13T15:53:38.273+0000][7][gc          ] GC(7) Concurrent Cycle
[2025-08-13T15:53:38.273+0000][7][gc,marking  ] GC(7) Concurrent Clear Claimed Marks
[2025-08-13T15:53:38.273+0000][7][gc,marking  ] GC(7) Concurrent Clear Claimed Marks 0.046ms
[2025-08-13T15:53:38.273+0000][7][gc,marking  ] GC(7) Concurrent Scan Root Regions
[2025-08-13T15:53:38.273+0000][7][safepoint   ] Safepoint "CollectForMetadataAllocation", Time since last: 448277220 ns, Reaching safepoint: 311910 ns, At safepoint: 11231220 ns, Total: 11543130 ns
[2025-08-13T15:53:38.293+0000][7][gc,marking  ] GC(7) Concurrent Scan Root Regions 19.467ms
[2025-08-13T15:53:38.293+0000][7][gc,marking  ] GC(7) Concurrent Mark (7.616s)
[2025-08-13T15:53:38.293+0000][7][gc,marking  ] GC(7) Concurrent Mark From Roots
[2025-08-13T15:53:38.293+0000][7][gc,task     ] GC(7) Using 1 workers of 1 for marking
[2025-08-13T15:53:38.300+0000][7][safepoint   ] Safepoint "CollectForMetadataAllocation", Time since last: 26786642 ns, Reaching safepoint: 228732 ns, At safepoint: 196125 ns, Total: 424857 ns
[2025-08-13T15:53:38.339+0000][7][gc,marking  ] GC(7) Concurrent Mark From Roots 46.604ms
[2025-08-13T15:53:38.339+0000][7][gc,marking  ] GC(7) Concurrent Preclean
[2025-08-13T15:53:38.340+0000][7][gc,marking  ] GC(7) Concurrent Preclean 0.121ms
[2025-08-13T15:53:38.340+0000][7][gc,marking  ] GC(7) Concurrent Mark (7.616s, 7.663s) 46.817ms
[2025-08-13T15:53:38.340+0000][7][gc,start    ] GC(7) Pause Remark
[2025-08-13T15:53:38.345+0000][7][gc          ] GC(7) Pause Remark 21M->21M(1024M) 4.106ms
[2025-08-13T15:53:38.345+0000][7][gc,cpu      ] GC(7) User=0.01s Sys=0.00s Real=0.01s
[2025-08-13T15:53:38.346+0000][7][safepoint   ] Safepoint "G1Concurrent", Time since last: 39978445 ns, Reaching safepoint: 81589 ns, At safepoint: 5912788 ns, Total: 5994377 ns
[2025-08-13T15:53:38.346+0000][7][gc,marking  ] GC(7) Concurrent Rebuild Remembered Sets
[2025-08-13T15:53:38.370+0000][7][gc,marking  ] GC(7) Concurrent Rebuild Remembered Sets 23.258ms
[2025-08-13T15:53:38.370+0000][7][gc,start    ] GC(7) Pause Cleanup
[2025-08-13T15:53:38.371+0000][7][gc          ] GC(7) Pause Cleanup 21M->21M(1024M) 0.288ms
[2025-08-13T15:53:38.371+0000][7][gc,cpu      ] GC(7) User=0.00s Sys=0.00s Real=0.00s
[2025-08-13T15:53:38.371+0000][7][safepoint   ] Safepoint "G1Concurrent", Time since last: 23435192 ns, Reaching safepoint: 526280 ns, At safepoint: 379600 ns, Total: 905880 ns
[2025-08-13T15:53:38.371+0000][7][gc,marking  ] GC(7) Concurrent Cleanup for Next Mark
[2025-08-13T15:53:38.374+0000][7][gc,marking  ] GC(7) Concurrent Cleanup for Next Mark 3.189ms
[2025-08-13T15:53:38.374+0000][7][gc          ] GC(7) Concurrent Cycle 101.095ms
[2025-08-13T15:53:39.566+0000][7][safepoint   ] Safepoint "ICBufferFull", Time since last: 1195084032 ns, Reaching safepoint: 537149 ns, At safepoint: 51209 ns, Total: 588358 ns
[2025-08-13T15:53:40.567+0000][7][safepoint   ] Safepoint "Cleanup", Time since last: 1000249718 ns, Reaching safepoint: 211790 ns, At safepoint: 12075 ns, Total: 223865 ns
[2025-08-13T15:53:41.570+0000][7][safepoint   ] Safepoint "Cleanup", Time since last: 1002608360 ns, Reaching safepoint: 241812 ns, At safepoint: 715001 ns, Total: 956813 ns
[2025-08-13T15:53:42.346+0000][7][gc,start    ] GC(8) Pause Young (Concurrent Start) (Metadata GC Threshold)
[2025-08-13T15:53:42.346+0000][7][gc,task     ] GC(8) Using 2 workers of 2 for evacuation
[2025-08-13T15:53:42.346+0000][7][gc,age      ] GC(8) Desired survivor size 40370176 bytes, new threshold 15 (max threshold 15)
[2025-08-13T15:53:42.425+0000][7][gc,age      ] GC(8) Age table with threshold 15 (max threshold 15)
[2025-08-13T15:53:42.425+0000][7][gc,age      ] GC(8) - age   1:   31775176 bytes,   31775176 total
[2025-08-13T15:53:42.425+0000][7][gc,age      ] GC(8) - age   2:    3000968 bytes,   34776144 total
[2025-08-13T15:53:42.425+0000][7][gc,age      ] GC(8) - age   3:    3447408 bytes,   38223552 total
[2025-08-13T15:53:42.425+0000][7][gc,age      ] GC(8) - age   4:    1603800 bytes,   39827352 total
[2025-08-13T15:53:42.425+0000][7][gc,age      ] GC(8) - age   5:    1362288 bytes,   41189640 total
[2025-08-13T15:53:42.425+0000][7][gc,phases   ] GC(8)   Pre Evacuate Collection Set: 0.3ms
[2025-08-13T15:53:42.425+0000][7][gc,phases   ] GC(8)   Merge Heap Roots: 0.2ms
[2025-08-13T15:53:42.425+0000][7][gc,phases   ] GC(8)   Evacuate Collection Set: 76.7ms
[2025-08-13T15:53:42.425+0000][7][gc,phases   ] GC(8)   Post Evacuate Collection Set: 1.8ms
[2025-08-13T15:53:42.425+0000][7][gc,phases   ] GC(8)   Other: 0.4ms
[2025-08-13T15:53:42.425+0000][7][gc,heap     ] GC(8) Eden regions: 253->0(286)
[2025-08-13T15:53:42.425+0000][7][gc,heap     ] GC(8) Survivor regions: 10->40(77)
[2025-08-13T15:53:42.425+0000][7][gc,heap     ] GC(8) Old regions: 8->8
[2025-08-13T15:53:42.425+0000][7][gc,heap     ] GC(8) Archive regions: 2->2
[2025-08-13T15:53:42.425+0000][7][gc,heap     ] GC(8) Humongous regions: 1->1
[2025-08-13T15:53:42.425+0000][7][gc,metaspace] GC(8) Metaspace: 34129K(36260K)->34129K(36260K) NonClass: 29728K(31320K)->29728K(31320K) Class: 4400K(4940K)->4400K(4940K)
[2025-08-13T15:53:42.425+0000][7][gc          ] GC(8) Pause Young (Concurrent Start) (Metadata GC Threshold) 272M->49M(1024M) 79.457ms
[2025-08-13T15:53:42.425+0000][7][gc,cpu      ] GC(8) User=0.16s Sys=0.00s Real=0.08s
[2025-08-13T15:53:42.425+0000][7][gc          ] GC(9) Concurrent Cycle
[2025-08-13T15:53:42.425+0000][7][gc,marking  ] GC(9) Concurrent Clear Claimed Marks
[2025-08-13T15:53:42.426+0000][7][gc,marking  ] GC(9) Concurrent Clear Claimed Marks 0.081ms
[2025-08-13T15:53:42.426+0000][7][gc,marking  ] GC(9) Concurrent Scan Root Regions
[2025-08-13T15:53:42.428+0000][7][safepoint   ] Safepoint "CollectForMetadataAllocation", Time since last: 775192130 ns, Reaching safepoint: 201209 ns, At safepoint: 82558349 ns, Total: 82759558 ns
[2025-08-13T15:53:42.468+0000][7][safepoint   ] Safepoint "CollectForMetadataAllocation", Time since last: 39257958 ns, Reaching safepoint: 93087 ns, At safepoint: 306390 ns, Total: 399477 ns
[2025-08-13T15:53:42.472+0000][7][gc,marking  ] GC(9) Concurrent Scan Root Regions 46.010ms
[2025-08-13T15:53:42.472+0000][7][gc,marking  ] GC(9) Concurrent Mark (11.795s)
[2025-08-13T15:53:42.472+0000][7][gc,marking  ] GC(9) Concurrent Mark From Roots
[2025-08-13T15:53:42.472+0000][7][gc,task     ] GC(9) Using 1 workers of 1 for marking
[2025-08-13T15:53:42.492+0000][7][gc,marking  ] GC(9) Concurrent Mark From Roots 20.589ms
[2025-08-13T15:53:42.492+0000][7][gc,marking  ] GC(9) Concurrent Preclean
[2025-08-13T15:53:42.492+0000][7][gc,marking  ] GC(9) Concurrent Preclean 0.139ms
[2025-08-13T15:53:42.492+0000][7][gc,marking  ] GC(9) Concurrent Mark (11.795s, 11.816s) 20.826ms
[2025-08-13T15:53:42.493+0000][7][gc,start    ] GC(9) Pause Remark
[2025-08-13T15:53:42.499+0000][7][gc          ] GC(9) Pause Remark 50M->50M(1024M) 5.820ms
[2025-08-13T15:53:42.499+0000][7][gc,cpu      ] GC(9) User=0.01s Sys=0.00s Real=0.01s
[2025-08-13T15:53:42.499+0000][7][safepoint   ] Safepoint "G1Concurrent", Time since last: 24426732 ns, Reaching safepoint: 225212 ns, At safepoint: 5941321 ns, Total: 6166533 ns
[2025-08-13T15:53:42.500+0000][7][gc,marking  ] GC(9) Concurrent Rebuild Remembered Sets
[2025-08-13T15:53:42.515+0000][7][gc,marking  ] GC(9) Concurrent Rebuild Remembered Sets 15.064ms
[2025-08-13T15:53:42.517+0000][7][gc,start    ] GC(9) Pause Cleanup
[2025-08-13T15:53:42.517+0000][7][gc          ] GC(9) Pause Cleanup 52M->52M(1024M) 0.292ms
[2025-08-13T15:53:42.517+0000][7][gc,cpu      ] GC(9) User=0.00s Sys=0.00s Real=0.00s
[2025-08-13T15:53:42.517+0000][7][safepoint   ] Safepoint "G1Concurrent", Time since last: 16934639 ns, Reaching safepoint: 903927 ns, At safepoint: 371609 ns, Total: 1275536 ns
[2025-08-13T15:53:42.520+0000][7][gc,marking  ] GC(9) Concurrent Cleanup for Next Mark
[2025-08-13T15:53:42.526+0000][7][gc,marking  ] GC(9) Concurrent Cleanup for Next Mark 6.082ms
[2025-08-13T15:53:42.526+0000][7][gc          ] GC(9) Concurrent Cycle 100.505ms
[2025-08-13T15:53:42.750+0000][7][gc,heap,exit] Heap
[2025-08-13T15:53:42.750+0000][7][gc,heap,exit]  garbage-first heap   total 1048576K, used 158764K [0x00000000c0000000, 0x0000000100000000)
[2025-08-13T15:53:42.750+0000][7][gc,heap,exit]   region size 1024K, 147 young (150528K), 40 survivors (40960K)
[2025-08-13T15:53:42.750+0000][7][gc,heap,exit]  Metaspace       used 34499K, capacity 36521K, committed 36848K, reserved 1081344K
[2025-08-13T15:53:42.750+0000][7][gc,heap,exit]   class space    used 4434K, capacity 4941K, committed 5068K, reserved 1048576K
