[2025-08-13T15:36:36.004+0000][6][gc] Using G1
[2025-08-13T15:36:39.409+0000][6][gc,init] Version: 15.0.1+9 (release)
[2025-08-13T15:36:39.409+0000][6][gc,init] CPUs: 2 total, 2 available
[2025-08-13T15:36:39.409+0000][6][gc,init] Memory: 7938M
[2025-08-13T15:36:39.409+0000][6][gc,init] Large Page Support: Disabled
[2025-08-13T15:36:39.409+0000][6][gc,init] NUMA Support: Disabled
[2025-08-13T15:36:39.409+0000][6][gc,init] Compressed Oops: Enabled (32-bit)
[2025-08-13T15:36:39.409+0000][6][gc,init] Heap Region Size: 1M
[2025-08-13T15:36:39.409+0000][6][gc,init] Heap Min Capacity: 1G
[2025-08-13T15:36:39.409+0000][6][gc,init] Heap Initial Capacity: 1G
[2025-08-13T15:36:39.409+0000][6][gc,init] Heap Max Capacity: 1G
[2025-08-13T15:36:39.409+0000][6][gc,init] Pre-touch: Enabled
[2025-08-13T15:36:39.409+0000][6][gc,init] Parallel Workers: 2
[2025-08-13T15:36:39.409+0000][6][gc,init] Concurrent Workers: 1
[2025-08-13T15:36:39.409+0000][6][gc,init] Concurrent Refinement Workers: 2
[2025-08-13T15:36:39.409+0000][6][gc,init] Periodic GC: Disabled
[2025-08-13T15:36:39.411+0000][6][gc,cds ] Mark closed archive regions in map: [0x00000000fff00000, 0x00000000fff7bff8]
[2025-08-13T15:36:39.411+0000][6][gc,cds ] Mark open archive regions in map: [0x00000000ffe00000, 0x00000000ffe51ff8]
[2025-08-13T15:36:39.411+0000][6][gc,metaspace] CDS archive(s) mapped at: [0x0000000800000000-0x0000000800b2a000-0x0000000800b2a000), size 11706368, SharedBaseAddress: 0x0000000800000000, ArchiveRelocationMode: 0.
[2025-08-13T15:36:39.411+0000][6][gc,metaspace] Compressed class space mapped at: 0x0000000800b2c000-0x0000000840b2c000, size: 1073741824
[2025-08-13T15:36:39.411+0000][6][gc,metaspace] Narrow klass base: 0x0000000800000000, Narrow klass shift: 3, Narrow klass range: 0x100000000
[2025-08-13T15:36:40.230+0000][6][safepoint   ] Safepoint "ICBufferFull", Time since last: 796705387 ns, Reaching safepoint: 227579 ns, At safepoint: 7853 ns, Total: 235432 ns
[2025-08-13T15:36:41.396+0000][6][safepoint   ] Safepoint "ICBufferFull", Time since last: 1165759317 ns, Reaching safepoint: 276123 ns, At safepoint: 4980 ns, Total: 281103 ns
[2025-08-13T15:36:41.898+0000][6][gc,start    ] GC(0) Pause Young (Normal) (G1 Evacuation Pause)
[2025-08-13T15:36:41.899+0000][6][gc,task     ] GC(0) Using 2 workers of 2 for evacuation
[2025-08-13T15:36:41.899+0000][6][gc,age      ] GC(0) Desired survivor size 3670016 bytes, new threshold 15 (max threshold 15)
[2025-08-13T15:36:41.916+0000][6][gc,age      ] GC(0) Age table with threshold 15 (max threshold 15)
[2025-08-13T15:36:41.916+0000][6][gc,age      ] GC(0) - age   1:    6008248 bytes,    6008248 total
[2025-08-13T15:36:41.916+0000][6][gc,phases   ] GC(0)   Pre Evacuate Collection Set: 0.3ms
[2025-08-13T15:36:41.916+0000][6][gc,phases   ] GC(0)   Merge Heap Roots: 0.1ms
[2025-08-13T15:36:41.916+0000][6][gc,phases   ] GC(0)   Evacuate Collection Set: 15.8ms
[2025-08-13T15:36:41.916+0000][6][gc,phases   ] GC(0)   Post Evacuate Collection Set: 0.9ms
[2025-08-13T15:36:41.916+0000][6][gc,phases   ] GC(0)   Other: 0.6ms
[2025-08-13T15:36:41.916+0000][6][gc,heap     ] GC(0) Eden regions: 51->0(45)
[2025-08-13T15:36:41.916+0000][6][gc,heap     ] GC(0) Survivor regions: 0->6(7)
[2025-08-13T15:36:41.916+0000][6][gc,heap     ] GC(0) Old regions: 0->0
[2025-08-13T15:36:41.916+0000][6][gc,heap     ] GC(0) Archive regions: 2->2
[2025-08-13T15:36:41.916+0000][6][gc,heap     ] GC(0) Humongous regions: 1->1
[2025-08-13T15:36:41.916+0000][6][gc,metaspace] GC(0) Metaspace: 13527K(14080K)->13527K(14080K) NonClass: 11925K(12288K)->11925K(12288K) Class: 1602K(1792K)->1602K(1792K)
[2025-08-13T15:36:41.916+0000][6][gc          ] GC(0) Pause Young (Normal) (G1 Evacuation Pause) 52M->7M(1024M) 17.745ms
[2025-08-13T15:36:41.916+0000][6][gc,cpu      ] GC(0) User=0.03s Sys=0.00s Real=0.02s
[2025-08-13T15:36:41.916+0000][6][safepoint   ] Safepoint "G1CollectForAllocation", Time since last: 502145315 ns, Reaching safepoint: 304554 ns, At safepoint: 17845710 ns, Total: 18150264 ns
[2025-08-13T15:36:42.418+0000][6][gc,start    ] GC(1) Pause Young (Normal) (G1 Evacuation Pause)
[2025-08-13T15:36:42.418+0000][6][gc,task     ] GC(1) Using 2 workers of 2 for evacuation
[2025-08-13T15:36:42.418+0000][6][gc,age      ] GC(1) Desired survivor size 3670016 bytes, new threshold 1 (max threshold 15)
[2025-08-13T15:36:42.429+0000][6][gc,age      ] GC(1) Age table with threshold 1 (max threshold 15)
[2025-08-13T15:36:42.429+0000][6][gc,age      ] GC(1) - age   1:    1008120 bytes,    1008120 total
[2025-08-13T15:36:42.429+0000][6][gc,phases   ] GC(1)   Pre Evacuate Collection Set: 0.2ms
[2025-08-13T15:36:42.429+0000][6][gc,phases   ] GC(1)   Merge Heap Roots: 0.1ms
[2025-08-13T15:36:42.429+0000][6][gc,phases   ] GC(1)   Evacuate Collection Set: 10.6ms
[2025-08-13T15:36:42.429+0000][6][gc,phases   ] GC(1)   Post Evacuate Collection Set: 0.6ms
[2025-08-13T15:36:42.429+0000][6][gc,phases   ] GC(1)   Other: 0.3ms
[2025-08-13T15:36:42.429+0000][6][gc,heap     ] GC(1) Eden regions: 45->0(50)
[2025-08-13T15:36:42.429+0000][6][gc,heap     ] GC(1) Survivor regions: 6->1(7)
[2025-08-13T15:36:42.429+0000][6][gc,heap     ] GC(1) Old regions: 0->6
[2025-08-13T15:36:42.429+0000][6][gc,heap     ] GC(1) Archive regions: 2->2
[2025-08-13T15:36:42.429+0000][6][gc,heap     ] GC(1) Humongous regions: 1->1
[2025-08-13T15:36:42.430+0000][6][gc,metaspace] GC(1) Metaspace: 14547K(14976K)->14547K(14976K) NonClass: 12853K(13056K)->12853K(13056K) Class: 1694K(1920K)->1694K(1920K)
[2025-08-13T15:36:42.430+0000][6][gc          ] GC(1) Pause Young (Normal) (G1 Evacuation Pause) 52M->8M(1024M) 11.873ms
[2025-08-13T15:36:42.430+0000][6][gc,cpu      ] GC(1) User=0.02s Sys=0.00s Real=0.01s
[2025-08-13T15:36:42.430+0000][6][safepoint   ] Safepoint "G1CollectForAllocation", Time since last: 500948806 ns, Reaching safepoint: 408619 ns, At safepoint: 11948869 ns, Total: 12357488 ns
[2025-08-13T15:36:42.505+0000][6][safepoint   ] Safepoint "ICBufferFull", Time since last: 75090543 ns, Reaching safepoint: 90273 ns, At safepoint: 4044 ns, Total: 94317 ns
[2025-08-13T15:36:42.509+0000][6][safepoint   ] Safepoint "ICBufferFull", Time since last: 4400816 ns, Reaching safepoint: 108760 ns, At safepoint: 10425 ns, Total: 119185 ns
[2025-08-13T15:36:42.514+0000][6][safepoint   ] Safepoint "ICBufferFull", Time since last: 4577175 ns, Reaching safepoint: 182778 ns, At safepoint: 22577 ns, Total: 205355 ns
[2025-08-13T15:36:42.518+0000][6][safepoint   ] Safepoint "ICBufferFull", Time since last: 3979934 ns, Reaching safepoint: 86193 ns, At safepoint: 3871 ns, Total: 90064 ns
[2025-08-13T15:36:42.522+0000][6][safepoint   ] Safepoint "ICBufferFull", Time since last: 3932116 ns, Reaching safepoint: 250896 ns, At safepoint: 6646 ns, Total: 257542 ns
[2025-08-13T15:36:42.526+0000][6][safepoint   ] Safepoint "ICBufferFull", Time since last: 3740636 ns, Reaching safepoint: 71728 ns, At safepoint: 4513 ns, Total: 76241 ns
[2025-08-13T15:36:42.529+0000][6][safepoint   ] Safepoint "ICBufferFull", Time since last: 3212428 ns, Reaching safepoint: 93610 ns, At safepoint: 4225 ns, Total: 97835 ns
[2025-08-13T15:36:42.533+0000][6][safepoint   ] Safepoint "ICBufferFull", Time since last: 3706088 ns, Reaching safepoint: 82116 ns, At safepoint: 3570 ns, Total: 85686 ns
[2025-08-13T15:36:42.538+0000][6][safepoint   ] Safepoint "ICBufferFull", Time since last: 5030363 ns, Reaching safepoint: 192712 ns, At safepoint: 5068 ns, Total: 197780 ns
[2025-08-13T15:36:42.544+0000][6][safepoint   ] Safepoint "ICBufferFull", Time since last: 5020430 ns, Reaching safepoint: 97882 ns, At safepoint: 22194 ns, Total: 120076 ns
[2025-08-13T15:36:42.548+0000][6][safepoint   ] Safepoint "ICBufferFull", Time since last: 4372768 ns, Reaching safepoint: 96945 ns, At safepoint: 8717 ns, Total: 105662 ns
[2025-08-13T15:36:42.554+0000][6][safepoint   ] Safepoint "ICBufferFull", Time since last: 5521594 ns, Reaching safepoint: 146091 ns, At safepoint: 10198 ns, Total: 156289 ns
[2025-08-13T15:36:42.559+0000][6][safepoint   ] Safepoint "ICBufferFull", Time since last: 4773177 ns, Reaching safepoint: 74079 ns, At safepoint: 7647 ns, Total: 81726 ns
[2025-08-13T15:36:42.566+0000][6][safepoint   ] Safepoint "ICBufferFull", Time since last: 7165555 ns, Reaching safepoint: 75066 ns, At safepoint: 7806 ns, Total: 82872 ns
[2025-08-13T15:36:42.570+0000][6][safepoint   ] Safepoint "ICBufferFull", Time since last: 3965335 ns, Reaching safepoint: 161649 ns, At safepoint: 10555 ns, Total: 172204 ns
[2025-08-13T15:36:42.574+0000][6][safepoint   ] Safepoint "ICBufferFull", Time since last: 3764844 ns, Reaching safepoint: 79142 ns, At safepoint: 7600 ns, Total: 86742 ns
[2025-08-13T15:36:42.578+0000][6][safepoint   ] Safepoint "ICBufferFull", Time since last: 3832028 ns, Reaching safepoint: 70344 ns, At safepoint: 8763 ns, Total: 79107 ns
[2025-08-13T15:36:42.583+0000][6][safepoint   ] Safepoint "ICBufferFull", Time since last: 5268795 ns, Reaching safepoint: 74322 ns, At safepoint: 8078 ns, Total: 82400 ns
[2025-08-13T15:36:42.592+0000][6][safepoint   ] Safepoint "ICBufferFull", Time since last: 8471806 ns, Reaching safepoint: 111970 ns, At safepoint: 28532 ns, Total: 140502 ns
[2025-08-13T15:36:42.593+0000][6][safepoint   ] Safepoint "ICBufferFull", Time since last: 1249637 ns, Reaching safepoint: 71697 ns, At safepoint: 6187 ns, Total: 77884 ns
[2025-08-13T15:36:42.594+0000][6][safepoint   ] Safepoint "ICBufferFull", Time since last: 1283959 ns, Reaching safepoint: 115140 ns, At safepoint: 7381 ns, Total: 122521 ns
[2025-08-13T15:36:42.596+0000][6][safepoint   ] Safepoint "ICBufferFull", Time since last: 1282883 ns, Reaching safepoint: 59274 ns, At safepoint: 9514 ns, Total: 68788 ns
[2025-08-13T15:36:42.597+0000][6][safepoint   ] Safepoint "ICBufferFull", Time since last: 1448572 ns, Reaching safepoint: 192105 ns, At safepoint: 19461 ns, Total: 211566 ns
[2025-08-13T15:36:42.599+0000][6][safepoint   ] Safepoint "ICBufferFull", Time since last: 1313519 ns, Reaching safepoint: 63698 ns, At safepoint: 19792 ns, Total: 83490 ns
[2025-08-13T15:36:42.600+0000][6][safepoint   ] Safepoint "ICBufferFull", Time since last: 1228662 ns, Reaching safepoint: 165754 ns, At safepoint: 72027 ns, Total: 237781 ns
[2025-08-13T15:36:42.602+0000][6][safepoint   ] Safepoint "ICBufferFull", Time since last: 1606581 ns, Reaching safepoint: 51386 ns, At safepoint: 2929 ns, Total: 54315 ns
[2025-08-13T15:36:42.604+0000][6][safepoint   ] Safepoint "ICBufferFull", Time since last: 1410685 ns, Reaching safepoint: 169781 ns, At safepoint: 18062 ns, Total: 187843 ns
[2025-08-13T15:36:42.605+0000][6][safepoint   ] Safepoint "ICBufferFull", Time since last: 1266075 ns, Reaching safepoint: 164206 ns, At safepoint: 17704 ns, Total: 181910 ns
[2025-08-13T15:36:42.607+0000][6][safepoint   ] Safepoint "ICBufferFull", Time since last: 1401236 ns, Reaching safepoint: 57121 ns, At safepoint: 18181 ns, Total: 75302 ns
[2025-08-13T15:36:42.609+0000][6][safepoint   ] Safepoint "ICBufferFull", Time since last: 2530034 ns, Reaching safepoint: 47189 ns, At safepoint: 2699 ns, Total: 49888 ns
[2025-08-13T15:36:42.610+0000][6][safepoint   ] Safepoint "ICBufferFull", Time since last: 1231916 ns, Reaching safepoint: 122919 ns, At safepoint: 18365 ns, Total: 141284 ns
[2025-08-13T15:36:42.613+0000][6][safepoint   ] Safepoint "ICBufferFull", Time since last: 2103878 ns, Reaching safepoint: 54702 ns, At safepoint: 2809 ns, Total: 57511 ns
[2025-08-13T15:36:42.614+0000][6][safepoint   ] Safepoint "ICBufferFull", Time since last: 1313398 ns, Reaching safepoint: 150718 ns, At safepoint: 17610 ns, Total: 168328 ns
[2025-08-13T15:36:42.615+0000][6][safepoint   ] Safepoint "ICBufferFull", Time since last: 1173799 ns, Reaching safepoint: 172421 ns, At safepoint: 16857 ns, Total: 189278 ns
[2025-08-13T15:36:42.617+0000][6][safepoint   ] Safepoint "ICBufferFull", Time since last: 1331391 ns, Reaching safepoint: 151898 ns, At safepoint: 18341 ns, Total: 170239 ns
[2025-08-13T15:36:42.618+0000][6][safepoint   ] Safepoint "ICBufferFull", Time since last: 1399618 ns, Reaching safepoint: 55512 ns, At safepoint: 19845 ns, Total: 75357 ns
[2025-08-13T15:36:42.628+0000][6][safepoint   ] Safepoint "ICBufferFull", Time since last: 9256890 ns, Reaching safepoint: 160614 ns, At safepoint: 24578 ns, Total: 185192 ns
[2025-08-13T15:36:42.792+0000][6][gc,start    ] GC(2) Pause Young (Normal) (G1 Evacuation Pause)
[2025-08-13T15:36:42.792+0000][6][gc,task     ] GC(2) Using 2 workers of 2 for evacuation
[2025-08-13T15:36:42.792+0000][6][gc,age      ] GC(2) Desired survivor size 3670016 bytes, new threshold 15 (max threshold 15)
[2025-08-13T15:36:42.798+0000][6][gc,age      ] GC(2) Age table with threshold 15 (max threshold 15)
[2025-08-13T15:36:42.798+0000][6][gc,age      ] GC(2) - age   1:    2914696 bytes,    2914696 total
[2025-08-13T15:36:42.798+0000][6][gc,age      ] GC(2) - age   2:     999336 bytes,    3914032 total
[2025-08-13T15:36:42.798+0000][6][gc,phases   ] GC(2)   Pre Evacuate Collection Set: 0.2ms
[2025-08-13T15:36:42.798+0000][6][gc,phases   ] GC(2)   Merge Heap Roots: 0.1ms
[2025-08-13T15:36:42.798+0000][6][gc,phases   ] GC(2)   Evacuate Collection Set: 5.1ms
[2025-08-13T15:36:42.798+0000][6][gc,phases   ] GC(2)   Post Evacuate Collection Set: 0.4ms
[2025-08-13T15:36:42.798+0000][6][gc,phases   ] GC(2)   Other: 0.2ms
[2025-08-13T15:36:42.798+0000][6][gc,heap     ] GC(2) Eden regions: 50->0(54)
[2025-08-13T15:36:42.798+0000][6][gc,heap     ] GC(2) Survivor regions: 1->4(7)
[2025-08-13T15:36:42.798+0000][6][gc,heap     ] GC(2) Old regions: 6->6
[2025-08-13T15:36:42.798+0000][6][gc,heap     ] GC(2) Archive regions: 2->2
[2025-08-13T15:36:42.798+0000][6][gc,heap     ] GC(2) Humongous regions: 2->1
[2025-08-13T15:36:42.798+0000][6][gc,metaspace] GC(2) Metaspace: 16054K(16384K)->16054K(16384K) NonClass: 14123K(14336K)->14123K(14336K) Class: 1930K(2048K)->1930K(2048K)
[2025-08-13T15:36:42.798+0000][6][gc          ] GC(2) Pause Young (Normal) (G1 Evacuation Pause) 59M->11M(1024M) 6.058ms
[2025-08-13T15:36:42.798+0000][6][gc,cpu      ] GC(2) User=0.01s Sys=0.00s Real=0.01s
[2025-08-13T15:36:42.798+0000][6][safepoint   ] Safepoint "G1CollectForAllocation", Time since last: 163789982 ns, Reaching safepoint: 224789 ns, At safepoint: 6136905 ns, Total: 6361694 ns
[2025-08-13T15:36:43.103+0000][6][gc,start    ] GC(3) Pause Young (Normal) (G1 Evacuation Pause)
[2025-08-13T15:36:43.103+0000][6][gc,task     ] GC(3) Using 2 workers of 2 for evacuation
[2025-08-13T15:36:43.103+0000][6][gc,age      ] GC(3) Desired survivor size 4194304 bytes, new threshold 15 (max threshold 15)
[2025-08-13T15:36:43.109+0000][6][gc,age      ] GC(3) Age table with threshold 15 (max threshold 15)
[2025-08-13T15:36:43.109+0000][6][gc,age      ] GC(3) - age   1:    1409880 bytes,    1409880 total
[2025-08-13T15:36:43.109+0000][6][gc,age      ] GC(3) - age   2:    1312016 bytes,    2721896 total
[2025-08-13T15:36:43.109+0000][6][gc,age      ] GC(3) - age   3:     999176 bytes,    3721072 total
[2025-08-13T15:36:43.109+0000][6][gc,phases   ] GC(3)   Pre Evacuate Collection Set: 0.3ms
[2025-08-13T15:36:43.109+0000][6][gc,phases   ] GC(3)   Merge Heap Roots: 0.1ms
[2025-08-13T15:36:43.109+0000][6][gc,phases   ] GC(3)   Evacuate Collection Set: 5.7ms
[2025-08-13T15:36:43.109+0000][6][gc,phases   ] GC(3)   Post Evacuate Collection Set: 0.5ms
[2025-08-13T15:36:43.109+0000][6][gc,phases   ] GC(3)   Other: 0.3ms
[2025-08-13T15:36:43.109+0000][6][gc,heap     ] GC(3) Eden regions: 54->0(610)
[2025-08-13T15:36:43.109+0000][6][gc,heap     ] GC(3) Survivor regions: 4->4(8)
[2025-08-13T15:36:43.109+0000][6][gc,heap     ] GC(3) Old regions: 6->6
[2025-08-13T15:36:43.109+0000][6][gc,heap     ] GC(3) Archive regions: 2->2
[2025-08-13T15:36:43.109+0000][6][gc,heap     ] GC(3) Humongous regions: 1->1
[2025-08-13T15:36:43.109+0000][6][gc,metaspace] GC(3) Metaspace: 17442K(17920K)->17442K(17920K) NonClass: 15345K(15616K)->15345K(15616K) Class: 2096K(2304K)->2096K(2304K)
[2025-08-13T15:36:43.110+0000][6][gc          ] GC(3) Pause Young (Normal) (G1 Evacuation Pause) 65M->11M(1024M) 7.019ms
[2025-08-13T15:36:43.110+0000][6][gc,cpu      ] GC(3) User=0.01s Sys=0.01s Real=0.01s
[2025-08-13T15:36:43.110+0000][6][safepoint   ] Safepoint "G1CollectForAllocation", Time since last: 304265322 ns, Reaching safepoint: 158523 ns, At safepoint: 7179493 ns, Total: 7338016 ns
[2025-08-13T15:36:44.424+0000][6][safepoint   ] Safepoint "Cleanup", Time since last: 1313922078 ns, Reaching safepoint: 231128 ns, At safepoint: 5190 ns, Total: 236318 ns
[2025-08-13T15:36:44.667+0000][6][gc,start    ] GC(4) Pause Young (Normal) (G1 Evacuation Pause)
[2025-08-13T15:36:44.667+0000][6][gc,task     ] GC(4) Using 2 workers of 2 for evacuation
[2025-08-13T15:36:44.667+0000][6][gc,age      ] GC(4) Desired survivor size 40370176 bytes, new threshold 15 (max threshold 15)
[2025-08-13T15:36:44.687+0000][6][gc,age      ] GC(4) Age table with threshold 15 (max threshold 15)
[2025-08-13T15:36:44.687+0000][6][gc,age      ] GC(4) - age   1:    4762216 bytes,    4762216 total
[2025-08-13T15:36:44.687+0000][6][gc,age      ] GC(4) - age   2:    1363144 bytes,    6125360 total
[2025-08-13T15:36:44.687+0000][6][gc,age      ] GC(4) - age   3:    1311672 bytes,    7437032 total
[2025-08-13T15:36:44.687+0000][6][gc,age      ] GC(4) - age   4:     998976 bytes,    8436008 total
[2025-08-13T15:36:44.687+0000][6][gc,phases   ] GC(4)   Pre Evacuate Collection Set: 0.3ms
[2025-08-13T15:36:44.687+0000][6][gc,phases   ] GC(4)   Merge Heap Roots: 0.1ms
[2025-08-13T15:36:44.687+0000][6][gc,phases   ] GC(4)   Evacuate Collection Set: 17.7ms
[2025-08-13T15:36:44.687+0000][6][gc,phases   ] GC(4)   Post Evacuate Collection Set: 1.6ms
[2025-08-13T15:36:44.687+0000][6][gc,phases   ] GC(4)   Other: 0.5ms
[2025-08-13T15:36:44.687+0000][6][gc,heap     ] GC(4) Eden regions: 610->0(505)
[2025-08-13T15:36:44.687+0000][6][gc,heap     ] GC(4) Survivor regions: 4->9(77)
[2025-08-13T15:36:44.687+0000][6][gc,heap     ] GC(4) Old regions: 6->6
[2025-08-13T15:36:44.687+0000][6][gc,heap     ] GC(4) Archive regions: 2->2
[2025-08-13T15:36:44.687+0000][6][gc,heap     ] GC(4) Humongous regions: 1->1
[2025-08-13T15:36:44.687+0000][6][gc,metaspace] GC(4) Metaspace: 18935K(19968K)->18935K(19968K) NonClass: 16642K(17408K)->16642K(17408K) Class: 2292K(2560K)->2292K(2560K)
[2025-08-13T15:36:44.687+0000][6][gc          ] GC(4) Pause Young (Normal) (G1 Evacuation Pause) 621M->15M(1024M) 20.263ms
[2025-08-13T15:36:44.688+0000][6][gc,cpu      ] GC(4) User=0.04s Sys=0.00s Real=0.02s
[2025-08-13T15:36:44.688+0000][6][safepoint   ] Safepoint "G1CollectForAllocation", Time since last: 243286832 ns, Reaching safepoint: 82536 ns, At safepoint: 20347751 ns, Total: 20430287 ns
[2025-08-13T15:36:45.670+0000][6][gc,start    ] GC(5) Pause Young (Normal) (G1 Evacuation Pause)
[2025-08-13T15:36:45.670+0000][6][gc,task     ] GC(5) Using 2 workers of 2 for evacuation
[2025-08-13T15:36:45.670+0000][6][gc,age      ] GC(5) Desired survivor size 34078720 bytes, new threshold 15 (max threshold 15)
[2025-08-13T15:36:45.695+0000][6][gc,age      ] GC(5) Age table with threshold 15 (max threshold 15)
[2025-08-13T15:36:45.695+0000][6][gc,age      ] GC(5) - age   1:    3858768 bytes,    3858768 total
[2025-08-13T15:36:45.695+0000][6][gc,age      ] GC(5) - age   2:    4720832 bytes,    8579600 total
[2025-08-13T15:36:45.695+0000][6][gc,age      ] GC(5) - age   3:    1363016 bytes,    9942616 total
[2025-08-13T15:36:45.695+0000][6][gc,age      ] GC(5) - age   4:    1311672 bytes,   11254288 total
[2025-08-13T15:36:45.695+0000][6][gc,age      ] GC(5) - age   5:     998960 bytes,   12253248 total
[2025-08-13T15:36:45.695+0000][6][gc,phases   ] GC(5)   Pre Evacuate Collection Set: 0.2ms
[2025-08-13T15:36:45.695+0000][6][gc,phases   ] GC(5)   Merge Heap Roots: 0.1ms
[2025-08-13T15:36:45.695+0000][6][gc,phases   ] GC(5)   Evacuate Collection Set: 23.5ms
[2025-08-13T15:36:45.695+0000][6][gc,phases   ] GC(5)   Post Evacuate Collection Set: 1.4ms
[2025-08-13T15:36:45.696+0000][6][gc,phases   ] GC(5)   Other: 0.3ms
[2025-08-13T15:36:45.696+0000][6][gc,heap     ] GC(5) Eden regions: 505->0(557)
[2025-08-13T15:36:45.696+0000][6][gc,heap     ] GC(5) Survivor regions: 9->13(65)
[2025-08-13T15:36:45.696+0000][6][gc,heap     ] GC(5) Old regions: 6->6
[2025-08-13T15:36:45.696+0000][6][gc,heap     ] GC(5) Archive regions: 2->2
[2025-08-13T15:36:45.696+0000][6][gc,heap     ] GC(5) Humongous regions: 1->1
[2025-08-13T15:36:45.696+0000][6][gc,metaspace] GC(5) Metaspace: 19628K(20864K)->19628K(20864K) NonClass: 17228K(18176K)->17228K(18176K) Class: 2400K(2688K)->2400K(2688K)
[2025-08-13T15:36:45.696+0000][6][gc          ] GC(5) Pause Young (Normal) (G1 Evacuation Pause) 520M->19M(1024M) 25.819ms
[2025-08-13T15:36:45.696+0000][6][gc,cpu      ] GC(5) User=0.05s Sys=0.00s Real=0.03s
[2025-08-13T15:36:45.696+0000][6][safepoint   ] Safepoint "G1CollectForAllocation", Time since last: 982016615 ns, Reaching safepoint: 287429 ns, At safepoint: 25908362 ns, Total: 26195791 ns
[2025-08-13T15:36:46.454+0000][6][gc,start    ] GC(6) Pause Young (Concurrent Start) (Metadata GC Threshold)
[2025-08-13T15:36:46.454+0000][6][gc,task     ] GC(6) Using 2 workers of 2 for evacuation
[2025-08-13T15:36:46.454+0000][6][gc,age      ] GC(6) Desired survivor size 37748736 bytes, new threshold 15 (max threshold 15)
[2025-08-13T15:36:46.467+0000][6][gc,age      ] GC(6) Age table with threshold 15 (max threshold 15)
[2025-08-13T15:36:46.467+0000][6][gc,age      ] GC(6) - age   1:     997200 bytes,     997200 total
[2025-08-13T15:36:46.467+0000][6][gc,age      ] GC(6) - age   2:    2369216 bytes,    3366416 total
[2025-08-13T15:36:46.467+0000][6][gc,age      ] GC(6) - age   3:    4702528 bytes,    8068944 total
[2025-08-13T15:36:46.467+0000][6][gc,age      ] GC(6) - age   4:    1361816 bytes,    9430760 total
[2025-08-13T15:36:46.467+0000][6][gc,age      ] GC(6) - age   5:    1310360 bytes,   10741120 total
[2025-08-13T15:36:46.467+0000][6][gc,age      ] GC(6) - age   6:     978704 bytes,   11719824 total
[2025-08-13T15:36:46.467+0000][6][gc,phases   ] GC(6)   Pre Evacuate Collection Set: 0.3ms
[2025-08-13T15:36:46.467+0000][6][gc,phases   ] GC(6)   Merge Heap Roots: 0.1ms
[2025-08-13T15:36:46.467+0000][6][gc,phases   ] GC(6)   Evacuate Collection Set: 11.1ms
[2025-08-13T15:36:46.467+0000][6][gc,phases   ] GC(6)   Post Evacuate Collection Set: 0.9ms
[2025-08-13T15:36:46.467+0000][6][gc,phases   ] GC(6)   Other: 0.4ms
[2025-08-13T15:36:46.467+0000][6][gc,heap     ] GC(6) Eden regions: 374->0(602)
[2025-08-13T15:36:46.467+0000][6][gc,heap     ] GC(6) Survivor regions: 13->12(72)
[2025-08-13T15:36:46.467+0000][6][gc,heap     ] GC(6) Old regions: 6->6
[2025-08-13T15:36:46.467+0000][6][gc,heap     ] GC(6) Archive regions: 2->2
[2025-08-13T15:36:46.467+0000][6][gc,heap     ] GC(6) Humongous regions: 1->1
[2025-08-13T15:36:46.467+0000][6][gc,metaspace] GC(6) Metaspace: 20034K(21296K)->20034K(21296K) NonClass: 17558K(18608K)->17558K(18608K) Class: 2475K(2688K)->2475K(2688K)
[2025-08-13T15:36:46.467+0000][6][gc          ] GC(6) Pause Young (Concurrent Start) (Metadata GC Threshold) 393M->19M(1024M) 12.992ms
[2025-08-13T15:36:46.467+0000][6][gc,cpu      ] GC(6) User=0.02s Sys=0.00s Real=0.02s
[2025-08-13T15:36:46.467+0000][6][gc          ] GC(7) Concurrent Cycle
[2025-08-13T15:36:46.467+0000][6][gc,marking  ] GC(7) Concurrent Clear Claimed Marks
[2025-08-13T15:36:46.467+0000][6][gc,marking  ] GC(7) Concurrent Clear Claimed Marks 0.047ms
[2025-08-13T15:36:46.467+0000][6][gc,marking  ] GC(7) Concurrent Scan Root Regions
[2025-08-13T15:36:46.468+0000][6][safepoint   ] Safepoint "CollectForMetadataAllocation", Time since last: 758135259 ns, Reaching safepoint: 148782 ns, At safepoint: 13641635 ns, Total: 13790417 ns
[2025-08-13T15:36:46.480+0000][6][gc,marking  ] GC(7) Concurrent Scan Root Regions 12.536ms
[2025-08-13T15:36:46.480+0000][6][gc,marking  ] GC(7) Concurrent Mark (10.486s)
[2025-08-13T15:36:46.480+0000][6][gc,marking  ] GC(7) Concurrent Mark From Roots
[2025-08-13T15:36:46.480+0000][6][gc,task     ] GC(7) Using 1 workers of 1 for marking
[2025-08-13T15:36:46.519+0000][6][safepoint   ] Safepoint "CollectForMetadataAllocation", Time since last: 49863176 ns, Reaching safepoint: 350202 ns, At safepoint: 1371138 ns, Total: 1721340 ns
[2025-08-13T15:36:46.520+0000][6][gc,marking  ] GC(7) Concurrent Mark From Roots 39.715ms
[2025-08-13T15:36:46.520+0000][6][gc,marking  ] GC(7) Concurrent Preclean
[2025-08-13T15:36:46.520+0000][6][gc,marking  ] GC(7) Concurrent Preclean 0.120ms
[2025-08-13T15:36:46.520+0000][6][gc,marking  ] GC(7) Concurrent Mark (10.486s, 10.526s) 39.917ms
[2025-08-13T15:36:46.521+0000][6][gc,start    ] GC(7) Pause Remark
[2025-08-13T15:36:46.526+0000][6][gc          ] GC(7) Pause Remark 21M->21M(1024M) 4.578ms
[2025-08-13T15:36:46.526+0000][6][gc,cpu      ] GC(7) User=0.00s Sys=0.00s Real=0.01s
[2025-08-13T15:36:46.526+0000][6][safepoint   ] Safepoint "G1Concurrent", Time since last: 1975142 ns, Reaching safepoint: 65264 ns, At safepoint: 4698474 ns, Total: 4763738 ns
[2025-08-13T15:36:46.526+0000][6][gc,marking  ] GC(7) Concurrent Rebuild Remembered Sets
[2025-08-13T15:36:46.536+0000][6][gc,marking  ] GC(7) Concurrent Rebuild Remembered Sets 9.175ms
[2025-08-13T15:36:46.536+0000][6][gc,start    ] GC(7) Pause Cleanup
[2025-08-13T15:36:46.537+0000][6][gc          ] GC(7) Pause Cleanup 21M->21M(1024M) 0.243ms
[2025-08-13T15:36:46.537+0000][6][gc,cpu      ] GC(7) User=0.00s Sys=0.00s Real=0.00s
[2025-08-13T15:36:46.537+0000][6][safepoint   ] Safepoint "G1Concurrent", Time since last: 9728965 ns, Reaching safepoint: 542346 ns, At safepoint: 341217 ns, Total: 883563 ns
[2025-08-13T15:36:46.537+0000][6][gc,marking  ] GC(7) Concurrent Cleanup for Next Mark
[2025-08-13T15:36:46.540+0000][6][gc,marking  ] GC(7) Concurrent Cleanup for Next Mark 3.137ms
[2025-08-13T15:36:46.540+0000][6][gc          ] GC(7) Concurrent Cycle 72.718ms
[2025-08-13T15:36:47.557+0000][6][safepoint   ] Safepoint "ICBufferFull", Time since last: 1020413764 ns, Reaching safepoint: 394380 ns, At safepoint: 13281 ns, Total: 407661 ns
[2025-08-13T15:36:48.561+0000][6][safepoint   ] Safepoint "Cleanup", Time since last: 1003144873 ns, Reaching safepoint: 290895 ns, At safepoint: 11398 ns, Total: 302293 ns
[2025-08-13T15:36:49.563+0000][6][safepoint   ] Safepoint "Cleanup", Time since last: 1000134581 ns, Reaching safepoint: 201611 ns, At safepoint: 2189129 ns, Total: 2390740 ns
[2025-08-13T15:36:50.566+0000][6][safepoint   ] Safepoint "Cleanup", Time since last: 1001012271 ns, Reaching safepoint: 391444 ns, At safepoint: 1607048 ns, Total: 1998492 ns
[2025-08-13T15:36:51.568+0000][6][safepoint   ] Safepoint "Cleanup", Time since last: 1000989439 ns, Reaching safepoint: 224461 ns, At safepoint: 6035 ns, Total: 230496 ns
[2025-08-13T15:36:51.761+0000][6][gc,start    ] GC(8) Pause Young (Concurrent Start) (Metadata GC Threshold)
[2025-08-13T15:36:51.762+0000][6][gc,task     ] GC(8) Using 2 workers of 2 for evacuation
[2025-08-13T15:36:51.762+0000][6][gc,age      ] GC(8) Desired survivor size 40370176 bytes, new threshold 15 (max threshold 15)
[2025-08-13T15:36:51.915+0000][6][gc,age      ] GC(8) Age table with threshold 15 (max threshold 15)
[2025-08-13T15:36:51.915+0000][6][gc,age      ] GC(8) - age   1:   31929680 bytes,   31929680 total
[2025-08-13T15:36:51.915+0000][6][gc,age      ] GC(8) - age   2:     973952 bytes,   32903632 total
[2025-08-13T15:36:51.915+0000][6][gc,age      ] GC(8) - age   3:    2365960 bytes,   35269592 total
[2025-08-13T15:36:51.915+0000][6][gc,age      ] GC(8) - age   4:    4678992 bytes,   39948584 total
[2025-08-13T15:36:51.915+0000][6][gc,age      ] GC(8) - age   5:    1359400 bytes,   41307984 total
[2025-08-13T15:36:51.915+0000][6][gc,age      ] GC(8) - age   6:    1287280 bytes,   42595264 total
[2025-08-13T15:36:51.915+0000][6][gc,age      ] GC(8) - age   7:     951760 bytes,   43547024 total
[2025-08-13T15:36:51.915+0000][6][gc,phases   ] GC(8)   Pre Evacuate Collection Set: 0.4ms
[2025-08-13T15:36:51.915+0000][6][gc,phases   ] GC(8)   Merge Heap Roots: 0.2ms
[2025-08-13T15:36:51.915+0000][6][gc,phases   ] GC(8)   Evacuate Collection Set: 151.2ms
[2025-08-13T15:36:51.915+0000][6][gc,phases   ] GC(8)   Post Evacuate Collection Set: 1.8ms
[2025-08-13T15:36:51.916+0000][6][gc,phases   ] GC(8)   Other: 0.4ms
[2025-08-13T15:36:51.916+0000][6][gc,heap     ] GC(8) Eden regions: 357->0(281)
[2025-08-13T15:36:51.916+0000][6][gc,heap     ] GC(8) Survivor regions: 12->43(77)
[2025-08-13T15:36:51.916+0000][6][gc,heap     ] GC(8) Old regions: 6->6
[2025-08-13T15:36:51.916+0000][6][gc,heap     ] GC(8) Archive regions: 2->2
[2025-08-13T15:36:51.916+0000][6][gc,heap     ] GC(8) Humongous regions: 1->1
[2025-08-13T15:36:51.916+0000][6][gc,metaspace] GC(8) Metaspace: 34304K(36476K)->34304K(36476K) NonClass: 29901K(31484K)->29901K(31484K) Class: 4403K(4992K)->4403K(4992K)
[2025-08-13T15:36:51.916+0000][6][gc          ] GC(8) Pause Young (Concurrent Start) (Metadata GC Threshold) 376M->49M(1024M) 154.155ms
[2025-08-13T15:36:51.916+0000][6][gc,cpu      ] GC(8) User=0.17s Sys=0.00s Real=0.16s
[2025-08-13T15:36:51.916+0000][6][gc          ] GC(9) Concurrent Cycle
[2025-08-13T15:36:51.916+0000][6][gc,marking  ] GC(9) Concurrent Clear Claimed Marks
[2025-08-13T15:36:51.916+0000][6][gc,marking  ] GC(9) Concurrent Clear Claimed Marks 0.083ms
[2025-08-13T15:36:51.916+0000][6][gc,marking  ] GC(9) Concurrent Scan Root Regions
[2025-08-13T15:36:51.916+0000][6][safepoint   ] Safepoint "CollectForMetadataAllocation", Time since last: 193604270 ns, Reaching safepoint: 179666 ns, At safepoint: 154714037 ns, Total: 154893703 ns
[2025-08-13T15:36:51.985+0000][6][gc,marking  ] GC(9) Concurrent Scan Root Regions 68.959ms
[2025-08-13T15:36:51.985+0000][6][gc,marking  ] GC(9) Concurrent Mark (15.991s)
[2025-08-13T15:36:51.985+0000][6][gc,marking  ] GC(9) Concurrent Mark From Roots
[2025-08-13T15:36:51.985+0000][6][gc,task     ] GC(9) Using 1 workers of 1 for marking
[2025-08-13T15:36:52.035+0000][6][gc,marking  ] GC(9) Concurrent Mark From Roots 50.569ms
[2025-08-13T15:36:52.035+0000][6][gc,marking  ] GC(9) Concurrent Preclean
[2025-08-13T15:36:52.036+0000][6][gc,marking  ] GC(9) Concurrent Preclean 0.122ms
[2025-08-13T15:36:52.036+0000][6][gc,marking  ] GC(9) Concurrent Mark (15.991s, 16.042s) 50.785ms
[2025-08-13T15:36:52.048+0000][6][gc,start    ] GC(9) Pause Remark
[2025-08-13T15:36:52.063+0000][6][gc          ] GC(9) Pause Remark 50M->50M(1024M) 15.693ms
[2025-08-13T15:36:52.063+0000][6][gc,cpu      ] GC(9) User=0.02s Sys=0.00s Real=0.01s
[2025-08-13T15:36:52.067+0000][6][safepoint   ] Safepoint "G1Concurrent", Time since last: 131342018 ns, Reaching safepoint: 78075 ns, At safepoint: 19943057 ns, Total: 20021132 ns
[2025-08-13T15:36:52.069+0000][6][gc,marking  ] GC(9) Concurrent Rebuild Remembered Sets
[2025-08-13T15:36:52.101+0000][6][gc,marking  ] GC(9) Concurrent Rebuild Remembered Sets 31.812ms
[2025-08-13T15:36:52.102+0000][6][gc,start    ] GC(9) Pause Cleanup
[2025-08-13T15:36:52.102+0000][6][gc          ] GC(9) Pause Cleanup 51M->51M(1024M) 0.311ms
[2025-08-13T15:36:52.102+0000][6][gc,cpu      ] GC(9) User=0.00s Sys=0.00s Real=0.00s
[2025-08-13T15:36:52.102+0000][6][safepoint   ] Safepoint "G1Concurrent", Time since last: 33819295 ns, Reaching safepoint: 545507 ns, At safepoint: 383659 ns, Total: 929166 ns
[2025-08-13T15:36:52.102+0000][6][gc,marking  ] GC(9) Concurrent Cleanup for Next Mark
[2025-08-13T15:36:52.109+0000][6][gc,marking  ] GC(9) Concurrent Cleanup for Next Mark 7.065ms
[2025-08-13T15:36:52.109+0000][6][gc          ] GC(9) Concurrent Cycle 193.768ms
[2025-08-13T15:36:52.127+0000][6][gc,heap,exit] Heap
[2025-08-13T15:36:52.127+0000][6][gc,heap,exit]  garbage-first heap   total 1048576K, used 53049K [0x00000000c0000000, 0x0000000100000000)
[2025-08-13T15:36:52.127+0000][6][gc,heap,exit]   region size 1024K, 46 young (47104K), 43 survivors (44032K)
[2025-08-13T15:36:52.127+0000][6][gc,heap,exit]  Metaspace       used 34400K, capacity 36457K, committed 36732K, reserved 1081344K
[2025-08-13T15:36:52.127+0000][6][gc,heap,exit]   class space    used 4418K, capacity 4941K, committed 4992K, reserved 1048576K
