[2025-08-13T15:57:21.619+0000][8][gc] Using G1
[2025-08-13T15:57:24.812+0000][8][gc,init] Version: 15.0.1+9 (release)
[2025-08-13T15:57:24.812+0000][8][gc,init] CPUs: 2 total, 2 available
[2025-08-13T15:57:24.812+0000][8][gc,init] Memory: 7938M
[2025-08-13T15:57:24.812+0000][8][gc,init] Large Page Support: Disabled
[2025-08-13T15:57:24.812+0000][8][gc,init] NUMA Support: Disabled
[2025-08-13T15:57:24.812+0000][8][gc,init] Compressed Oops: Enabled (32-bit)
[2025-08-13T15:57:24.812+0000][8][gc,init] Heap Region Size: 1M
[2025-08-13T15:57:24.812+0000][8][gc,init] Heap Min Capacity: 1G
[2025-08-13T15:57:24.812+0000][8][gc,init] Heap Initial Capacity: 1G
[2025-08-13T15:57:24.812+0000][8][gc,init] Heap Max Capacity: 1G
[2025-08-13T15:57:24.812+0000][8][gc,init] Pre-touch: Enabled
[2025-08-13T15:57:24.812+0000][8][gc,init] Parallel Workers: 2
[2025-08-13T15:57:24.812+0000][8][gc,init] Concurrent Workers: 1
[2025-08-13T15:57:24.812+0000][8][gc,init] Concurrent Refinement Workers: 2
[2025-08-13T15:57:24.812+0000][8][gc,init] Periodic GC: Disabled
[2025-08-13T15:57:24.814+0000][8][gc,cds ] Mark closed archive regions in map: [0x00000000fff00000, 0x00000000fff7bff8]
[2025-08-13T15:57:24.814+0000][8][gc,cds ] Mark open archive regions in map: [0x00000000ffe00000, 0x00000000ffe51ff8]
[2025-08-13T15:57:24.814+0000][8][gc,metaspace] CDS archive(s) mapped at: [0x0000000800000000-0x0000000800b2a000-0x0000000800b2a000), size 11706368, SharedBaseAddress: 0x0000000800000000, ArchiveRelocationMode: 0.
[2025-08-13T15:57:24.814+0000][8][gc,metaspace] Compressed class space mapped at: 0x0000000800b2c000-0x0000000840b2c000, size: 1073741824
[2025-08-13T15:57:24.814+0000][8][gc,metaspace] Narrow klass base: 0x0000000800000000, Narrow klass shift: 3, Narrow klass range: 0x100000000
[2025-08-13T15:57:25.557+0000][8][safepoint   ] Safepoint "ICBufferFull", Time since last: 710366539 ns, Reaching safepoint: 312412 ns, At safepoint: 9241 ns, Total: 321653 ns
[2025-08-13T15:57:26.813+0000][8][safepoint   ] Safepoint "ICBufferFull", Time since last: 1255321648 ns, Reaching safepoint: 179855 ns, At safepoint: 7526 ns, Total: 187381 ns
[2025-08-13T15:57:27.250+0000][8][gc,start    ] GC(0) Pause Young (Normal) (G1 Evacuation Pause)
[2025-08-13T15:57:27.250+0000][8][gc,task     ] GC(0) Using 2 workers of 2 for evacuation
[2025-08-13T15:57:27.250+0000][8][gc,age      ] GC(0) Desired survivor size 3670016 bytes, new threshold 15 (max threshold 15)
[2025-08-13T15:57:27.261+0000][8][gc,age      ] GC(0) Age table with threshold 15 (max threshold 15)
[2025-08-13T15:57:27.261+0000][8][gc,age      ] GC(0) - age   1:    6013304 bytes,    6013304 total
[2025-08-13T15:57:27.261+0000][8][gc,phases   ] GC(0)   Pre Evacuate Collection Set: 0.3ms
[2025-08-13T15:57:27.261+0000][8][gc,phases   ] GC(0)   Merge Heap Roots: 0.1ms
[2025-08-13T15:57:27.261+0000][8][gc,phases   ] GC(0)   Evacuate Collection Set: 9.3ms
[2025-08-13T15:57:27.261+0000][8][gc,phases   ] GC(0)   Post Evacuate Collection Set: 1.0ms
[2025-08-13T15:57:27.261+0000][8][gc,phases   ] GC(0)   Other: 0.6ms
[2025-08-13T15:57:27.261+0000][8][gc,heap     ] GC(0) Eden regions: 51->0(45)
[2025-08-13T15:57:27.261+0000][8][gc,heap     ] GC(0) Survivor regions: 0->6(7)
[2025-08-13T15:57:27.261+0000][8][gc,heap     ] GC(0) Old regions: 0->0
[2025-08-13T15:57:27.261+0000][8][gc,heap     ] GC(0) Archive regions: 2->2
[2025-08-13T15:57:27.261+0000][8][gc,heap     ] GC(0) Humongous regions: 1->1
[2025-08-13T15:57:27.261+0000][8][gc,metaspace] GC(0) Metaspace: 13502K(14080K)->13502K(14080K) NonClass: 11900K(12288K)->11900K(12288K) Class: 1602K(1792K)->1602K(1792K)
[2025-08-13T15:57:27.261+0000][8][gc          ] GC(0) Pause Young (Normal) (G1 Evacuation Pause) 52M->7M(1024M) 11.506ms
[2025-08-13T15:57:27.261+0000][8][gc,cpu      ] GC(0) User=0.02s Sys=0.00s Real=0.01s
[2025-08-13T15:57:27.261+0000][8][safepoint   ] Safepoint "G1CollectForAllocation", Time since last: 436830147 ns, Reaching safepoint: 196345 ns, At safepoint: 11690731 ns, Total: 11887076 ns
[2025-08-13T15:57:27.923+0000][8][gc,start    ] GC(1) Pause Young (Normal) (G1 Evacuation Pause)
[2025-08-13T15:57:27.923+0000][8][gc,task     ] GC(1) Using 2 workers of 2 for evacuation
[2025-08-13T15:57:27.923+0000][8][gc,age      ] GC(1) Desired survivor size 3670016 bytes, new threshold 1 (max threshold 15)
[2025-08-13T15:57:27.937+0000][8][gc,age      ] GC(1) Age table with threshold 1 (max threshold 15)
[2025-08-13T15:57:27.937+0000][8][gc,age      ] GC(1) - age   1:    1054712 bytes,    1054712 total
[2025-08-13T15:57:27.937+0000][8][gc,phases   ] GC(1)   Pre Evacuate Collection Set: 0.3ms
[2025-08-13T15:57:27.937+0000][8][gc,phases   ] GC(1)   Merge Heap Roots: 0.1ms
[2025-08-13T15:57:27.937+0000][8][gc,phases   ] GC(1)   Evacuate Collection Set: 12.2ms
[2025-08-13T15:57:27.937+0000][8][gc,phases   ] GC(1)   Post Evacuate Collection Set: 0.6ms
[2025-08-13T15:57:27.937+0000][8][gc,phases   ] GC(1)   Other: 0.4ms
[2025-08-13T15:57:27.937+0000][8][gc,heap     ] GC(1) Eden regions: 45->0(49)
[2025-08-13T15:57:27.937+0000][8][gc,heap     ] GC(1) Survivor regions: 6->2(7)
[2025-08-13T15:57:27.937+0000][8][gc,heap     ] GC(1) Old regions: 0->6
[2025-08-13T15:57:27.937+0000][8][gc,heap     ] GC(1) Archive regions: 2->2
[2025-08-13T15:57:27.937+0000][8][gc,heap     ] GC(1) Humongous regions: 1->1
[2025-08-13T15:57:27.937+0000][8][gc,metaspace] GC(1) Metaspace: 14734K(15232K)->14734K(15232K) NonClass: 13019K(13312K)->13019K(13312K) Class: 1714K(1920K)->1714K(1920K)
[2025-08-13T15:57:27.937+0000][8][gc          ] GC(1) Pause Young (Normal) (G1 Evacuation Pause) 52M->8M(1024M) 13.605ms
[2025-08-13T15:57:27.937+0000][8][gc,cpu      ] GC(1) User=0.02s Sys=0.00s Real=0.02s
[2025-08-13T15:57:27.937+0000][8][safepoint   ] Safepoint "G1CollectForAllocation", Time since last: 661661934 ns, Reaching safepoint: 159087 ns, At safepoint: 13682422 ns, Total: 13841509 ns
[2025-08-13T15:57:28.003+0000][8][safepoint   ] Safepoint "ICBufferFull", Time since last: 66594713 ns, Reaching safepoint: 66123 ns, At safepoint: 4610 ns, Total: 70733 ns
[2025-08-13T15:57:28.009+0000][8][safepoint   ] Safepoint "ICBufferFull", Time since last: 5924139 ns, Reaching safepoint: 62939 ns, At safepoint: 4463 ns, Total: 67402 ns
[2025-08-13T15:57:28.014+0000][8][safepoint   ] Safepoint "ICBufferFull", Time since last: 4716162 ns, Reaching safepoint: 85887 ns, At safepoint: 22490 ns, Total: 108377 ns
[2025-08-13T15:57:28.019+0000][8][safepoint   ] Safepoint "ICBufferFull", Time since last: 4333915 ns, Reaching safepoint: 75633 ns, At safepoint: 21535 ns, Total: 97168 ns
[2025-08-13T15:57:28.024+0000][8][safepoint   ] Safepoint "ICBufferFull", Time since last: 5437073 ns, Reaching safepoint: 83477 ns, At safepoint: 4907 ns, Total: 88384 ns
[2025-08-13T15:57:28.029+0000][8][safepoint   ] Safepoint "ICBufferFull", Time since last: 4681191 ns, Reaching safepoint: 131276 ns, At safepoint: 9401 ns, Total: 140677 ns
[2025-08-13T15:57:28.033+0000][8][safepoint   ] Safepoint "ICBufferFull", Time since last: 3996158 ns, Reaching safepoint: 105755 ns, At safepoint: 6410 ns, Total: 112165 ns
[2025-08-13T15:57:28.037+0000][8][safepoint   ] Safepoint "ICBufferFull", Time since last: 4060736 ns, Reaching safepoint: 73595 ns, At safepoint: 28403 ns, Total: 101998 ns
[2025-08-13T15:57:28.043+0000][8][safepoint   ] Safepoint "ICBufferFull", Time since last: 5842280 ns, Reaching safepoint: 83226 ns, At safepoint: 4362 ns, Total: 87588 ns
[2025-08-13T15:57:28.049+0000][8][safepoint   ] Safepoint "ICBufferFull", Time since last: 5816665 ns, Reaching safepoint: 93485 ns, At safepoint: 6088 ns, Total: 99573 ns
[2025-08-13T15:57:28.054+0000][8][safepoint   ] Safepoint "ICBufferFull", Time since last: 4295719 ns, Reaching safepoint: 74428 ns, At safepoint: 5257 ns, Total: 79685 ns
[2025-08-13T15:57:28.059+0000][8][safepoint   ] Safepoint "ICBufferFull", Time since last: 5397197 ns, Reaching safepoint: 84038 ns, At safepoint: 5311 ns, Total: 89349 ns
[2025-08-13T15:57:28.064+0000][8][safepoint   ] Safepoint "ICBufferFull", Time since last: 5079966 ns, Reaching safepoint: 179592 ns, At safepoint: 27579 ns, Total: 207171 ns
[2025-08-13T15:57:28.070+0000][8][safepoint   ] Safepoint "ICBufferFull", Time since last: 5100424 ns, Reaching safepoint: 66673 ns, At safepoint: 5735 ns, Total: 72408 ns
[2025-08-13T15:57:28.075+0000][8][safepoint   ] Safepoint "ICBufferFull", Time since last: 5744341 ns, Reaching safepoint: 78706 ns, At safepoint: 24864 ns, Total: 103570 ns
[2025-08-13T15:57:28.079+0000][8][safepoint   ] Safepoint "ICBufferFull", Time since last: 3830794 ns, Reaching safepoint: 69678 ns, At safepoint: 5096 ns, Total: 74774 ns
[2025-08-13T15:57:28.083+0000][8][safepoint   ] Safepoint "ICBufferFull", Time since last: 3508236 ns, Reaching safepoint: 76927 ns, At safepoint: 5379 ns, Total: 82306 ns
[2025-08-13T15:57:28.092+0000][8][safepoint   ] Safepoint "ICBufferFull", Time since last: 9004554 ns, Reaching safepoint: 111287 ns, At safepoint: 8861 ns, Total: 120148 ns
[2025-08-13T15:57:28.100+0000][8][safepoint   ] Safepoint "ICBufferFull", Time since last: 7534988 ns, Reaching safepoint: 99038 ns, At safepoint: 5920 ns, Total: 104958 ns
[2025-08-13T15:57:28.101+0000][8][safepoint   ] Safepoint "ICBufferFull", Time since last: 1252063 ns, Reaching safepoint: 177127 ns, At safepoint: 21807 ns, Total: 198934 ns
[2025-08-13T15:57:28.103+0000][8][safepoint   ] Safepoint "ICBufferFull", Time since last: 1337705 ns, Reaching safepoint: 198217 ns, At safepoint: 5172 ns, Total: 203389 ns
[2025-08-13T15:57:28.104+0000][8][safepoint   ] Safepoint "ICBufferFull", Time since last: 1318153 ns, Reaching safepoint: 175104 ns, At safepoint: 4891 ns, Total: 179995 ns
[2025-08-13T15:57:28.106+0000][8][safepoint   ] Safepoint "ICBufferFull", Time since last: 1317086 ns, Reaching safepoint: 966727 ns, At safepoint: 8168 ns, Total: 974895 ns
[2025-08-13T15:57:28.108+0000][8][safepoint   ] Safepoint "ICBufferFull", Time since last: 1346975 ns, Reaching safepoint: 150332 ns, At safepoint: 8683 ns, Total: 159015 ns
[2025-08-13T15:57:28.110+0000][8][safepoint   ] Safepoint "ICBufferFull", Time since last: 1809908 ns, Reaching safepoint: 61683 ns, At safepoint: 4771 ns, Total: 66454 ns
[2025-08-13T15:57:28.112+0000][8][safepoint   ] Safepoint "ICBufferFull", Time since last: 1629487 ns, Reaching safepoint: 126439 ns, At safepoint: 3666 ns, Total: 130105 ns
[2025-08-13T15:57:28.113+0000][8][safepoint   ] Safepoint "ICBufferFull", Time since last: 1255424 ns, Reaching safepoint: 169338 ns, At safepoint: 8183 ns, Total: 177521 ns
[2025-08-13T15:57:28.114+0000][8][safepoint   ] Safepoint "ICBufferFull", Time since last: 1233119 ns, Reaching safepoint: 208535 ns, At safepoint: 20705 ns, Total: 229240 ns
[2025-08-13T15:57:28.116+0000][8][safepoint   ] Safepoint "ICBufferFull", Time since last: 1308380 ns, Reaching safepoint: 88986 ns, At safepoint: 21691 ns, Total: 110677 ns
[2025-08-13T15:57:28.117+0000][8][safepoint   ] Safepoint "ICBufferFull", Time since last: 1330429 ns, Reaching safepoint: 205304 ns, At safepoint: 19806 ns, Total: 225110 ns
[2025-08-13T15:57:28.119+0000][8][safepoint   ] Safepoint "ICBufferFull", Time since last: 1249992 ns, Reaching safepoint: 178064 ns, At safepoint: 22718 ns, Total: 200782 ns
[2025-08-13T15:57:28.120+0000][8][safepoint   ] Safepoint "ICBufferFull", Time since last: 1491492 ns, Reaching safepoint: 75502 ns, At safepoint: 11057 ns, Total: 86559 ns
[2025-08-13T15:57:28.122+0000][8][safepoint   ] Safepoint "ICBufferFull", Time since last: 1488707 ns, Reaching safepoint: 72335 ns, At safepoint: 4799 ns, Total: 77134 ns
[2025-08-13T15:57:28.123+0000][8][safepoint   ] Safepoint "ICBufferFull", Time since last: 1179423 ns, Reaching safepoint: 175197 ns, At safepoint: 38492 ns, Total: 213689 ns
[2025-08-13T15:57:28.125+0000][8][safepoint   ] Safepoint "ICBufferFull", Time since last: 1229634 ns, Reaching safepoint: 126449 ns, At safepoint: 2906 ns, Total: 129355 ns
[2025-08-13T15:57:28.126+0000][8][safepoint   ] Safepoint "ICBufferFull", Time since last: 1209755 ns, Reaching safepoint: 134635 ns, At safepoint: 19020 ns, Total: 153655 ns
[2025-08-13T15:57:28.135+0000][8][safepoint   ] Safepoint "ICBufferFull", Time since last: 8511078 ns, Reaching safepoint: 70144 ns, At safepoint: 4028 ns, Total: 74172 ns
[2025-08-13T15:57:28.141+0000][8][safepoint   ] Safepoint "ICBufferFull", Time since last: 6529869 ns, Reaching safepoint: 74942 ns, At safepoint: 24067 ns, Total: 99009 ns
[2025-08-13T15:57:28.144+0000][8][safepoint   ] Safepoint "ICBufferFull", Time since last: 2242296 ns, Reaching safepoint: 97484 ns, At safepoint: 32673 ns, Total: 130157 ns
[2025-08-13T15:57:28.200+0000][8][safepoint   ] Safepoint "ICBufferFull", Time since last: 55877729 ns, Reaching safepoint: 85631 ns, At safepoint: 4005 ns, Total: 89636 ns
[2025-08-13T15:57:28.203+0000][8][safepoint   ] Safepoint "ICBufferFull", Time since last: 2714776 ns, Reaching safepoint: 93279 ns, At safepoint: 23523 ns, Total: 116802 ns
[2025-08-13T15:57:28.204+0000][8][safepoint   ] Safepoint "ICBufferFull", Time since last: 1258586 ns, Reaching safepoint: 175583 ns, At safepoint: 7148 ns, Total: 182731 ns
[2025-08-13T15:57:28.206+0000][8][safepoint   ] Safepoint "ICBufferFull", Time since last: 1238868 ns, Reaching safepoint: 332971 ns, At safepoint: 11209 ns, Total: 344180 ns
[2025-08-13T15:57:28.207+0000][8][safepoint   ] Safepoint "ICBufferFull", Time since last: 1330454 ns, Reaching safepoint: 149994 ns, At safepoint: 22533 ns, Total: 172527 ns
[2025-08-13T15:57:28.209+0000][8][safepoint   ] Safepoint "ICBufferFull", Time since last: 1168083 ns, Reaching safepoint: 348800 ns, At safepoint: 12267 ns, Total: 361067 ns
[2025-08-13T15:57:28.210+0000][8][safepoint   ] Safepoint "ICBufferFull", Time since last: 1337073 ns, Reaching safepoint: 168679 ns, At safepoint: 4663 ns, Total: 173342 ns
[2025-08-13T15:57:28.211+0000][8][safepoint   ] Safepoint "ICBufferFull", Time since last: 1258045 ns, Reaching safepoint: 79642 ns, At safepoint: 4732 ns, Total: 84374 ns
[2025-08-13T15:57:28.213+0000][8][safepoint   ] Safepoint "ICBufferFull", Time since last: 1198826 ns, Reaching safepoint: 170787 ns, At safepoint: 19313 ns, Total: 190100 ns
[2025-08-13T15:57:28.214+0000][8][safepoint   ] Safepoint "ICBufferFull", Time since last: 1187555 ns, Reaching safepoint: 145734 ns, At safepoint: 4377 ns, Total: 150111 ns
[2025-08-13T15:57:28.215+0000][8][safepoint   ] Safepoint "ICBufferFull", Time since last: 1148358 ns, Reaching safepoint: 164493 ns, At safepoint: 4301 ns, Total: 168794 ns
[2025-08-13T15:57:28.217+0000][8][safepoint   ] Safepoint "ICBufferFull", Time since last: 1199775 ns, Reaching safepoint: 156893 ns, At safepoint: 18049 ns, Total: 174942 ns
[2025-08-13T15:57:28.218+0000][8][safepoint   ] Safepoint "ICBufferFull", Time since last: 1124255 ns, Reaching safepoint: 165169 ns, At safepoint: 11139 ns, Total: 176308 ns
[2025-08-13T15:57:28.220+0000][8][safepoint   ] Safepoint "ICBufferFull", Time since last: 1624378 ns, Reaching safepoint: 85262 ns, At safepoint: 4224 ns, Total: 89486 ns
[2025-08-13T15:57:28.221+0000][8][safepoint   ] Safepoint "ICBufferFull", Time since last: 1312354 ns, Reaching safepoint: 77098 ns, At safepoint: 5906 ns, Total: 83004 ns
[2025-08-13T15:57:28.223+0000][8][safepoint   ] Safepoint "ICBufferFull", Time since last: 1182899 ns, Reaching safepoint: 148524 ns, At safepoint: 17896 ns, Total: 166420 ns
[2025-08-13T15:57:28.224+0000][8][safepoint   ] Safepoint "ICBufferFull", Time since last: 1193713 ns, Reaching safepoint: 122607 ns, At safepoint: 3098 ns, Total: 125705 ns
[2025-08-13T15:57:28.225+0000][8][safepoint   ] Safepoint "ICBufferFull", Time since last: 1279854 ns, Reaching safepoint: 59873 ns, At safepoint: 20475 ns, Total: 80348 ns
[2025-08-13T15:57:28.228+0000][8][safepoint   ] Safepoint "ICBufferFull", Time since last: 2088195 ns, Reaching safepoint: 142052 ns, At safepoint: 3165 ns, Total: 145217 ns
[2025-08-13T15:57:28.229+0000][8][safepoint   ] Safepoint "ICBufferFull", Time since last: 1402888 ns, Reaching safepoint: 66769 ns, At safepoint: 20370 ns, Total: 87139 ns
[2025-08-13T15:57:28.336+0000][8][gc,start    ] GC(2) Pause Young (Normal) (G1 Evacuation Pause)
[2025-08-13T15:57:28.336+0000][8][gc,task     ] GC(2) Using 2 workers of 2 for evacuation
[2025-08-13T15:57:28.336+0000][8][gc,age      ] GC(2) Desired survivor size 3670016 bytes, new threshold 15 (max threshold 15)
[2025-08-13T15:57:28.344+0000][8][gc,age      ] GC(2) Age table with threshold 15 (max threshold 15)
[2025-08-13T15:57:28.344+0000][8][gc,age      ] GC(2) - age   1:    4028816 bytes,    4028816 total
[2025-08-13T15:57:28.344+0000][8][gc,age      ] GC(2) - age   2:    1019008 bytes,    5047824 total
[2025-08-13T15:57:28.344+0000][8][gc,phases   ] GC(2)   Pre Evacuate Collection Set: 0.3ms
[2025-08-13T15:57:28.344+0000][8][gc,phases   ] GC(2)   Merge Heap Roots: 0.1ms
[2025-08-13T15:57:28.344+0000][8][gc,phases   ] GC(2)   Evacuate Collection Set: 6.7ms
[2025-08-13T15:57:28.344+0000][8][gc,phases   ] GC(2)   Post Evacuate Collection Set: 0.5ms
[2025-08-13T15:57:28.344+0000][8][gc,phases   ] GC(2)   Other: 0.4ms
[2025-08-13T15:57:28.344+0000][8][gc,heap     ] GC(2) Eden regions: 49->0(49)
[2025-08-13T15:57:28.344+0000][8][gc,heap     ] GC(2) Survivor regions: 2->5(7)
[2025-08-13T15:57:28.344+0000][8][gc,heap     ] GC(2) Old regions: 6->6
[2025-08-13T15:57:28.344+0000][8][gc,heap     ] GC(2) Archive regions: 2->2
[2025-08-13T15:57:28.344+0000][8][gc,heap     ] GC(2) Humongous regions: 2->1
[2025-08-13T15:57:28.344+0000][8][gc,metaspace] GC(2) Metaspace: 16062K(16384K)->16062K(16384K) NonClass: 14131K(14336K)->14131K(14336K) Class: 1930K(2048K)->1930K(2048K)
[2025-08-13T15:57:28.344+0000][8][gc          ] GC(2) Pause Young (Normal) (G1 Evacuation Pause) 58M->12M(1024M) 8.105ms
[2025-08-13T15:57:28.344+0000][8][gc,cpu      ] GC(2) User=0.01s Sys=0.00s Real=0.00s
[2025-08-13T15:57:28.344+0000][8][safepoint   ] Safepoint "G1CollectForAllocation", Time since last: 106881070 ns, Reaching safepoint: 92701 ns, At safepoint: 8211916 ns, Total: 8304617 ns
[2025-08-13T15:57:28.378+0000][8][safepoint   ] Safepoint "ICBufferFull", Time since last: 30608393 ns, Reaching safepoint: 2710030 ns, At safepoint: 12848 ns, Total: 2722878 ns
[2025-08-13T15:57:28.379+0000][8][safepoint   ] Safepoint "ICBufferFull", Time since last: 1603666 ns, Reaching safepoint: 233783 ns, At safepoint: 101891 ns, Total: 335674 ns
[2025-08-13T15:57:28.381+0000][8][safepoint   ] Safepoint "ICBufferFull", Time since last: 1318881 ns, Reaching safepoint: 75465 ns, At safepoint: 8088 ns, Total: 83553 ns
[2025-08-13T15:57:28.382+0000][8][safepoint   ] Safepoint "ICBufferFull", Time since last: 1196507 ns, Reaching safepoint: 211794 ns, At safepoint: 9482 ns, Total: 221276 ns
[2025-08-13T15:57:28.384+0000][8][safepoint   ] Safepoint "ICBufferFull", Time since last: 1257765 ns, Reaching safepoint: 173869 ns, At safepoint: 8094 ns, Total: 181963 ns
[2025-08-13T15:57:28.385+0000][8][safepoint   ] Safepoint "ICBufferFull", Time since last: 1342901 ns, Reaching safepoint: 61723 ns, At safepoint: 7485 ns, Total: 69208 ns
[2025-08-13T15:57:28.386+0000][8][safepoint   ] Safepoint "ICBufferFull", Time since last: 1264840 ns, Reaching safepoint: 51055 ns, At safepoint: 7916 ns, Total: 58971 ns
[2025-08-13T15:57:28.388+0000][8][safepoint   ] Safepoint "ICBufferFull", Time since last: 1209791 ns, Reaching safepoint: 135914 ns, At safepoint: 3598 ns, Total: 139512 ns
[2025-08-13T15:57:28.389+0000][8][safepoint   ] Safepoint "ICBufferFull", Time since last: 1140406 ns, Reaching safepoint: 149947 ns, At safepoint: 7231 ns, Total: 157178 ns
[2025-08-13T15:57:28.390+0000][8][safepoint   ] Safepoint "ICBufferFull", Time since last: 1254220 ns, Reaching safepoint: 61107 ns, At safepoint: 7802 ns, Total: 68909 ns
[2025-08-13T15:57:28.392+0000][8][safepoint   ] Safepoint "ICBufferFull", Time since last: 1214833 ns, Reaching safepoint: 129153 ns, At safepoint: 4489 ns, Total: 133642 ns
[2025-08-13T15:57:28.393+0000][8][safepoint   ] Safepoint "ICBufferFull", Time since last: 1160843 ns, Reaching safepoint: 177892 ns, At safepoint: 8183 ns, Total: 186075 ns
[2025-08-13T15:57:28.395+0000][8][safepoint   ] Safepoint "ICBufferFull", Time since last: 1634839 ns, Reaching safepoint: 57473 ns, At safepoint: 7895 ns, Total: 65368 ns
[2025-08-13T15:57:28.396+0000][8][safepoint   ] Safepoint "ICBufferFull", Time since last: 1141345 ns, Reaching safepoint: 139822 ns, At safepoint: 7896 ns, Total: 147718 ns
[2025-08-13T15:57:28.397+0000][8][safepoint   ] Safepoint "ICBufferFull", Time since last: 1193978 ns, Reaching safepoint: 56342 ns, At safepoint: 7532 ns, Total: 63874 ns
[2025-08-13T15:57:28.399+0000][8][safepoint   ] Safepoint "ICBufferFull", Time since last: 1095354 ns, Reaching safepoint: 135765 ns, At safepoint: 7108 ns, Total: 142873 ns
[2025-08-13T15:57:28.400+0000][8][safepoint   ] Safepoint "ICBufferFull", Time since last: 1194692 ns, Reaching safepoint: 140618 ns, At safepoint: 7752 ns, Total: 148370 ns
[2025-08-13T15:57:28.401+0000][8][safepoint   ] Safepoint "ICBufferFull", Time since last: 1186329 ns, Reaching safepoint: 140118 ns, At safepoint: 7768 ns, Total: 147886 ns
[2025-08-13T15:57:28.404+0000][8][safepoint   ] Safepoint "ICBufferFull", Time since last: 2461896 ns, Reaching safepoint: 68304 ns, At safepoint: 6985 ns, Total: 75289 ns
[2025-08-13T15:57:28.556+0000][8][safepoint   ] Safepoint "ICBufferFull", Time since last: 152535055 ns, Reaching safepoint: 128063 ns, At safepoint: 8661 ns, Total: 136724 ns
[2025-08-13T15:57:28.695+0000][8][gc,start    ] GC(3) Pause Young (Normal) (G1 Evacuation Pause)
[2025-08-13T15:57:28.695+0000][8][gc,task     ] GC(3) Using 2 workers of 2 for evacuation
[2025-08-13T15:57:28.695+0000][8][gc,age      ] GC(3) Desired survivor size 3670016 bytes, new threshold 1 (max threshold 15)
[2025-08-13T15:57:28.701+0000][8][gc,age      ] GC(3) Age table with threshold 1 (max threshold 15)
[2025-08-13T15:57:28.701+0000][8][gc,age      ] GC(3) - age   1:    2201408 bytes,    2201408 total
[2025-08-13T15:57:28.701+0000][8][gc,phases   ] GC(3)   Pre Evacuate Collection Set: 0.3ms
[2025-08-13T15:57:28.701+0000][8][gc,phases   ] GC(3)   Merge Heap Roots: 0.1ms
[2025-08-13T15:57:28.701+0000][8][gc,phases   ] GC(3)   Evacuate Collection Set: 5.6ms
[2025-08-13T15:57:28.702+0000][8][gc,phases   ] GC(3)   Post Evacuate Collection Set: 0.5ms
[2025-08-13T15:57:28.702+0000][8][gc,phases   ] GC(3)   Other: 0.2ms
[2025-08-13T15:57:28.702+0000][8][gc,heap     ] GC(3) Eden regions: 49->0(84)
[2025-08-13T15:57:28.702+0000][8][gc,heap     ] GC(3) Survivor regions: 5->3(7)
[2025-08-13T15:57:28.702+0000][8][gc,heap     ] GC(3) Old regions: 6->8
[2025-08-13T15:57:28.702+0000][8][gc,heap     ] GC(3) Archive regions: 2->2
[2025-08-13T15:57:28.702+0000][8][gc,heap     ] GC(3) Humongous regions: 1->1
[2025-08-13T15:57:28.702+0000][8][gc,metaspace] GC(3) Metaspace: 17447K(17920K)->17447K(17920K) NonClass: 15351K(15616K)->15351K(15616K) Class: 2096K(2304K)->2096K(2304K)
[2025-08-13T15:57:28.702+0000][8][gc          ] GC(3) Pause Young (Normal) (G1 Evacuation Pause) 61M->12M(1024M) 6.710ms
[2025-08-13T15:57:28.702+0000][8][gc,cpu      ] GC(3) User=0.01s Sys=0.00s Real=0.00s
[2025-08-13T15:57:28.702+0000][8][safepoint   ] Safepoint "G1CollectForAllocation", Time since last: 138190639 ns, Reaching safepoint: 158736 ns, At safepoint: 6812742 ns, Total: 6971478 ns
[2025-08-13T15:57:29.025+0000][8][gc,start    ] GC(4) Pause Young (Normal) (G1 Evacuation Pause)
[2025-08-13T15:57:29.025+0000][8][gc,task     ] GC(4) Using 2 workers of 2 for evacuation
[2025-08-13T15:57:29.025+0000][8][gc,age      ] GC(4) Desired survivor size 5767168 bytes, new threshold 15 (max threshold 15)
[2025-08-13T15:57:29.031+0000][8][gc,age      ] GC(4) Age table with threshold 15 (max threshold 15)
[2025-08-13T15:57:29.031+0000][8][gc,age      ] GC(4) - age   1:    2097656 bytes,    2097656 total
[2025-08-13T15:57:29.031+0000][8][gc,age      ] GC(4) - age   2:    1368704 bytes,    3466360 total
[2025-08-13T15:57:29.031+0000][8][gc,phases   ] GC(4)   Pre Evacuate Collection Set: 0.2ms
[2025-08-13T15:57:29.031+0000][8][gc,phases   ] GC(4)   Merge Heap Roots: 0.0ms
[2025-08-13T15:57:29.031+0000][8][gc,phases   ] GC(4)   Evacuate Collection Set: 4.8ms
[2025-08-13T15:57:29.031+0000][8][gc,phases   ] GC(4)   Post Evacuate Collection Set: 0.5ms
[2025-08-13T15:57:29.031+0000][8][gc,phases   ] GC(4)   Other: 0.3ms
[2025-08-13T15:57:29.031+0000][8][gc,heap     ] GC(4) Eden regions: 84->0(610)
[2025-08-13T15:57:29.031+0000][8][gc,heap     ] GC(4) Survivor regions: 3->4(11)
[2025-08-13T15:57:29.031+0000][8][gc,heap     ] GC(4) Old regions: 8->8
[2025-08-13T15:57:29.031+0000][8][gc,heap     ] GC(4) Archive regions: 2->2
[2025-08-13T15:57:29.031+0000][8][gc,heap     ] GC(4) Humongous regions: 1->1
[2025-08-13T15:57:29.031+0000][8][gc,metaspace] GC(4) Metaspace: 17891K(18560K)->17891K(18560K) NonClass: 15738K(16128K)->15738K(16128K) Class: 2152K(2432K)->2152K(2432K)
[2025-08-13T15:57:29.031+0000][8][gc          ] GC(4) Pause Young (Normal) (G1 Evacuation Pause) 96M->12M(1024M) 6.024ms
[2025-08-13T15:57:29.031+0000][8][gc,cpu      ] GC(4) User=0.01s Sys=0.00s Real=0.00s
[2025-08-13T15:57:29.031+0000][8][safepoint   ] Safepoint "G1CollectForAllocation", Time since last: 323071505 ns, Reaching safepoint: 162256 ns, At safepoint: 6100790 ns, Total: 6263046 ns
[2025-08-13T15:57:30.034+0000][8][safepoint   ] Safepoint "Cleanup", Time since last: 1002526993 ns, Reaching safepoint: 159023 ns, At safepoint: 8977 ns, Total: 168000 ns
[2025-08-13T15:57:30.619+0000][8][gc,start    ] GC(5) Pause Young (Normal) (G1 Evacuation Pause)
[2025-08-13T15:57:30.619+0000][8][gc,task     ] GC(5) Using 2 workers of 2 for evacuation
[2025-08-13T15:57:30.619+0000][8][gc,age      ] GC(5) Desired survivor size 40370176 bytes, new threshold 15 (max threshold 15)
[2025-08-13T15:57:30.629+0000][8][gc,age      ] GC(5) Age table with threshold 15 (max threshold 15)
[2025-08-13T15:57:30.629+0000][8][gc,age      ] GC(5) - age   1:    4201792 bytes,    4201792 total
[2025-08-13T15:57:30.629+0000][8][gc,age      ] GC(5) - age   2:    1612400 bytes,    5814192 total
[2025-08-13T15:57:30.629+0000][8][gc,age      ] GC(5) - age   3:    1363912 bytes,    7178104 total
[2025-08-13T15:57:30.629+0000][8][gc,phases   ] GC(5)   Pre Evacuate Collection Set: 0.4ms
[2025-08-13T15:57:30.629+0000][8][gc,phases   ] GC(5)   Merge Heap Roots: 0.1ms
[2025-08-13T15:57:30.629+0000][8][gc,phases   ] GC(5)   Evacuate Collection Set: 7.8ms
[2025-08-13T15:57:30.629+0000][8][gc,phases   ] GC(5)   Post Evacuate Collection Set: 1.0ms
[2025-08-13T15:57:30.629+0000][8][gc,phases   ] GC(5)   Other: 0.8ms
[2025-08-13T15:57:30.629+0000][8][gc,heap     ] GC(5) Eden regions: 610->0(606)
[2025-08-13T15:57:30.629+0000][8][gc,heap     ] GC(5) Survivor regions: 4->8(77)
[2025-08-13T15:57:30.629+0000][8][gc,heap     ] GC(5) Old regions: 8->8
[2025-08-13T15:57:30.629+0000][8][gc,heap     ] GC(5) Archive regions: 2->2
[2025-08-13T15:57:30.629+0000][8][gc,heap     ] GC(5) Humongous regions: 1->1
[2025-08-13T15:57:30.629+0000][8][gc,metaspace] GC(5) Metaspace: 19150K(20352K)->19150K(20352K) NonClass: 16812K(17664K)->16812K(17664K) Class: 2337K(2688K)->2337K(2688K)
[2025-08-13T15:57:30.629+0000][8][gc          ] GC(5) Pause Young (Normal) (G1 Evacuation Pause) 622M->16M(1024M) 10.164ms
[2025-08-13T15:57:30.629+0000][8][gc,cpu      ] GC(5) User=0.02s Sys=0.00s Real=0.01s
[2025-08-13T15:57:30.629+0000][8][safepoint   ] Safepoint "G1CollectForAllocation", Time since last: 585074544 ns, Reaching safepoint: 164462 ns, At safepoint: 10278433 ns, Total: 10442895 ns
[2025-08-13T15:57:31.631+0000][8][safepoint   ] Safepoint "Cleanup", Time since last: 1000093828 ns, Reaching safepoint: 633333 ns, At safepoint: 1482251 ns, Total: 2115584 ns
[2025-08-13T15:57:31.887+0000][8][gc,start    ] GC(6) Pause Young (Concurrent Start) (Metadata GC Threshold)
[2025-08-13T15:57:31.887+0000][8][gc,task     ] GC(6) Using 2 workers of 2 for evacuation
[2025-08-13T15:57:31.887+0000][8][gc,age      ] GC(6) Desired survivor size 40370176 bytes, new threshold 15 (max threshold 15)
[2025-08-13T15:57:31.910+0000][8][gc,age      ] GC(6) Age table with threshold 15 (max threshold 15)
[2025-08-13T15:57:31.910+0000][8][gc,age      ] GC(6) - age   1:    3044824 bytes,    3044824 total
[2025-08-13T15:57:31.910+0000][8][gc,age      ] GC(6) - age   2:    3466576 bytes,    6511400 total
[2025-08-13T15:57:31.910+0000][8][gc,age      ] GC(6) - age   3:    1611952 bytes,    8123352 total
[2025-08-13T15:57:31.910+0000][8][gc,age      ] GC(6) - age   4:    1363720 bytes,    9487072 total
[2025-08-13T15:57:31.910+0000][8][gc,phases   ] GC(6)   Pre Evacuate Collection Set: 0.4ms
[2025-08-13T15:57:31.910+0000][8][gc,phases   ] GC(6)   Merge Heap Roots: 0.1ms
[2025-08-13T15:57:31.910+0000][8][gc,phases   ] GC(6)   Evacuate Collection Set: 19.9ms
[2025-08-13T15:57:31.910+0000][8][gc,phases   ] GC(6)   Post Evacuate Collection Set: 1.5ms
[2025-08-13T15:57:31.910+0000][8][gc,phases   ] GC(6)   Other: 0.6ms
[2025-08-13T15:57:31.910+0000][8][gc,heap     ] GC(6) Eden regions: 528->0(604)
[2025-08-13T15:57:31.910+0000][8][gc,heap     ] GC(6) Survivor regions: 8->10(77)
[2025-08-13T15:57:31.910+0000][8][gc,heap     ] GC(6) Old regions: 8->8
[2025-08-13T15:57:31.910+0000][8][gc,heap     ] GC(6) Archive regions: 2->2
[2025-08-13T15:57:31.910+0000][8][gc,heap     ] GC(6) Humongous regions: 1->1
[2025-08-13T15:57:31.910+0000][8][gc,metaspace] GC(6) Metaspace: 20008K(21296K)->20008K(21296K) NonClass: 17532K(18608K)->17532K(18608K) Class: 2475K(2688K)->2475K(2688K)
[2025-08-13T15:57:31.910+0000][8][gc          ] GC(6) Pause Young (Concurrent Start) (Metadata GC Threshold) 544M->19M(1024M) 22.602ms
[2025-08-13T15:57:31.910+0000][8][gc,cpu      ] GC(6) User=0.05s Sys=0.00s Real=0.02s
[2025-08-13T15:57:31.910+0000][8][safepoint   ] Safepoint "CollectForMetadataAllocation", Time since last: 255657533 ns, Reaching safepoint: 186919 ns, At safepoint: 23241775 ns, Total: 23428694 ns
[2025-08-13T15:57:31.911+0000][8][gc          ] GC(7) Concurrent Cycle
[2025-08-13T15:57:31.911+0000][8][gc,marking  ] GC(7) Concurrent Clear Claimed Marks
[2025-08-13T15:57:31.911+0000][8][gc,marking  ] GC(7) Concurrent Clear Claimed Marks 0.044ms
[2025-08-13T15:57:31.911+0000][8][gc,marking  ] GC(7) Concurrent Scan Root Regions
[2025-08-13T15:57:31.922+0000][8][gc,marking  ] GC(7) Concurrent Scan Root Regions 11.301ms
[2025-08-13T15:57:31.922+0000][8][gc,marking  ] GC(7) Concurrent Mark (10.313s)
[2025-08-13T15:57:31.922+0000][8][gc,marking  ] GC(7) Concurrent Mark From Roots
[2025-08-13T15:57:31.922+0000][8][gc,task     ] GC(7) Using 1 workers of 1 for marking
[2025-08-13T15:57:31.967+0000][8][gc,marking  ] GC(7) Concurrent Mark From Roots 45.387ms
[2025-08-13T15:57:31.967+0000][8][gc,marking  ] GC(7) Concurrent Preclean
[2025-08-13T15:57:31.968+0000][8][gc,marking  ] GC(7) Concurrent Preclean 0.237ms
[2025-08-13T15:57:31.968+0000][8][gc,marking  ] GC(7) Concurrent Mark (10.313s, 10.359s) 45.709ms
[2025-08-13T15:57:31.968+0000][8][gc,start    ] GC(7) Pause Remark
[2025-08-13T15:57:31.973+0000][8][gc          ] GC(7) Pause Remark 21M->21M(1024M) 4.730ms
[2025-08-13T15:57:31.973+0000][8][gc,cpu      ] GC(7) User=0.01s Sys=0.00s Real=0.00s
[2025-08-13T15:57:31.973+0000][8][safepoint   ] Safepoint "G1Concurrent", Time since last: 57250754 ns, Reaching safepoint: 157195 ns, At safepoint: 4856069 ns, Total: 5013264 ns
[2025-08-13T15:57:31.974+0000][8][gc,marking  ] GC(7) Concurrent Rebuild Remembered Sets
[2025-08-13T15:57:31.986+0000][8][gc,marking  ] GC(7) Concurrent Rebuild Remembered Sets 11.214ms
[2025-08-13T15:57:31.986+0000][8][gc,start    ] GC(7) Pause Cleanup
[2025-08-13T15:57:31.987+0000][8][gc          ] GC(7) Pause Cleanup 21M->21M(1024M) 0.308ms
[2025-08-13T15:57:31.987+0000][8][gc,cpu      ] GC(7) User=0.00s Sys=0.00s Real=0.00s
[2025-08-13T15:57:31.989+0000][8][safepoint   ] Safepoint "G1Concurrent", Time since last: 12974208 ns, Reaching safepoint: 696343 ns, At safepoint: 2587543 ns, Total: 3283886 ns
[2025-08-13T15:57:31.989+0000][8][gc,marking  ] GC(7) Concurrent Cleanup for Next Mark
[2025-08-13T15:57:31.995+0000][8][gc,marking  ] GC(7) Concurrent Cleanup for Next Mark 5.521ms
[2025-08-13T15:57:31.995+0000][8][gc          ] GC(7) Concurrent Cycle 84.114ms
[2025-08-13T15:57:33.050+0000][8][safepoint   ] Safepoint "ICBufferFull", Time since last: 1060344923 ns, Reaching safepoint: 651273 ns, At safepoint: 32362 ns, Total: 683635 ns
[2025-08-13T15:57:34.052+0000][8][safepoint   ] Safepoint "Cleanup", Time since last: 1000241162 ns, Reaching safepoint: 285734 ns, At safepoint: 1826047 ns, Total: 2111781 ns
[2025-08-13T15:57:35.055+0000][8][safepoint   ] Safepoint "Cleanup", Time since last: 1000337134 ns, Reaching safepoint: 225159 ns, At safepoint: 2431683 ns, Total: 2656842 ns
[2025-08-13T15:57:35.895+0000][8][gc,start    ] GC(8) Pause Young (Concurrent Start) (Metadata GC Threshold)
[2025-08-13T15:57:35.895+0000][8][gc,task     ] GC(8) Using 2 workers of 2 for evacuation
[2025-08-13T15:57:35.895+0000][8][gc,age      ] GC(8) Desired survivor size 40370176 bytes, new threshold 15 (max threshold 15)
[2025-08-13T15:57:35.971+0000][8][gc,age      ] GC(8) Age table with threshold 15 (max threshold 15)
[2025-08-13T15:57:35.972+0000][8][gc,age      ] GC(8) - age   1:   31748208 bytes,   31748208 total
[2025-08-13T15:57:35.972+0000][8][gc,age      ] GC(8) - age   2:    2992640 bytes,   34740848 total
[2025-08-13T15:57:35.972+0000][8][gc,age      ] GC(8) - age   3:    3431048 bytes,   38171896 total
[2025-08-13T15:57:35.972+0000][8][gc,age      ] GC(8) - age   4:    1600952 bytes,   39772848 total
[2025-08-13T15:57:35.972+0000][8][gc,age      ] GC(8) - age   5:    1359384 bytes,   41132232 total
[2025-08-13T15:57:35.972+0000][8][gc,phases   ] GC(8)   Pre Evacuate Collection Set: 0.4ms
[2025-08-13T15:57:35.972+0000][8][gc,phases   ] GC(8)   Merge Heap Roots: 0.2ms
[2025-08-13T15:57:35.972+0000][8][gc,phases   ] GC(8)   Evacuate Collection Set: 73.4ms
[2025-08-13T15:57:35.972+0000][8][gc,phases   ] GC(8)   Post Evacuate Collection Set: 2.0ms
[2025-08-13T15:57:35.972+0000][8][gc,phases   ] GC(8)   Other: 0.4ms
[2025-08-13T15:57:35.972+0000][8][gc,heap     ] GC(8) Eden regions: 249->0(338)
[2025-08-13T15:57:35.972+0000][8][gc,heap     ] GC(8) Survivor regions: 10->40(77)
[2025-08-13T15:57:35.972+0000][8][gc,heap     ] GC(8) Old regions: 8->8
[2025-08-13T15:57:35.972+0000][8][gc,heap     ] GC(8) Archive regions: 2->2
[2025-08-13T15:57:35.972+0000][8][gc,heap     ] GC(8) Humongous regions: 1->1
[2025-08-13T15:57:35.972+0000][8][gc,metaspace] GC(8) Metaspace: 33829K(35968K)->33829K(35968K) NonClass: 29460K(30976K)->29460K(30976K) Class: 4368K(4992K)->4368K(4992K)
[2025-08-13T15:57:35.972+0000][8][gc          ] GC(8) Pause Young (Concurrent Start) (Metadata GC Threshold) 268M->49M(1024M) 76.371ms
[2025-08-13T15:57:35.972+0000][8][gc,cpu      ] GC(8) User=0.15s Sys=0.00s Real=0.07s
[2025-08-13T15:57:35.972+0000][8][gc          ] GC(9) Concurrent Cycle
[2025-08-13T15:57:35.972+0000][8][gc,marking  ] GC(9) Concurrent Clear Claimed Marks
[2025-08-13T15:57:35.972+0000][8][gc,marking  ] GC(9) Concurrent Clear Claimed Marks 0.076ms
[2025-08-13T15:57:35.972+0000][8][gc,marking  ] GC(9) Concurrent Scan Root Regions
[2025-08-13T15:57:35.975+0000][8][safepoint   ] Safepoint "CollectForMetadataAllocation", Time since last: 839604702 ns, Reaching safepoint: 289297 ns, At safepoint: 80113610 ns, Total: 80402907 ns
[2025-08-13T15:57:36.014+0000][8][safepoint   ] Safepoint "CollectForMetadataAllocation", Time since last: 37568526 ns, Reaching safepoint: 156632 ns, At safepoint: 1108787 ns, Total: 1265419 ns
[2025-08-13T15:57:36.061+0000][8][gc,marking  ] GC(9) Concurrent Scan Root Regions 89.597ms
[2025-08-13T15:57:36.062+0000][8][gc,marking  ] GC(9) Concurrent Mark (14.453s)
[2025-08-13T15:57:36.062+0000][8][gc,marking  ] GC(9) Concurrent Mark From Roots
[2025-08-13T15:57:36.062+0000][8][gc,task     ] GC(9) Using 1 workers of 1 for marking
[2025-08-13T15:57:36.093+0000][8][gc,marking  ] GC(9) Concurrent Mark From Roots 31.299ms
[2025-08-13T15:57:36.093+0000][8][gc,marking  ] GC(9) Concurrent Preclean
[2025-08-13T15:57:36.093+0000][8][gc,marking  ] GC(9) Concurrent Preclean 0.145ms
[2025-08-13T15:57:36.093+0000][8][gc,marking  ] GC(9) Concurrent Mark (14.453s, 14.484s) 31.529ms
[2025-08-13T15:57:36.093+0000][8][gc,start    ] GC(9) Pause Remark
[2025-08-13T15:57:36.100+0000][8][gc          ] GC(9) Pause Remark 62M->62M(1024M) 7.095ms
[2025-08-13T15:57:36.101+0000][8][gc,cpu      ] GC(9) User=0.01s Sys=0.00s Real=0.01s
[2025-08-13T15:57:36.103+0000][8][safepoint   ] Safepoint "G1Concurrent", Time since last: 78886763 ns, Reaching safepoint: 234417 ns, At safepoint: 9543285 ns, Total: 9777702 ns
[2025-08-13T15:57:36.103+0000][8][gc,marking  ] GC(9) Concurrent Rebuild Remembered Sets
[2025-08-13T15:57:36.126+0000][8][gc,marking  ] GC(9) Concurrent Rebuild Remembered Sets 23.462ms
[2025-08-13T15:57:36.127+0000][8][gc,start    ] GC(9) Pause Cleanup
[2025-08-13T15:57:36.127+0000][8][gc          ] GC(9) Pause Cleanup 74M->74M(1024M) 0.273ms
[2025-08-13T15:57:36.127+0000][8][gc,cpu      ] GC(9) User=0.00s Sys=0.00s Real=0.00s
[2025-08-13T15:57:36.127+0000][8][safepoint   ] Safepoint "G1Concurrent", Time since last: 23677012 ns, Reaching safepoint: 471297 ns, At safepoint: 380392 ns, Total: 851689 ns
[2025-08-13T15:57:36.127+0000][8][gc,marking  ] GC(9) Concurrent Cleanup for Next Mark
[2025-08-13T15:57:36.131+0000][8][gc,marking  ] GC(9) Concurrent Cleanup for Next Mark 3.144ms
[2025-08-13T15:57:36.131+0000][8][gc          ] GC(9) Concurrent Cycle 158.904ms
[2025-08-13T15:57:37.163+0000][8][safepoint   ] Safepoint "Cleanup", Time since last: 1035206012 ns, Reaching safepoint: 260225 ns, At safepoint: 16290 ns, Total: 276515 ns
[2025-08-13T15:57:38.164+0000][8][safepoint   ] Safepoint "Cleanup", Time since last: 1000504018 ns, Reaching safepoint: 217764 ns, At safepoint: 11762 ns, Total: 229526 ns
[2025-08-13T15:57:39.546+0000][8][safepoint   ] Safepoint "Cleanup", Time since last: 1381844517 ns, Reaching safepoint: 501565 ns, At safepoint: 14754 ns, Total: 516319 ns
[2025-08-13T15:57:40.352+0000][8][safepoint   ] Safepoint "ICBufferFull", Time since last: 805847730 ns, Reaching safepoint: 438140 ns, At safepoint: 25289 ns, Total: 463429 ns
[2025-08-13T15:57:40.804+0000][8][gc,start    ] GC(10) Pause Young (Concurrent Start) (Metadata GC Threshold)
[2025-08-13T15:57:40.804+0000][8][gc,task     ] GC(10) Using 2 workers of 2 for evacuation
[2025-08-13T15:57:40.804+0000][8][gc,age      ] GC(10) Desired survivor size 29884416 bytes, new threshold 1 (max threshold 15)
[2025-08-13T15:57:40.905+0000][8][gc,age      ] GC(10) Age table with threshold 1 (max threshold 15)
[2025-08-13T15:57:40.905+0000][8][gc,age      ] GC(10) - age   1:   11894784 bytes,   11894784 total
[2025-08-13T15:57:40.905+0000][8][gc,phases   ] GC(10)   Pre Evacuate Collection Set: 0.4ms
[2025-08-13T15:57:40.905+0000][8][gc,phases   ] GC(10)   Merge Heap Roots: 0.1ms
[2025-08-13T15:57:40.905+0000][8][gc,phases   ] GC(10)   Evacuate Collection Set: 97.1ms
[2025-08-13T15:57:40.905+0000][8][gc,phases   ] GC(10)   Post Evacuate Collection Set: 2.6ms
[2025-08-13T15:57:40.905+0000][8][gc,phases   ] GC(10)   Other: 0.4ms
[2025-08-13T15:57:40.905+0000][8][gc,heap     ] GC(10) Eden regions: 262->0(403)
[2025-08-13T15:57:40.905+0000][8][gc,heap     ] GC(10) Survivor regions: 40->12(57)
[2025-08-13T15:57:40.905+0000][8][gc,heap     ] GC(10) Old regions: 8->48
[2025-08-13T15:57:40.905+0000][8][gc,heap     ] GC(10) Archive regions: 2->2
[2025-08-13T15:57:40.905+0000][8][gc,heap     ] GC(10) Humongous regions: 1->1
[2025-08-13T15:57:40.905+0000][8][gc,metaspace] GC(10) Metaspace: 58025K(61060K)->58025K(61060K) NonClass: 50319K(52380K)->50319K(52380K) Class: 7706K(8680K)->7706K(8680K)
[2025-08-13T15:57:40.905+0000][8][gc          ] GC(10) Pause Young (Concurrent Start) (Metadata GC Threshold) 310M->60M(1024M) 100.681ms
[2025-08-13T15:57:40.905+0000][8][gc,cpu      ] GC(10) User=0.19s Sys=0.00s Real=0.11s
[2025-08-13T15:57:40.905+0000][8][gc          ] GC(11) Concurrent Cycle
[2025-08-13T15:57:40.905+0000][8][gc,marking  ] GC(11) Concurrent Clear Claimed Marks
[2025-08-13T15:57:40.905+0000][8][gc,marking  ] GC(11) Concurrent Clear Claimed Marks 0.112ms
[2025-08-13T15:57:40.905+0000][8][gc,marking  ] GC(11) Concurrent Scan Root Regions
[2025-08-13T15:57:40.907+0000][8][safepoint   ] Safepoint "CollectForMetadataAllocation", Time since last: 451381330 ns, Reaching safepoint: 352000 ns, At safepoint: 103375170 ns, Total: 103727170 ns
[2025-08-13T15:57:40.966+0000][8][gc,marking  ] GC(11) Concurrent Scan Root Regions 61.390ms
[2025-08-13T15:57:40.966+0000][8][gc,marking  ] GC(11) Concurrent Mark (19.358s)
[2025-08-13T15:57:40.967+0000][8][gc,marking  ] GC(11) Concurrent Mark From Roots
[2025-08-13T15:57:40.967+0000][8][gc,task     ] GC(11) Using 1 workers of 1 for marking
[2025-08-13T15:57:41.015+0000][8][safepoint   ] Safepoint "CollectForMetadataAllocation", Time since last: 104692447 ns, Reaching safepoint: 148790 ns, At safepoint: 3133984 ns, Total: 3282774 ns
[2025-08-13T15:57:41.022+0000][8][gc,marking  ] GC(11) Concurrent Mark From Roots 55.912ms
[2025-08-13T15:57:41.023+0000][8][gc,marking  ] GC(11) Concurrent Preclean
[2025-08-13T15:57:41.023+0000][8][gc,marking  ] GC(11) Concurrent Preclean 0.114ms
[2025-08-13T15:57:41.023+0000][8][gc,marking  ] GC(11) Concurrent Mark (19.358s, 19.414s) 56.214ms
[2025-08-13T15:57:41.023+0000][8][gc,start    ] GC(11) Pause Remark
[2025-08-13T15:57:41.033+0000][8][gc          ] GC(11) Pause Remark 63M->63M(1024M) 10.021ms
[2025-08-13T15:57:41.033+0000][8][gc,cpu      ] GC(11) User=0.02s Sys=0.00s Real=0.01s
[2025-08-13T15:57:41.033+0000][8][safepoint   ] Safepoint "G1Concurrent", Time since last: 7307447 ns, Reaching safepoint: 86453 ns, At safepoint: 10140259 ns, Total: 10226712 ns
[2025-08-13T15:57:41.033+0000][8][gc,marking  ] GC(11) Concurrent Rebuild Remembered Sets
[2025-08-13T15:57:41.111+0000][8][gc,marking  ] GC(11) Concurrent Rebuild Remembered Sets 78.161ms
[2025-08-13T15:57:41.112+0000][8][gc,start    ] GC(11) Pause Cleanup
[2025-08-13T15:57:41.113+0000][8][gc          ] GC(11) Pause Cleanup 65M->65M(1024M) 0.380ms
[2025-08-13T15:57:41.113+0000][8][gc,cpu      ] GC(11) User=0.00s Sys=0.00s Real=0.00s
[2025-08-13T15:57:41.113+0000][8][safepoint   ] Safepoint "G1Concurrent", Time since last: 78291675 ns, Reaching safepoint: 908711 ns, At safepoint: 485693 ns, Total: 1394404 ns
[2025-08-13T15:57:41.113+0000][8][gc,marking  ] GC(11) Concurrent Cleanup for Next Mark
[2025-08-13T15:57:41.117+0000][8][gc,marking  ] GC(11) Concurrent Cleanup for Next Mark 4.013ms
[2025-08-13T15:57:41.117+0000][8][gc          ] GC(11) Concurrent Cycle 211.928ms
[2025-08-13T15:57:42.379+0000][8][safepoint   ] Safepoint "Cleanup", Time since last: 1264740448 ns, Reaching safepoint: 1810640 ns, At safepoint: 14527 ns, Total: 1825167 ns
[2025-08-13T15:57:43.320+0000][8][safepoint   ] Safepoint "ICBufferFull", Time since last: 940867568 ns, Reaching safepoint: 227268 ns, At safepoint: 9674 ns, Total: 236942 ns
[2025-08-13T15:57:44.561+0000][8][safepoint   ] Safepoint "ICBufferFull", Time since last: 1240595350 ns, Reaching safepoint: 437291 ns, At safepoint: 10160 ns, Total: 447451 ns
[2025-08-13T15:57:45.561+0000][8][safepoint   ] Safepoint "ICBufferFull", Time since last: 998341721 ns, Reaching safepoint: 1451473 ns, At safepoint: 59706 ns, Total: 1511179 ns
[2025-08-13T15:57:46.456+0000][8][safepoint   ] Safepoint "ICBufferFull", Time since last: 894228456 ns, Reaching safepoint: 638286 ns, At safepoint: 15893 ns, Total: 654179 ns
[2025-08-13T15:57:47.448+0000][8][safepoint   ] Safepoint "ICBufferFull", Time since last: 988896325 ns, Reaching safepoint: 2815828 ns, At safepoint: 21886 ns, Total: 2837714 ns
[2025-08-13T15:57:48.189+0000][8][safepoint   ] Safepoint "ICBufferFull", Time since last: 740745047 ns, Reaching safepoint: 405154 ns, At safepoint: 37342 ns, Total: 442496 ns
[2025-08-13T15:57:48.906+0000][8][safepoint   ] Safepoint "ICBufferFull", Time since last: 716618666 ns, Reaching safepoint: 254207 ns, At safepoint: 40798 ns, Total: 295005 ns
[2025-08-13T15:57:49.796+0000][8][safepoint   ] Safepoint "ICBufferFull", Time since last: 889446965 ns, Reaching safepoint: 361810 ns, At safepoint: 28407 ns, Total: 390217 ns
[2025-08-13T15:57:50.799+0000][8][safepoint   ] Safepoint "Cleanup", Time since last: 1002319082 ns, Reaching safepoint: 433464 ns, At safepoint: 28627 ns, Total: 462091 ns
[2025-08-13T15:57:51.799+0000][8][safepoint   ] Safepoint "Cleanup", Time since last: 1000188516 ns, Reaching safepoint: 316872 ns, At safepoint: 10355 ns, Total: 327227 ns
[2025-08-13T15:57:52.800+0000][8][safepoint   ] Safepoint "Cleanup", Time since last: 1000253487 ns, Reaching safepoint: 203738 ns, At safepoint: 8305 ns, Total: 212043 ns
[2025-08-13T15:57:53.800+0000][8][safepoint   ] Safepoint "Cleanup", Time since last: 1000212796 ns, Reaching safepoint: 170102 ns, At safepoint: 3692 ns, Total: 173794 ns
[2025-08-13T15:57:54.859+0000][8][safepoint   ] Safepoint "Cleanup", Time since last: 1039523157 ns, Reaching safepoint: 18020498 ns, At safepoint: 1235656 ns, Total: 19256154 ns
[2025-08-13T15:57:55.409+0000][8][safepoint   ] Safepoint "ICBufferFull", Time since last: 549611825 ns, Reaching safepoint: 371490 ns, At safepoint: 18417 ns, Total: 389907 ns
[2025-08-13T15:57:55.827+0000][8][safepoint   ] Safepoint "ICBufferFull", Time since last: 417628631 ns, Reaching safepoint: 565312 ns, At safepoint: 20466 ns, Total: 585778 ns
[2025-08-13T15:57:56.389+0000][8][safepoint   ] Safepoint "ICBufferFull", Time since last: 562212491 ns, Reaching safepoint: 316071 ns, At safepoint: 14645 ns, Total: 330716 ns
[2025-08-13T15:57:56.539+0000][8][gc,start    ] GC(12) Pause Young (Concurrent Start) (G1 Evacuation Pause)
[2025-08-13T15:57:56.539+0000][8][gc,task     ] GC(12) Using 2 workers of 2 for evacuation
[2025-08-13T15:57:56.539+0000][8][gc,age      ] GC(12) Desired survivor size 31457280 bytes, new threshold 15 (max threshold 15)
[2025-08-13T15:57:56.605+0000][8][gc,age      ] GC(12) Age table with threshold 15 (max threshold 15)
[2025-08-13T15:57:56.605+0000][8][gc,age      ] GC(12) - age   1:   18093120 bytes,   18093120 total
[2025-08-13T15:57:56.605+0000][8][gc,age      ] GC(12) - age   2:   11340512 bytes,   29433632 total
[2025-08-13T15:57:56.606+0000][8][gc,phases   ] GC(12)   Pre Evacuate Collection Set: 0.3ms
[2025-08-13T15:57:56.606+0000][8][gc,phases   ] GC(12)   Merge Heap Roots: 0.2ms
[2025-08-13T15:57:56.606+0000][8][gc,phases   ] GC(12)   Evacuate Collection Set: 61.9ms
[2025-08-13T15:57:56.606+0000][8][gc,phases   ] GC(12)   Post Evacuate Collection Set: 3.5ms
[2025-08-13T15:57:56.606+0000][8][gc,phases   ] GC(12)   Other: 0.4ms
[2025-08-13T15:57:56.606+0000][8][gc,heap     ] GC(12) Eden regions: 462->0(120)
[2025-08-13T15:57:56.606+0000][8][gc,heap     ] GC(12) Survivor regions: 12->29(60)
[2025-08-13T15:57:56.606+0000][8][gc,heap     ] GC(12) Old regions: 48->48
[2025-08-13T15:57:56.606+0000][8][gc,heap     ] GC(12) Archive regions: 2->2
[2025-08-13T15:57:56.606+0000][8][gc,heap     ] GC(12) Humongous regions: 16->15
[2025-08-13T15:57:56.606+0000][8][gc,metaspace] GC(12) Metaspace: 96052K(99716K)->96052K(99716K) NonClass: 83171K(85660K)->83171K(85660K) Class: 12881K(14056K)->12881K(14056K)
[2025-08-13T15:57:56.606+0000][8][gc          ] GC(12) Pause Young (Concurrent Start) (G1 Evacuation Pause) 537M->91M(1024M) 66.370ms
[2025-08-13T15:57:56.606+0000][8][gc,cpu      ] GC(12) User=0.13s Sys=0.00s Real=0.07s
[2025-08-13T15:57:56.607+0000][8][safepoint   ] Safepoint "G1CollectForAllocation", Time since last: 149377330 ns, Reaching safepoint: 393468 ns, At safepoint: 68217042 ns, Total: 68610510 ns
[2025-08-13T15:57:56.611+0000][8][gc          ] GC(13) Concurrent Cycle
[2025-08-13T15:57:56.611+0000][8][gc,marking  ] GC(13) Concurrent Clear Claimed Marks
[2025-08-13T15:57:56.611+0000][8][gc,marking  ] GC(13) Concurrent Clear Claimed Marks 0.113ms
[2025-08-13T15:57:56.611+0000][8][gc,marking  ] GC(13) Concurrent Scan Root Regions
[2025-08-13T15:57:56.682+0000][8][gc,marking  ] GC(13) Concurrent Scan Root Regions 70.857ms
[2025-08-13T15:57:56.682+0000][8][gc,marking  ] GC(13) Concurrent Mark (35.073s)
[2025-08-13T15:57:56.682+0000][8][gc,marking  ] GC(13) Concurrent Mark From Roots
[2025-08-13T15:57:56.682+0000][8][gc,task     ] GC(13) Using 1 workers of 1 for marking
[2025-08-13T15:57:56.963+0000][8][gc,marking  ] GC(13) Concurrent Mark From Roots 280.839ms
[2025-08-13T15:57:56.963+0000][8][gc,marking  ] GC(13) Concurrent Preclean
[2025-08-13T15:57:56.963+0000][8][gc,marking  ] GC(13) Concurrent Preclean 0.248ms
[2025-08-13T15:57:56.963+0000][8][gc,marking  ] GC(13) Concurrent Mark (35.073s, 35.355s) 281.172ms
[2025-08-13T15:57:56.964+0000][8][gc,start    ] GC(13) Pause Remark
[2025-08-13T15:57:56.975+0000][8][gc          ] GC(13) Pause Remark 119M->119M(1024M) 11.852ms
[2025-08-13T15:57:56.976+0000][8][gc,cpu      ] GC(13) User=0.02s Sys=0.00s Real=0.02s
[2025-08-13T15:57:56.976+0000][8][safepoint   ] Safepoint "G1Concurrent", Time since last: 355856164 ns, Reaching safepoint: 340943 ns, At safepoint: 12001351 ns, Total: 12342294 ns
[2025-08-13T15:57:56.976+0000][8][gc,marking  ] GC(13) Concurrent Rebuild Remembered Sets
[2025-08-13T15:57:57.149+0000][8][gc,marking  ] GC(13) Concurrent Rebuild Remembered Sets 173.533ms
[2025-08-13T15:57:57.150+0000][8][gc,start    ] GC(13) Pause Cleanup
[2025-08-13T15:57:57.151+0000][8][gc          ] GC(13) Pause Cleanup 134M->134M(1024M) 0.389ms
[2025-08-13T15:57:57.151+0000][8][gc,cpu      ] GC(13) User=0.00s Sys=0.00s Real=0.00s
[2025-08-13T15:57:57.151+0000][8][safepoint   ] Safepoint "G1Concurrent", Time since last: 173871134 ns, Reaching safepoint: 612229 ns, At safepoint: 490078 ns, Total: 1102307 ns
[2025-08-13T15:57:57.152+0000][8][gc,marking  ] GC(13) Concurrent Cleanup for Next Mark
[2025-08-13T15:57:57.156+0000][8][gc,marking  ] GC(13) Concurrent Cleanup for Next Mark 3.571ms
[2025-08-13T15:57:57.156+0000][8][gc          ] GC(13) Concurrent Cycle 545.091ms
[2025-08-13T15:57:57.430+0000][8][safepoint   ] Safepoint "ICBufferFull", Time since last: 278562893 ns, Reaching safepoint: 379151 ns, At safepoint: 9352 ns, Total: 388503 ns
[2025-08-13T15:57:57.610+0000][8][gc,start    ] GC(14) Pause Young (Normal) (G1 Evacuation Pause)
[2025-08-13T15:57:57.610+0000][8][gc,task     ] GC(14) Using 2 workers of 2 for evacuation
[2025-08-13T15:57:57.610+0000][8][gc,age      ] GC(14) Desired survivor size 8912896 bytes, new threshold 1 (max threshold 15)
[2025-08-13T15:57:57.674+0000][8][gc,age      ] GC(14) Age table with threshold 1 (max threshold 15)
[2025-08-13T15:57:57.674+0000][8][gc,age      ] GC(14) - age   1:     364296 bytes,     364296 total
[2025-08-13T15:57:57.674+0000][8][gc,phases   ] GC(14)   Pre Evacuate Collection Set: 0.2ms
[2025-08-13T15:57:57.674+0000][8][gc,phases   ] GC(14)   Merge Heap Roots: 0.1ms
[2025-08-13T15:57:57.674+0000][8][gc,phases   ] GC(14)   Evacuate Collection Set: 60.8ms
[2025-08-13T15:57:57.674+0000][8][gc,phases   ] GC(14)   Post Evacuate Collection Set: 2.6ms
[2025-08-13T15:57:57.674+0000][8][gc,phases   ] GC(14)   Other: 0.3ms
[2025-08-13T15:57:57.674+0000][8][gc,heap     ] GC(14) Eden regions: 105->0(613)
[2025-08-13T15:57:57.674+0000][8][gc,heap     ] GC(14) Survivor regions: 29->1(17)
[2025-08-13T15:57:57.674+0000][8][gc,heap     ] GC(14) Old regions: 48->75
[2025-08-13T15:57:57.674+0000][8][gc,heap     ] GC(14) Archive regions: 2->2
[2025-08-13T15:57:57.674+0000][8][gc,heap     ] GC(14) Humongous regions: 15->15
[2025-08-13T15:57:57.674+0000][8][gc,metaspace] GC(14) Metaspace: 96417K(99972K)->96417K(99972K) NonClass: 83532K(85916K)->83532K(85916K) Class: 12884K(14056K)->12884K(14056K)
[2025-08-13T15:57:57.674+0000][8][gc          ] GC(14) Pause Young (Normal) (G1 Evacuation Pause) 196M->91M(1024M) 64.134ms
[2025-08-13T15:57:57.674+0000][8][gc,cpu      ] GC(14) User=0.12s Sys=0.00s Real=0.06s
[2025-08-13T15:57:57.674+0000][8][safepoint   ] Safepoint "G1CollectForAllocation", Time since last: 180158603 ns, Reaching safepoint: 192231 ns, At safepoint: 64257877 ns, Total: 64450108 ns
[2025-08-13T15:57:58.674+0000][8][safepoint   ] Safepoint "Cleanup", Time since last: 1000129999 ns, Reaching safepoint: 206102 ns, At safepoint: 9411 ns, Total: 215513 ns
[2025-08-13T15:57:59.675+0000][8][safepoint   ] Safepoint "Cleanup", Time since last: 1000200488 ns, Reaching safepoint: 299316 ns, At safepoint: 11999 ns, Total: 311315 ns
[2025-08-13T15:58:01.676+0000][8][safepoint   ] Safepoint "Cleanup", Time since last: 2000446980 ns, Reaching safepoint: 166370 ns, At safepoint: 3575 ns, Total: 169945 ns
[2025-08-13T15:58:02.676+0000][8][safepoint   ] Safepoint "Cleanup", Time since last: 1000240116 ns, Reaching safepoint: 159901 ns, At safepoint: 8404 ns, Total: 168305 ns
[2025-08-13T15:58:04.054+0000][8][safepoint   ] Safepoint "Cleanup", Time since last: 1378059514 ns, Reaching safepoint: 234237 ns, At safepoint: 6655 ns, Total: 240892 ns
[2025-08-13T15:58:05.304+0000][8][safepoint   ] Safepoint "Cleanup", Time since last: 1249192337 ns, Reaching safepoint: 690800 ns, At safepoint: 13615 ns, Total: 704415 ns
[2025-08-13T15:58:06.305+0000][8][safepoint   ] Safepoint "Cleanup", Time since last: 1000169395 ns, Reaching safepoint: 139414 ns, At safepoint: 7586 ns, Total: 147000 ns
[2025-08-13T15:58:07.305+0000][8][safepoint   ] Safepoint "Cleanup", Time since last: 1000164514 ns, Reaching safepoint: 147554 ns, At safepoint: 7150 ns, Total: 154704 ns
[2025-08-13T15:58:08.305+0000][8][safepoint   ] Safepoint "Cleanup", Time since last: 1000206321 ns, Reaching safepoint: 167709 ns, At safepoint: 7149 ns, Total: 174858 ns
[2025-08-13T15:58:09.306+0000][8][safepoint   ] Safepoint "Cleanup", Time since last: 1000151247 ns, Reaching safepoint: 130690 ns, At safepoint: 8224 ns, Total: 138914 ns
[2025-08-13T15:58:10.306+0000][8][safepoint   ] Safepoint "Cleanup", Time since last: 1000186958 ns, Reaching safepoint: 262209 ns, At safepoint: 10633 ns, Total: 272842 ns
[2025-08-13T15:58:11.306+0000][8][safepoint   ] Safepoint "Cleanup", Time since last: 1000176153 ns, Reaching safepoint: 115880 ns, At safepoint: 7621 ns, Total: 123501 ns
[2025-08-13T15:58:12.307+0000][8][safepoint   ] Safepoint "Cleanup", Time since last: 1000219627 ns, Reaching safepoint: 141915 ns, At safepoint: 4512 ns, Total: 146427 ns
[2025-08-13T15:58:13.307+0000][8][safepoint   ] Safepoint "Cleanup", Time since last: 1000201244 ns, Reaching safepoint: 139228 ns, At safepoint: 26668 ns, Total: 165896 ns
[2025-08-13T15:58:14.309+0000][8][safepoint   ] Safepoint "Cleanup", Time since last: 1001376342 ns, Reaching safepoint: 139582 ns, At safepoint: 27415 ns, Total: 166997 ns
[2025-08-13T15:58:15.309+0000][8][safepoint   ] Safepoint "Cleanup", Time since last: 1000123031 ns, Reaching safepoint: 171396 ns, At safepoint: 13269 ns, Total: 184665 ns
[2025-08-13T15:58:16.309+0000][8][safepoint   ] Safepoint "Cleanup", Time since last: 1000207899 ns, Reaching safepoint: 125342 ns, At safepoint: 5256 ns, Total: 130598 ns
[2025-08-13T15:58:17.517+0000][8][safepoint   ] Safepoint "Cleanup", Time since last: 1207119869 ns, Reaching safepoint: 218871 ns, At safepoint: 9358 ns, Total: 228229 ns
[2025-08-13T15:58:18.517+0000][8][safepoint   ] Safepoint "Cleanup", Time since last: 1000157913 ns, Reaching safepoint: 285817 ns, At safepoint: 8273 ns, Total: 294090 ns
[2025-08-13T15:58:19.517+0000][8][safepoint   ] Safepoint "Cleanup", Time since last: 1000161116 ns, Reaching safepoint: 170187 ns, At safepoint: 4683 ns, Total: 174870 ns
[2025-08-13T15:58:21.518+0000][8][safepoint   ] Safepoint "Cleanup", Time since last: 2000375248 ns, Reaching safepoint: 208128 ns, At safepoint: 10935 ns, Total: 219063 ns
[2025-08-13T15:58:22.518+0000][8][safepoint   ] Safepoint "Cleanup", Time since last: 1000198051 ns, Reaching safepoint: 161024 ns, At safepoint: 5595 ns, Total: 166619 ns
[2025-08-13T15:58:24.519+0000][8][safepoint   ] Safepoint "Cleanup", Time since last: 2000436785 ns, Reaching safepoint: 160950 ns, At safepoint: 5482 ns, Total: 166432 ns
[2025-08-13T15:58:25.519+0000][8][safepoint   ] Safepoint "Cleanup", Time since last: 1000257540 ns, Reaching safepoint: 137156 ns, At safepoint: 4766 ns, Total: 141922 ns
[2025-08-13T15:58:27.520+0000][8][safepoint   ] Safepoint "Cleanup", Time since last: 2000479837 ns, Reaching safepoint: 232190 ns, At safepoint: 7852 ns, Total: 240042 ns
[2025-08-13T15:58:28.520+0000][8][safepoint   ] Safepoint "Cleanup", Time since last: 1000197948 ns, Reaching safepoint: 159829 ns, At safepoint: 6386 ns, Total: 166215 ns
[2025-08-13T15:58:29.521+0000][8][safepoint   ] Safepoint "Cleanup", Time since last: 1000183719 ns, Reaching safepoint: 137926 ns, At safepoint: 7213 ns, Total: 145139 ns
[2025-08-13T15:58:30.521+0000][8][safepoint   ] Safepoint "Cleanup", Time since last: 1000165451 ns, Reaching safepoint: 188234 ns, At safepoint: 8435 ns, Total: 196669 ns
[2025-08-13T15:58:31.521+0000][8][safepoint   ] Safepoint "Cleanup", Time since last: 1000160262 ns, Reaching safepoint: 144650 ns, At safepoint: 4897 ns, Total: 149547 ns
[2025-08-13T15:58:32.522+0000][8][safepoint   ] Safepoint "Cleanup", Time since last: 1000160452 ns, Reaching safepoint: 146096 ns, At safepoint: 10082 ns, Total: 156178 ns
[2025-08-13T15:58:33.522+0000][8][safepoint   ] Safepoint "Cleanup", Time since last: 1000208726 ns, Reaching safepoint: 120530 ns, At safepoint: 5119 ns, Total: 125649 ns
[2025-08-13T15:58:34.522+0000][8][safepoint   ] Safepoint "Cleanup", Time since last: 1000176039 ns, Reaching safepoint: 177942 ns, At safepoint: 7773 ns, Total: 185715 ns
[2025-08-13T15:58:35.523+0000][8][safepoint   ] Safepoint "Cleanup", Time since last: 1000190648 ns, Reaching safepoint: 210864 ns, At safepoint: 8468 ns, Total: 219332 ns
[2025-08-13T15:58:36.523+0000][8][safepoint   ] Safepoint "Cleanup", Time since last: 1000167320 ns, Reaching safepoint: 132579 ns, At safepoint: 7986 ns, Total: 140565 ns
[2025-08-13T15:58:37.524+0000][8][safepoint   ] Safepoint "Cleanup", Time since last: 1000197558 ns, Reaching safepoint: 254316 ns, At safepoint: 6826 ns, Total: 261142 ns
[2025-08-13T15:58:38.524+0000][8][safepoint   ] Safepoint "Cleanup", Time since last: 1000194347 ns, Reaching safepoint: 143439 ns, At safepoint: 8219 ns, Total: 151658 ns
[2025-08-13T15:58:39.524+0000][8][safepoint   ] Safepoint "Cleanup", Time since last: 1000162045 ns, Reaching safepoint: 188384 ns, At safepoint: 5985 ns, Total: 194369 ns
[2025-08-13T15:58:40.525+0000][8][safepoint   ] Safepoint "Cleanup", Time since last: 1000202651 ns, Reaching safepoint: 151338 ns, At safepoint: 6647 ns, Total: 157985 ns
[2025-08-13T15:58:41.525+0000][8][safepoint   ] Safepoint "Cleanup", Time since last: 1000196384 ns, Reaching safepoint: 121234 ns, At safepoint: 8223 ns, Total: 129457 ns
[2025-08-13T15:58:42.525+0000][8][safepoint   ] Safepoint "Cleanup", Time since last: 1000207235 ns, Reaching safepoint: 215554 ns, At safepoint: 7785 ns, Total: 223339 ns
[2025-08-13T15:58:43.526+0000][8][safepoint   ] Safepoint "Cleanup", Time since last: 1000234434 ns, Reaching safepoint: 227901 ns, At safepoint: 8019 ns, Total: 235920 ns
[2025-08-13T15:58:44.526+0000][8][safepoint   ] Safepoint "Cleanup", Time since last: 1000203670 ns, Reaching safepoint: 136526 ns, At safepoint: 4295 ns, Total: 140821 ns
[2025-08-13T15:58:45.527+0000][8][safepoint   ] Safepoint "Cleanup", Time since last: 1000190025 ns, Reaching safepoint: 216409 ns, At safepoint: 4818 ns, Total: 221227 ns
[2025-08-13T15:58:46.527+0000][8][safepoint   ] Safepoint "Cleanup", Time since last: 1000215975 ns, Reaching safepoint: 189006 ns, At safepoint: 10185 ns, Total: 199191 ns
[2025-08-13T15:58:47.527+0000][8][safepoint   ] Safepoint "Cleanup", Time since last: 1000196067 ns, Reaching safepoint: 206559 ns, At safepoint: 8863 ns, Total: 215422 ns
[2025-08-13T15:58:48.528+0000][8][safepoint   ] Safepoint "Cleanup", Time since last: 1000199156 ns, Reaching safepoint: 258034 ns, At safepoint: 6870 ns, Total: 264904 ns
[2025-08-13T15:58:49.528+0000][8][safepoint   ] Safepoint "Cleanup", Time since last: 1000185418 ns, Reaching safepoint: 177624 ns, At safepoint: 5637 ns, Total: 183261 ns
[2025-08-13T15:58:50.529+0000][8][safepoint   ] Safepoint "Cleanup", Time since last: 1000221824 ns, Reaching safepoint: 128860 ns, At safepoint: 4430 ns, Total: 133290 ns
[2025-08-13T15:58:51.529+0000][8][safepoint   ] Safepoint "Cleanup", Time since last: 1000191725 ns, Reaching safepoint: 133345 ns, At safepoint: 4017 ns, Total: 137362 ns
[2025-08-13T15:58:52.530+0000][8][safepoint   ] Safepoint "Cleanup", Time since last: 1000765213 ns, Reaching safepoint: 228069 ns, At safepoint: 9472 ns, Total: 237541 ns
[2025-08-13T15:58:53.531+0000][8][safepoint   ] Safepoint "Cleanup", Time since last: 1000511722 ns, Reaching safepoint: 301086 ns, At safepoint: 11804 ns, Total: 312890 ns
[2025-08-13T15:58:54.531+0000][8][safepoint   ] Safepoint "Cleanup", Time since last: 1000199320 ns, Reaching safepoint: 199302 ns, At safepoint: 6888 ns, Total: 206190 ns
[2025-08-13T15:58:55.532+0000][8][safepoint   ] Safepoint "Cleanup", Time since last: 1000195840 ns, Reaching safepoint: 147126 ns, At safepoint: 10093 ns, Total: 157219 ns
[2025-08-13T15:58:57.532+0000][8][safepoint   ] Safepoint "Cleanup", Time since last: 2000345431 ns, Reaching safepoint: 140704 ns, At safepoint: 7508 ns, Total: 148212 ns
[2025-08-13T15:58:58.532+0000][8][safepoint   ] Safepoint "Cleanup", Time since last: 1000172961 ns, Reaching safepoint: 218080 ns, At safepoint: 10436 ns, Total: 228516 ns
[2025-08-13T15:58:59.533+0000][8][safepoint   ] Safepoint "Cleanup", Time since last: 1000257141 ns, Reaching safepoint: 193457 ns, At safepoint: 7433 ns, Total: 200890 ns
[2025-08-13T15:59:01.534+0000][8][safepoint   ] Safepoint "Cleanup", Time since last: 2000389478 ns, Reaching safepoint: 210854 ns, At safepoint: 7880 ns, Total: 218734 ns
[2025-08-13T15:59:02.534+0000][8][safepoint   ] Safepoint "Cleanup", Time since last: 1000189200 ns, Reaching safepoint: 148514 ns, At safepoint: 7704 ns, Total: 156218 ns
[2025-08-13T15:59:03.534+0000][8][safepoint   ] Safepoint "Cleanup", Time since last: 1000219420 ns, Reaching safepoint: 199560 ns, At safepoint: 5877 ns, Total: 205437 ns
[2025-08-13T15:59:04.535+0000][8][safepoint   ] Safepoint "Cleanup", Time since last: 1000214309 ns, Reaching safepoint: 276363 ns, At safepoint: 21201 ns, Total: 297564 ns
[2025-08-13T15:59:05.535+0000][8][safepoint   ] Safepoint "Cleanup", Time since last: 1000353912 ns, Reaching safepoint: 165312 ns, At safepoint: 7796 ns, Total: 173108 ns
[2025-08-13T15:59:06.536+0000][8][safepoint   ] Safepoint "Cleanup", Time since last: 1000207969 ns, Reaching safepoint: 125887 ns, At safepoint: 6857 ns, Total: 132744 ns
[2025-08-13T15:59:07.536+0000][8][safepoint   ] Safepoint "Cleanup", Time since last: 1000270831 ns, Reaching safepoint: 228792 ns, At safepoint: 5596 ns, Total: 234388 ns
[2025-08-13T15:59:09.537+0000][8][safepoint   ] Safepoint "Cleanup", Time since last: 2000385597 ns, Reaching safepoint: 176718 ns, At safepoint: 7437 ns, Total: 184155 ns
[2025-08-13T15:59:10.537+0000][8][safepoint   ] Safepoint "Cleanup", Time since last: 1000234688 ns, Reaching safepoint: 192671 ns, At safepoint: 5940 ns, Total: 198611 ns
[2025-08-13T15:59:11.538+0000][8][safepoint   ] Safepoint "Cleanup", Time since last: 1000296890 ns, Reaching safepoint: 200049 ns, At safepoint: 4109 ns, Total: 204158 ns
[2025-08-13T15:59:12.538+0000][8][safepoint   ] Safepoint "Cleanup", Time since last: 1000340816 ns, Reaching safepoint: 156392 ns, At safepoint: 9200 ns, Total: 165592 ns
[2025-08-13T15:59:13.539+0000][8][safepoint   ] Safepoint "Cleanup", Time since last: 1000173030 ns, Reaching safepoint: 202499 ns, At safepoint: 5580 ns, Total: 208079 ns
[2025-08-13T15:59:14.540+0000][8][safepoint   ] Safepoint "Cleanup", Time since last: 1000826966 ns, Reaching safepoint: 191017 ns, At safepoint: 4303 ns, Total: 195320 ns
[2025-08-13T15:59:15.540+0000][8][safepoint   ] Safepoint "Cleanup", Time since last: 1000208460 ns, Reaching safepoint: 171554 ns, At safepoint: 8527 ns, Total: 180081 ns
[2025-08-13T15:59:16.540+0000][8][safepoint   ] Safepoint "Cleanup", Time since last: 1000190230 ns, Reaching safepoint: 160752 ns, At safepoint: 8113 ns, Total: 168865 ns
[2025-08-13T15:59:17.541+0000][8][safepoint   ] Safepoint "Cleanup", Time since last: 1000207910 ns, Reaching safepoint: 185180 ns, At safepoint: 20498 ns, Total: 205678 ns
[2025-08-13T15:59:18.541+0000][8][safepoint   ] Safepoint "Cleanup", Time since last: 1000205355 ns, Reaching safepoint: 132781 ns, At safepoint: 6985 ns, Total: 139766 ns
[2025-08-13T15:59:19.541+0000][8][safepoint   ] Safepoint "Cleanup", Time since last: 1000185184 ns, Reaching safepoint: 195152 ns, At safepoint: 5957 ns, Total: 201109 ns
[2025-08-13T15:59:21.542+0000][8][safepoint   ] Safepoint "Cleanup", Time since last: 2000386784 ns, Reaching safepoint: 228561 ns, At safepoint: 9702 ns, Total: 238263 ns
[2025-08-13T15:59:22.542+0000][8][safepoint   ] Safepoint "Cleanup", Time since last: 1000178473 ns, Reaching safepoint: 172464 ns, At safepoint: 5119 ns, Total: 177583 ns
[2025-08-13T15:59:24.543+0000][8][safepoint   ] Safepoint "Cleanup", Time since last: 2000346423 ns, Reaching safepoint: 220214 ns, At safepoint: 8454 ns, Total: 228668 ns
[2025-08-13T15:59:25.543+0000][8][safepoint   ] Safepoint "Cleanup", Time since last: 1000143767 ns, Reaching safepoint: 133245 ns, At safepoint: 4798 ns, Total: 138043 ns
[2025-08-13T15:59:27.544+0000][8][safepoint   ] Safepoint "Cleanup", Time since last: 2000329590 ns, Reaching safepoint: 154374 ns, At safepoint: 11567 ns, Total: 165941 ns
[2025-08-13T15:59:28.544+0000][8][safepoint   ] Safepoint "Cleanup", Time since last: 1000160718 ns, Reaching safepoint: 149693 ns, At safepoint: 20913 ns, Total: 170606 ns
[2025-08-13T15:59:29.545+0000][8][safepoint   ] Safepoint "Cleanup", Time since last: 1000195827 ns, Reaching safepoint: 207312 ns, At safepoint: 4990 ns, Total: 212302 ns
[2025-08-13T15:59:30.545+0000][8][safepoint   ] Safepoint "Cleanup", Time since last: 1000220694 ns, Reaching safepoint: 161607 ns, At safepoint: 10251 ns, Total: 171858 ns
[2025-08-13T15:59:32.546+0000][8][safepoint   ] Safepoint "Cleanup", Time since last: 2000413173 ns, Reaching safepoint: 166941 ns, At safepoint: 7055 ns, Total: 173996 ns
[2025-08-13T15:59:33.546+0000][8][safepoint   ] Safepoint "Cleanup", Time since last: 1000286733 ns, Reaching safepoint: 227005 ns, At safepoint: 7202 ns, Total: 234207 ns
[2025-08-13T15:59:34.546+0000][8][safepoint   ] Safepoint "Cleanup", Time since last: 1000215350 ns, Reaching safepoint: 173428 ns, At safepoint: 7209 ns, Total: 180637 ns
[2025-08-13T15:59:35.547+0000][8][safepoint   ] Safepoint "Cleanup", Time since last: 1000260209 ns, Reaching safepoint: 160963 ns, At safepoint: 8245 ns, Total: 169208 ns
[2025-08-13T15:59:37.547+0000][8][safepoint   ] Safepoint "Cleanup", Time since last: 2000294050 ns, Reaching safepoint: 148974 ns, At safepoint: 5505 ns, Total: 154479 ns
[2025-08-13T15:59:38.548+0000][8][safepoint   ] Safepoint "Cleanup", Time since last: 1000279435 ns, Reaching safepoint: 184528 ns, At safepoint: 9330 ns, Total: 193858 ns
[2025-08-13T15:59:41.548+0000][8][safepoint   ] Safepoint "Cleanup", Time since last: 3000446812 ns, Reaching safepoint: 179000 ns, At safepoint: 8573 ns, Total: 187573 ns
[2025-08-13T15:59:43.549+0000][8][safepoint   ] Safepoint "Cleanup", Time since last: 2000306740 ns, Reaching safepoint: 149167 ns, At safepoint: 6880 ns, Total: 156047 ns
[2025-08-13T15:59:44.549+0000][8][safepoint   ] Safepoint "Cleanup", Time since last: 1000187223 ns, Reaching safepoint: 215761 ns, At safepoint: 10303 ns, Total: 226064 ns
[2025-08-13T15:59:45.550+0000][8][safepoint   ] Safepoint "Cleanup", Time since last: 1000252126 ns, Reaching safepoint: 135396 ns, At safepoint: 3795 ns, Total: 139191 ns
[2025-08-13T15:59:46.551+0000][8][safepoint   ] Safepoint "Cleanup", Time since last: 1001137538 ns, Reaching safepoint: 458525 ns, At safepoint: 17970 ns, Total: 476495 ns
[2025-08-13T15:59:47.552+0000][8][safepoint   ] Safepoint "Cleanup", Time since last: 1000254360 ns, Reaching safepoint: 198926 ns, At safepoint: 11403 ns, Total: 210329 ns
[2025-08-13T15:59:48.552+0000][8][safepoint   ] Safepoint "Cleanup", Time since last: 1000193279 ns, Reaching safepoint: 194194 ns, At safepoint: 5427 ns, Total: 199621 ns
[2025-08-13T15:59:49.553+0000][8][safepoint   ] Safepoint "Cleanup", Time since last: 1000318380 ns, Reaching safepoint: 125975 ns, At safepoint: 3612 ns, Total: 129587 ns
[2025-08-13T15:59:51.553+0000][8][safepoint   ] Safepoint "Cleanup", Time since last: 2000321288 ns, Reaching safepoint: 173883 ns, At safepoint: 4606 ns, Total: 178489 ns
[2025-08-13T15:59:52.554+0000][8][safepoint   ] Safepoint "Cleanup", Time since last: 1000183074 ns, Reaching safepoint: 210070 ns, At safepoint: 6728 ns, Total: 216798 ns
[2025-08-13T15:59:54.554+0000][8][safepoint   ] Safepoint "Cleanup", Time since last: 2000378297 ns, Reaching safepoint: 160321 ns, At safepoint: 7640 ns, Total: 167961 ns
[2025-08-13T15:59:55.555+0000][8][safepoint   ] Safepoint "Cleanup", Time since last: 1000219202 ns, Reaching safepoint: 210464 ns, At safepoint: 7027 ns, Total: 217491 ns
[2025-08-13T15:59:57.555+0000][8][safepoint   ] Safepoint "Cleanup", Time since last: 2000419024 ns, Reaching safepoint: 160796 ns, At safepoint: 8008 ns, Total: 168804 ns
[2025-08-13T15:59:58.555+0000][8][safepoint   ] Safepoint "Cleanup", Time since last: 1000182147 ns, Reaching safepoint: 151373 ns, At safepoint: 7007 ns, Total: 158380 ns
[2025-08-13T16:00:00.556+0000][8][safepoint   ] Safepoint "Cleanup", Time since last: 2000244850 ns, Reaching safepoint: 209433 ns, At safepoint: 8206 ns, Total: 217639 ns
[2025-08-13T16:00:01.556+0000][8][safepoint   ] Safepoint "Cleanup", Time since last: 1000196519 ns, Reaching safepoint: 212323 ns, At safepoint: 4862 ns, Total: 217185 ns
[2025-08-13T16:00:03.557+0000][8][safepoint   ] Safepoint "Cleanup", Time since last: 2000370825 ns, Reaching safepoint: 219837 ns, At safepoint: 11996 ns, Total: 231833 ns
[2025-08-13T16:00:04.557+0000][8][safepoint   ] Safepoint "Cleanup", Time since last: 1000191806 ns, Reaching safepoint: 152607 ns, At safepoint: 7669 ns, Total: 160276 ns
[2025-08-13T16:00:07.558+0000][8][safepoint   ] Safepoint "Cleanup", Time since last: 3000517049 ns, Reaching safepoint: 151227 ns, At safepoint: 3876 ns, Total: 155103 ns
[2025-08-13T16:00:08.558+0000][8][safepoint   ] Safepoint "Cleanup", Time since last: 1000244186 ns, Reaching safepoint: 176944 ns, At safepoint: 28336 ns, Total: 205280 ns
[2025-08-13T16:00:09.559+0000][8][safepoint   ] Safepoint "Cleanup", Time since last: 1000197837 ns, Reaching safepoint: 260268 ns, At safepoint: 10115 ns, Total: 270383 ns
[2025-08-13T16:00:10.559+0000][8][safepoint   ] Safepoint "Cleanup", Time since last: 1000231712 ns, Reaching safepoint: 153536 ns, At safepoint: 6982 ns, Total: 160518 ns
[2025-08-13T16:00:11.560+0000][8][safepoint   ] Safepoint "Cleanup", Time since last: 1000209453 ns, Reaching safepoint: 146420 ns, At safepoint: 6668 ns, Total: 153088 ns
[2025-08-13T16:00:13.560+0000][8][safepoint   ] Safepoint "Cleanup", Time since last: 2000316054 ns, Reaching safepoint: 184201 ns, At safepoint: 19596 ns, Total: 203797 ns
[2025-08-13T16:00:14.561+0000][8][safepoint   ] Safepoint "Cleanup", Time since last: 1000181583 ns, Reaching safepoint: 153466 ns, At safepoint: 23564 ns, Total: 177030 ns
[2025-08-13T16:00:15.561+0000][8][safepoint   ] Safepoint "Cleanup", Time since last: 1000274745 ns, Reaching safepoint: 139948 ns, At safepoint: 21866 ns, Total: 161814 ns
[2025-08-13T16:00:16.564+0000][8][safepoint   ] Safepoint "Cleanup", Time since last: 1002213397 ns, Reaching safepoint: 190596 ns, At safepoint: 339105 ns, Total: 529701 ns
[2025-08-13T16:00:17.564+0000][8][safepoint   ] Safepoint "Cleanup", Time since last: 1000203342 ns, Reaching safepoint: 139947 ns, At safepoint: 4310 ns, Total: 144257 ns
[2025-08-13T16:00:18.564+0000][8][safepoint   ] Safepoint "Cleanup", Time since last: 1000189934 ns, Reaching safepoint: 212161 ns, At safepoint: 9078 ns, Total: 221239 ns
[2025-08-13T16:00:19.565+0000][8][safepoint   ] Safepoint "Cleanup", Time since last: 1000190476 ns, Reaching safepoint: 170139 ns, At safepoint: 5530 ns, Total: 175669 ns
[2025-08-13T16:00:21.565+0000][8][safepoint   ] Safepoint "Cleanup", Time since last: 2000368444 ns, Reaching safepoint: 151582 ns, At safepoint: 8790 ns, Total: 160372 ns
[2025-08-13T16:00:22.566+0000][8][safepoint   ] Safepoint "Cleanup", Time since last: 1000216192 ns, Reaching safepoint: 255177 ns, At safepoint: 8013 ns, Total: 263190 ns
[2025-08-13T16:00:25.567+0000][8][safepoint   ] Safepoint "Cleanup", Time since last: 3000600940 ns, Reaching safepoint: 155402 ns, At safepoint: 6731 ns, Total: 162133 ns
[2025-08-13T16:00:27.567+0000][8][safepoint   ] Safepoint "Cleanup", Time since last: 2000309332 ns, Reaching safepoint: 203162 ns, At safepoint: 8845 ns, Total: 212007 ns
[2025-08-13T16:00:30.568+0000][8][safepoint   ] Safepoint "Cleanup", Time since last: 3000442623 ns, Reaching safepoint: 182264 ns, At safepoint: 18361 ns, Total: 200625 ns
[2025-08-13T16:00:33.568+0000][8][safepoint   ] Safepoint "Cleanup", Time since last: 3000378759 ns, Reaching safepoint: 221217 ns, At safepoint: 53534 ns, Total: 274751 ns
[2025-08-13T16:00:34.569+0000][8][safepoint   ] Safepoint "Cleanup", Time since last: 1000119366 ns, Reaching safepoint: 176030 ns, At safepoint: 5922 ns, Total: 181952 ns
[2025-08-13T16:00:37.569+0000][8][safepoint   ] Safepoint "Cleanup", Time since last: 3000609483 ns, Reaching safepoint: 150354 ns, At safepoint: 4039 ns, Total: 154393 ns
[2025-08-13T16:00:42.571+0000][8][safepoint   ] Safepoint "Cleanup", Time since last: 5000940746 ns, Reaching safepoint: 154400 ns, At safepoint: 9872 ns, Total: 164272 ns
[2025-08-13T16:00:44.572+0000][8][safepoint   ] Safepoint "Cleanup", Time since last: 2000773741 ns, Reaching safepoint: 223182 ns, At safepoint: 262464 ns, Total: 485646 ns
[2025-08-13T16:00:45.572+0000][8][safepoint   ] Safepoint "Cleanup", Time since last: 1000208732 ns, Reaching safepoint: 166818 ns, At safepoint: 7866 ns, Total: 174684 ns
[2025-08-13T16:00:48.573+0000][8][safepoint   ] Safepoint "Cleanup", Time since last: 3000473204 ns, Reaching safepoint: 205072 ns, At safepoint: 9444 ns, Total: 214516 ns
[2025-08-13T16:00:49.573+0000][8][safepoint   ] Safepoint "Cleanup", Time since last: 1000157388 ns, Reaching safepoint: 179231 ns, At safepoint: 6063 ns, Total: 185294 ns
[2025-08-13T16:00:52.574+0000][8][safepoint   ] Safepoint "Cleanup", Time since last: 3000465253 ns, Reaching safepoint: 197606 ns, At safepoint: 7813 ns, Total: 205419 ns
[2025-08-13T16:00:55.575+0000][8][safepoint   ] Safepoint "Cleanup", Time since last: 3000490963 ns, Reaching safepoint: 186647 ns, At safepoint: 5533 ns, Total: 192180 ns
[2025-08-13T16:01:00.576+0000][8][safepoint   ] Safepoint "Cleanup", Time since last: 5000750044 ns, Reaching safepoint: 194183 ns, At safepoint: 12204 ns, Total: 206387 ns
[2025-08-13T16:01:01.576+0000][8][safepoint   ] Safepoint "Cleanup", Time since last: 1000256487 ns, Reaching safepoint: 131446 ns, At safepoint: 3667 ns, Total: 135113 ns
[2025-08-13T16:01:04.576+0000][8][safepoint   ] Safepoint "Cleanup", Time since last: 3000386491 ns, Reaching safepoint: 154794 ns, At safepoint: 7596 ns, Total: 162390 ns
[2025-08-13T16:01:05.577+0000][8][safepoint   ] Safepoint "Cleanup", Time since last: 1000144495 ns, Reaching safepoint: 566505 ns, At safepoint: 6854 ns, Total: 573359 ns
[2025-08-13T16:01:07.579+0000][8][safepoint   ] Safepoint "Cleanup", Time since last: 2000222220 ns, Reaching safepoint: 1424047 ns, At safepoint: 42933 ns, Total: 1466980 ns
[2025-08-13T16:01:12.580+0000][8][safepoint   ] Safepoint "Cleanup", Time since last: 5000944902 ns, Reaching safepoint: 221238 ns, At safepoint: 11417 ns, Total: 232655 ns
[2025-08-13T16:01:15.581+0000][8][safepoint   ] Safepoint "Cleanup", Time since last: 3000671995 ns, Reaching safepoint: 163982 ns, At safepoint: 10774 ns, Total: 174756 ns
[2025-08-13T16:01:17.581+0000][8][safepoint   ] Safepoint "Cleanup", Time since last: 2000355111 ns, Reaching safepoint: 165735 ns, At safepoint: 4897 ns, Total: 170632 ns
[2025-08-13T16:01:18.582+0000][8][safepoint   ] Safepoint "Cleanup", Time since last: 1000185569 ns, Reaching safepoint: 159052 ns, At safepoint: 9506 ns, Total: 168558 ns
[2025-08-13T16:01:19.582+0000][8][safepoint   ] Safepoint "Cleanup", Time since last: 1000217584 ns, Reaching safepoint: 143014 ns, At safepoint: 4691 ns, Total: 147705 ns
[2025-08-13T16:01:21.583+0000][8][safepoint   ] Safepoint "Cleanup", Time since last: 2000508072 ns, Reaching safepoint: 175256 ns, At safepoint: 5030 ns, Total: 180286 ns
[2025-08-13T16:01:22.583+0000][8][safepoint   ] Safepoint "Cleanup", Time since last: 1000183438 ns, Reaching safepoint: 137647 ns, At safepoint: 4149 ns, Total: 141796 ns
[2025-08-13T16:01:24.584+0000][8][safepoint   ] Safepoint "Cleanup", Time since last: 2000405159 ns, Reaching safepoint: 149978 ns, At safepoint: 8222 ns, Total: 158200 ns
[2025-08-13T16:01:28.585+0000][8][safepoint   ] Safepoint "Cleanup", Time since last: 4000693383 ns, Reaching safepoint: 194970 ns, At safepoint: 5527 ns, Total: 200497 ns
[2025-08-13T16:01:33.586+0000][8][safepoint   ] Safepoint "Cleanup", Time since last: 5000817955 ns, Reaching safepoint: 140005 ns, At safepoint: 5756 ns, Total: 145761 ns
[2025-08-13T16:01:34.586+0000][8][safepoint   ] Safepoint "Cleanup", Time since last: 1000241307 ns, Reaching safepoint: 161569 ns, At safepoint: 5570 ns, Total: 167139 ns
[2025-08-13T16:01:35.586+0000][8][safepoint   ] Safepoint "Cleanup", Time since last: 1000282386 ns, Reaching safepoint: 164178 ns, At safepoint: 8038 ns, Total: 172216 ns
[2025-08-13T16:01:36.587+0000][8][safepoint   ] Safepoint "Cleanup", Time since last: 1000199555 ns, Reaching safepoint: 168084 ns, At safepoint: 5123 ns, Total: 173207 ns
[2025-08-13T16:01:37.587+0000][8][safepoint   ] Safepoint "Cleanup", Time since last: 1000186425 ns, Reaching safepoint: 203874 ns, At safepoint: 5196 ns, Total: 209070 ns
[2025-08-13T16:01:38.588+0000][8][safepoint   ] Safepoint "Cleanup", Time since last: 1000186053 ns, Reaching safepoint: 1022431 ns, At safepoint: 19809 ns, Total: 1042240 ns
[2025-08-13T16:01:39.591+0000][8][safepoint   ] Safepoint "Cleanup", Time since last: 1001957108 ns, Reaching safepoint: 230542 ns, At safepoint: 4800 ns, Total: 235342 ns
[2025-08-13T16:01:42.591+0000][8][safepoint   ] Safepoint "Cleanup", Time since last: 3000500397 ns, Reaching safepoint: 158233 ns, At safepoint: 8958 ns, Total: 167191 ns
[2025-08-13T16:01:43.592+0000][8][safepoint   ] Safepoint "Cleanup", Time since last: 1000185469 ns, Reaching safepoint: 129812 ns, At safepoint: 4910 ns, Total: 134722 ns
[2025-08-13T16:01:44.592+0000][8][safepoint   ] Safepoint "Cleanup", Time since last: 1000179562 ns, Reaching safepoint: 173164 ns, At safepoint: 6538 ns, Total: 179702 ns
[2025-08-13T16:01:45.592+0000][8][safepoint   ] Safepoint "Cleanup", Time since last: 1000201015 ns, Reaching safepoint: 140740 ns, At safepoint: 9955 ns, Total: 150695 ns
[2025-08-13T16:01:46.593+0000][8][safepoint   ] Safepoint "Cleanup", Time since last: 1000206057 ns, Reaching safepoint: 245883 ns, At safepoint: 12571 ns, Total: 258454 ns
[2025-08-13T16:01:48.593+0000][8][safepoint   ] Safepoint "Cleanup", Time since last: 2000318493 ns, Reaching safepoint: 164070 ns, At safepoint: 8624 ns, Total: 172694 ns
[2025-08-13T16:01:49.594+0000][8][safepoint   ] Safepoint "Cleanup", Time since last: 1000129891 ns, Reaching safepoint: 143354 ns, At safepoint: 27954 ns, Total: 171308 ns
[2025-08-13T16:01:51.594+0000][8][safepoint   ] Safepoint "Cleanup", Time since last: 2000419226 ns, Reaching safepoint: 218826 ns, At safepoint: 9600 ns, Total: 228426 ns
[2025-08-13T16:01:52.595+0000][8][safepoint   ] Safepoint "Cleanup", Time since last: 1000202172 ns, Reaching safepoint: 240282 ns, At safepoint: 8829 ns, Total: 249111 ns
[2025-08-13T16:01:53.365+0000][8][safepoint   ] Safepoint "ICBufferFull", Time since last: 769683853 ns, Reaching safepoint: 595603 ns, At safepoint: 18527 ns, Total: 614130 ns
[2025-08-13T16:01:54.365+0000][8][safepoint   ] Safepoint "Cleanup", Time since last: 1000199493 ns, Reaching safepoint: 189858 ns, At safepoint: 4584 ns, Total: 194442 ns
[2025-08-13T16:01:55.172+0000][8][safepoint   ] Safepoint "ICBufferFull", Time since last: 801972328 ns, Reaching safepoint: 2486093 ns, At safepoint: 2566836 ns, Total: 5052929 ns
[2025-08-13T16:01:55.869+0000][8][safepoint   ] Safepoint "ICBufferFull", Time since last: 696186016 ns, Reaching safepoint: 358127 ns, At safepoint: 164080 ns, Total: 522207 ns
[2025-08-13T16:01:56.877+0000][8][safepoint   ] Safepoint "Cleanup", Time since last: 1000230590 ns, Reaching safepoint: 1319007 ns, At safepoint: 6517296 ns, Total: 7836303 ns
[2025-08-13T16:01:57.881+0000][8][safepoint   ] Safepoint "Cleanup", Time since last: 1003459051 ns, Reaching safepoint: 261347 ns, At safepoint: 9567 ns, Total: 270914 ns
[2025-08-13T16:01:58.883+0000][8][safepoint   ] Safepoint "Cleanup", Time since last: 1001662410 ns, Reaching safepoint: 212637 ns, At safepoint: 11356 ns, Total: 223993 ns
[2025-08-13T16:01:59.883+0000][8][safepoint   ] Safepoint "Cleanup", Time since last: 1000225829 ns, Reaching safepoint: 192976 ns, At safepoint: 8563 ns, Total: 201539 ns
[2025-08-13T16:02:00.884+0000][8][safepoint   ] Safepoint "Cleanup", Time since last: 1000212741 ns, Reaching safepoint: 197164 ns, At safepoint: 5348 ns, Total: 202512 ns
[2025-08-13T16:02:01.884+0000][8][safepoint   ] Safepoint "Cleanup", Time since last: 1000211598 ns, Reaching safepoint: 142481 ns, At safepoint: 4855 ns, Total: 147336 ns
[2025-08-13T16:02:03.885+0000][8][safepoint   ] Safepoint "Cleanup", Time since last: 2000405357 ns, Reaching safepoint: 148854 ns, At safepoint: 9389 ns, Total: 158243 ns
[2025-08-13T16:02:04.885+0000][8][safepoint   ] Safepoint "Cleanup", Time since last: 1000243768 ns, Reaching safepoint: 202661 ns, At safepoint: 9177 ns, Total: 211838 ns
[2025-08-13T16:02:06.886+0000][8][safepoint   ] Safepoint "Cleanup", Time since last: 2000375715 ns, Reaching safepoint: 206228 ns, At safepoint: 8984 ns, Total: 215212 ns
[2025-08-13T16:02:09.886+0000][8][safepoint   ] Safepoint "Cleanup", Time since last: 3000519185 ns, Reaching safepoint: 141427 ns, At safepoint: 3770 ns, Total: 145197 ns
[2025-08-13T16:02:11.887+0000][8][safepoint   ] Safepoint "Cleanup", Time since last: 2000248184 ns, Reaching safepoint: 193951 ns, At safepoint: 6841 ns, Total: 200792 ns
[2025-08-13T16:02:12.887+0000][8][safepoint   ] Safepoint "Cleanup", Time since last: 1000439248 ns, Reaching safepoint: 215060 ns, At safepoint: 39021 ns, Total: 254081 ns
[2025-08-13T16:02:14.888+0000][8][safepoint   ] Safepoint "Cleanup", Time since last: 2000296496 ns, Reaching safepoint: 178521 ns, At safepoint: 4471 ns, Total: 182992 ns
[2025-08-13T16:02:16.888+0000][8][safepoint   ] Safepoint "Cleanup", Time since last: 2000306390 ns, Reaching safepoint: 194191 ns, At safepoint: 6582 ns, Total: 200773 ns
[2025-08-13T16:02:17.889+0000][8][safepoint   ] Safepoint "Cleanup", Time since last: 1000321883 ns, Reaching safepoint: 140141 ns, At safepoint: 4212 ns, Total: 144353 ns
[2025-08-13T16:02:18.889+0000][8][safepoint   ] Safepoint "Cleanup", Time since last: 1000207801 ns, Reaching safepoint: 134137 ns, At safepoint: 15680 ns, Total: 149817 ns
[2025-08-13T16:02:19.890+0000][8][safepoint   ] Safepoint "Cleanup", Time since last: 1000164942 ns, Reaching safepoint: 134844 ns, At safepoint: 4678 ns, Total: 139522 ns
[2025-08-13T16:02:21.890+0000][8][safepoint   ] Safepoint "Cleanup", Time since last: 2000462268 ns, Reaching safepoint: 152167 ns, At safepoint: 4948 ns, Total: 157115 ns
[2025-08-13T16:02:24.891+0000][8][safepoint   ] Safepoint "Cleanup", Time since last: 3000506658 ns, Reaching safepoint: 180415 ns, At safepoint: 10439 ns, Total: 190854 ns
[2025-08-13T16:02:28.892+0000][8][safepoint   ] Safepoint "Cleanup", Time since last: 4000613685 ns, Reaching safepoint: 156045 ns, At safepoint: 13152 ns, Total: 169197 ns
[2025-08-13T16:02:30.892+0000][8][safepoint   ] Safepoint "Cleanup", Time since last: 2000437365 ns, Reaching safepoint: 156490 ns, At safepoint: 8644 ns, Total: 165134 ns
[2025-08-13T16:02:34.893+0000][8][safepoint   ] Safepoint "Cleanup", Time since last: 4000656641 ns, Reaching safepoint: 150295 ns, At safepoint: 7684 ns, Total: 157979 ns
[2025-08-13T16:02:36.894+0000][8][safepoint   ] Safepoint "Cleanup", Time since last: 2000353130 ns, Reaching safepoint: 170298 ns, At safepoint: 7457 ns, Total: 177755 ns
[2025-08-13T16:02:37.894+0000][8][safepoint   ] Safepoint "Cleanup", Time since last: 1000224426 ns, Reaching safepoint: 228364 ns, At safepoint: 8991 ns, Total: 237355 ns
[2025-08-13T16:02:39.895+0000][8][safepoint   ] Safepoint "Cleanup", Time since last: 2000345967 ns, Reaching safepoint: 189382 ns, At safepoint: 6542 ns, Total: 195924 ns
[2025-08-13T16:02:40.895+0000][8][safepoint   ] Safepoint "Cleanup", Time since last: 1000211302 ns, Reaching safepoint: 138448 ns, At safepoint: 7329 ns, Total: 145777 ns
[2025-08-13T16:02:41.895+0000][8][safepoint   ] Safepoint "Cleanup", Time since last: 1000148997 ns, Reaching safepoint: 190009 ns, At safepoint: 4771 ns, Total: 194780 ns
[2025-08-13T16:02:42.896+0000][8][safepoint   ] Safepoint "Cleanup", Time since last: 1000217034 ns, Reaching safepoint: 219597 ns, At safepoint: 12440 ns, Total: 232037 ns
[2025-08-13T16:02:44.898+0000][8][safepoint   ] Safepoint "Cleanup", Time since last: 2000283556 ns, Reaching safepoint: 1842083 ns, At safepoint: 49275 ns, Total: 1891358 ns
[2025-08-13T16:02:45.898+0000][8][safepoint   ] Safepoint "Cleanup", Time since last: 1000145460 ns, Reaching safepoint: 187025 ns, At safepoint: 8742 ns, Total: 195767 ns
[2025-08-13T16:02:46.899+0000][8][safepoint   ] Safepoint "Cleanup", Time since last: 1000184174 ns, Reaching safepoint: 131872 ns, At safepoint: 4587 ns, Total: 136459 ns
[2025-08-13T16:02:48.899+0000][8][safepoint   ] Safepoint "Cleanup", Time since last: 2000360442 ns, Reaching safepoint: 140264 ns, At safepoint: 5605 ns, Total: 145869 ns
[2025-08-13T16:02:49.899+0000][8][safepoint   ] Safepoint "Cleanup", Time since last: 1000191901 ns, Reaching safepoint: 150111 ns, At safepoint: 8045 ns, Total: 158156 ns
[2025-08-13T16:02:52.900+0000][8][safepoint   ] Safepoint "Cleanup", Time since last: 3000584905 ns, Reaching safepoint: 154003 ns, At safepoint: 5499 ns, Total: 159502 ns
[2025-08-13T16:02:54.901+0000][8][safepoint   ] Safepoint "Cleanup", Time since last: 2000316355 ns, Reaching safepoint: 296534 ns, At safepoint: 14965 ns, Total: 311499 ns
[2025-08-13T16:02:55.893+0000][8][safepoint   ] Safepoint "ICBufferFull", Time since last: 991600310 ns, Reaching safepoint: 529509 ns, At safepoint: 29178 ns, Total: 558687 ns
[2025-08-13T16:02:56.898+0000][8][safepoint   ] Safepoint "Cleanup", Time since last: 1004786815 ns, Reaching safepoint: 210248 ns, At safepoint: 9430 ns, Total: 219678 ns
[2025-08-13T16:02:58.899+0000][8][safepoint   ] Safepoint "Cleanup", Time since last: 2000365114 ns, Reaching safepoint: 179734 ns, At safepoint: 7593 ns, Total: 187327 ns
[2025-08-13T16:02:59.899+0000][8][safepoint   ] Safepoint "Cleanup", Time since last: 1000182164 ns, Reaching safepoint: 158241 ns, At safepoint: 5681 ns, Total: 163922 ns
[2025-08-13T16:03:00.899+0000][8][safepoint   ] Safepoint "Cleanup", Time since last: 1000184936 ns, Reaching safepoint: 135770 ns, At safepoint: 3597 ns, Total: 139367 ns
[2025-08-13T16:03:04.900+0000][8][safepoint   ] Safepoint "Cleanup", Time since last: 4000632018 ns, Reaching safepoint: 157425 ns, At safepoint: 8181 ns, Total: 165606 ns
[2025-08-13T16:03:06.900+0000][8][safepoint   ] Safepoint "Cleanup", Time since last: 2000266956 ns, Reaching safepoint: 175216 ns, At safepoint: 13909 ns, Total: 189125 ns
[2025-08-13T16:03:09.901+0000][8][safepoint   ] Safepoint "Cleanup", Time since last: 3000460320 ns, Reaching safepoint: 148620 ns, At safepoint: 4089 ns, Total: 152709 ns
[2025-08-13T16:03:10.902+0000][8][safepoint   ] Safepoint "Cleanup", Time since last: 1000231923 ns, Reaching safepoint: 320066 ns, At safepoint: 13162 ns, Total: 333228 ns
[2025-08-13T16:03:12.902+0000][8][safepoint   ] Safepoint "Cleanup", Time since last: 2000309737 ns, Reaching safepoint: 165388 ns, At safepoint: 9108 ns, Total: 174496 ns
[2025-08-13T16:03:13.902+0000][8][safepoint   ] Safepoint "Cleanup", Time since last: 1000196357 ns, Reaching safepoint: 146912 ns, At safepoint: 4261 ns, Total: 151173 ns
[2025-08-13T16:03:14.903+0000][8][safepoint   ] Safepoint "Cleanup", Time since last: 1000188214 ns, Reaching safepoint: 149181 ns, At safepoint: 9682 ns, Total: 158863 ns
[2025-08-13T16:03:16.903+0000][8][safepoint   ] Safepoint "Cleanup", Time since last: 2000328301 ns, Reaching safepoint: 136066 ns, At safepoint: 5610 ns, Total: 141676 ns
[2025-08-13T16:03:18.904+0000][8][safepoint   ] Safepoint "Cleanup", Time since last: 2000221559 ns, Reaching safepoint: 902099 ns, At safepoint: 17359 ns, Total: 919458 ns
[2025-08-13T16:03:19.905+0000][8][safepoint   ] Safepoint "Cleanup", Time since last: 1000155474 ns, Reaching safepoint: 140820 ns, At safepoint: 23584 ns, Total: 164404 ns
[2025-08-13T16:03:25.906+0000][8][safepoint   ] Safepoint "Cleanup", Time since last: 6000876517 ns, Reaching safepoint: 166319 ns, At safepoint: 9052 ns, Total: 175371 ns
[2025-08-13T16:03:26.906+0000][8][safepoint   ] Safepoint "Cleanup", Time since last: 1000229354 ns, Reaching safepoint: 161091 ns, At safepoint: 9710 ns, Total: 170801 ns
[2025-08-13T16:03:27.907+0000][8][safepoint   ] Safepoint "Cleanup", Time since last: 1000201261 ns, Reaching safepoint: 182097 ns, At safepoint: 7365 ns, Total: 189462 ns
[2025-08-13T16:03:28.907+0000][8][safepoint   ] Safepoint "Cleanup", Time since last: 1000207463 ns, Reaching safepoint: 134493 ns, At safepoint: 4000 ns, Total: 138493 ns
[2025-08-13T16:03:29.907+0000][8][safepoint   ] Safepoint "Cleanup", Time since last: 1000155588 ns, Reaching safepoint: 127457 ns, At safepoint: 7186 ns, Total: 134643 ns
[2025-08-13T16:03:30.908+0000][8][safepoint   ] Safepoint "Cleanup", Time since last: 1000191472 ns, Reaching safepoint: 138237 ns, At safepoint: 6850 ns, Total: 145087 ns
[2025-08-13T16:03:31.908+0000][8][safepoint   ] Safepoint "Cleanup", Time since last: 1000303118 ns, Reaching safepoint: 132868 ns, At safepoint: 16653 ns, Total: 149521 ns
[2025-08-13T16:03:34.909+0000][8][safepoint   ] Safepoint "Cleanup", Time since last: 3000405070 ns, Reaching safepoint: 191349 ns, At safepoint: 8759 ns, Total: 200108 ns
[2025-08-13T16:03:36.909+0000][8][safepoint   ] Safepoint "Cleanup", Time since last: 2000280163 ns, Reaching safepoint: 146862 ns, At safepoint: 9821 ns, Total: 156683 ns
[2025-08-13T16:03:39.910+0000][8][safepoint   ] Safepoint "Cleanup", Time since last: 3000381809 ns, Reaching safepoint: 188342 ns, At safepoint: 22932 ns, Total: 211274 ns
[2025-08-13T16:03:43.910+0000][8][safepoint   ] Safepoint "Cleanup", Time since last: 4000673661 ns, Reaching safepoint: 153395 ns, At safepoint: 5630 ns, Total: 159025 ns
[2025-08-13T16:03:44.911+0000][8][safepoint   ] Safepoint "Cleanup", Time since last: 1000192308 ns, Reaching safepoint: 159947 ns, At safepoint: 9007 ns, Total: 168954 ns
[2025-08-13T16:03:46.911+0000][8][safepoint   ] Safepoint "Cleanup", Time since last: 2000336261 ns, Reaching safepoint: 183626 ns, At safepoint: 4016 ns, Total: 187642 ns
[2025-08-13T16:03:48.912+0000][8][safepoint   ] Safepoint "Cleanup", Time since last: 2000378471 ns, Reaching safepoint: 143266 ns, At safepoint: 4302 ns, Total: 147568 ns
[2025-08-13T16:03:49.912+0000][8][safepoint   ] Safepoint "Cleanup", Time since last: 1000209728 ns, Reaching safepoint: 250647 ns, At safepoint: 12459 ns, Total: 263106 ns
[2025-08-13T16:03:51.913+0000][8][safepoint   ] Safepoint "Cleanup", Time since last: 2000380783 ns, Reaching safepoint: 347026 ns, At safepoint: 104647 ns, Total: 451673 ns
[2025-08-13T16:03:52.914+0000][8][safepoint   ] Safepoint "Cleanup", Time since last: 1000210310 ns, Reaching safepoint: 152554 ns, At safepoint: 8206 ns, Total: 160760 ns
[2025-08-13T16:03:54.914+0000][8][safepoint   ] Safepoint "Cleanup", Time since last: 2000349555 ns, Reaching safepoint: 240169 ns, At safepoint: 6324 ns, Total: 246493 ns
[2025-08-13T16:03:55.914+0000][8][safepoint   ] Safepoint "Cleanup", Time since last: 1000160626 ns, Reaching safepoint: 141416 ns, At safepoint: 6437 ns, Total: 147853 ns
[2025-08-13T16:03:56.915+0000][8][safepoint   ] Safepoint "Cleanup", Time since last: 1000221145 ns, Reaching safepoint: 251648 ns, At safepoint: 8935 ns, Total: 260583 ns
[2025-08-13T16:03:58.915+0000][8][safepoint   ] Safepoint "Cleanup", Time since last: 2000338041 ns, Reaching safepoint: 165903 ns, At safepoint: 5812 ns, Total: 171715 ns
[2025-08-13T16:03:59.916+0000][8][safepoint   ] Safepoint "Cleanup", Time since last: 1000161338 ns, Reaching safepoint: 239979 ns, At safepoint: 9706 ns, Total: 249685 ns
[2025-08-13T16:04:00.916+0000][8][safepoint   ] Safepoint "Cleanup", Time since last: 1000219428 ns, Reaching safepoint: 196083 ns, At safepoint: 9214 ns, Total: 205297 ns
[2025-08-13T16:04:01.917+0000][8][safepoint   ] Safepoint "Cleanup", Time since last: 1000158839 ns, Reaching safepoint: 192500 ns, At safepoint: 5055 ns, Total: 197555 ns
[2025-08-13T16:04:03.917+0000][8][safepoint   ] Safepoint "Cleanup", Time since last: 2000349061 ns, Reaching safepoint: 222947 ns, At safepoint: 6115 ns, Total: 229062 ns
[2025-08-13T16:04:04.918+0000][8][safepoint   ] Safepoint "Cleanup", Time since last: 1000243737 ns, Reaching safepoint: 180317 ns, At safepoint: 3852 ns, Total: 184169 ns
[2025-08-13T16:04:06.918+0000][8][safepoint   ] Safepoint "Cleanup", Time since last: 2000470953 ns, Reaching safepoint: 175037 ns, At safepoint: 4503 ns, Total: 179540 ns
[2025-08-13T16:04:07.919+0000][8][safepoint   ] Safepoint "Cleanup", Time since last: 1000263721 ns, Reaching safepoint: 178050 ns, At safepoint: 7934 ns, Total: 185984 ns
[2025-08-13T16:04:09.919+0000][8][safepoint   ] Safepoint "Cleanup", Time since last: 2000334859 ns, Reaching safepoint: 159377 ns, At safepoint: 7886 ns, Total: 167263 ns
[2025-08-13T16:04:14.920+0000][8][safepoint   ] Safepoint "Cleanup", Time since last: 5000672648 ns, Reaching safepoint: 168495 ns, At safepoint: 7759 ns, Total: 176254 ns
[2025-08-13T16:04:16.921+0000][8][safepoint   ] Safepoint "Cleanup", Time since last: 2000310206 ns, Reaching safepoint: 190112 ns, At safepoint: 6082 ns, Total: 196194 ns
[2025-08-13T16:04:18.921+0000][8][safepoint   ] Safepoint "Cleanup", Time since last: 2000394763 ns, Reaching safepoint: 151758 ns, At safepoint: 8883 ns, Total: 160641 ns
[2025-08-13T16:04:24.923+0000][8][safepoint   ] Safepoint "Cleanup", Time since last: 6001338312 ns, Reaching safepoint: 134073 ns, At safepoint: 5178 ns, Total: 139251 ns
[2025-08-13T16:04:25.923+0000][8][safepoint   ] Safepoint "Cleanup", Time since last: 1000187671 ns, Reaching safepoint: 138196 ns, At safepoint: 7357 ns, Total: 145553 ns
[2025-08-13T16:04:34.924+0000][8][safepoint   ] Safepoint "Cleanup", Time since last: 9001152267 ns, Reaching safepoint: 151145 ns, At safepoint: 8149 ns, Total: 159294 ns
[2025-08-13T16:04:39.925+0000][8][safepoint   ] Safepoint "Cleanup", Time since last: 5000853906 ns, Reaching safepoint: 210983 ns, At safepoint: 5536 ns, Total: 216519 ns
[2025-08-13T16:04:41.926+0000][8][safepoint   ] Safepoint "Cleanup", Time since last: 2000487609 ns, Reaching safepoint: 168301 ns, At safepoint: 8585 ns, Total: 176886 ns
[2025-08-13T16:04:42.926+0000][8][safepoint   ] Safepoint "Cleanup", Time since last: 1000174399 ns, Reaching safepoint: 197285 ns, At safepoint: 9691 ns, Total: 206976 ns
[2025-08-13T16:04:43.927+0000][8][safepoint   ] Safepoint "Cleanup", Time since last: 1000199040 ns, Reaching safepoint: 242716 ns, At safepoint: 13476 ns, Total: 256192 ns
[2025-08-13T16:04:44.927+0000][8][safepoint   ] Safepoint "Cleanup", Time since last: 1000206891 ns, Reaching safepoint: 208120 ns, At safepoint: 9929 ns, Total: 218049 ns
[2025-08-13T16:04:46.928+0000][8][safepoint   ] Safepoint "Cleanup", Time since last: 2000261077 ns, Reaching safepoint: 170532 ns, At safepoint: 18749 ns, Total: 189281 ns
[2025-08-13T16:04:47.928+0000][8][safepoint   ] Safepoint "Cleanup", Time since last: 1000174713 ns, Reaching safepoint: 267863 ns, At safepoint: 29690 ns, Total: 297553 ns
[2025-08-13T16:04:48.929+0000][8][safepoint   ] Safepoint "Cleanup", Time since last: 1000188924 ns, Reaching safepoint: 156128 ns, At safepoint: 4972 ns, Total: 161100 ns
[2025-08-13T16:04:54.930+0000][8][safepoint   ] Safepoint "Cleanup", Time since last: 6000999859 ns, Reaching safepoint: 226163 ns, At safepoint: 9875 ns, Total: 236038 ns
[2025-08-13T16:04:56.930+0000][8][safepoint   ] Safepoint "Cleanup", Time since last: 2000308193 ns, Reaching safepoint: 136424 ns, At safepoint: 7252 ns, Total: 143676 ns
[2025-08-13T16:05:01.931+0000][8][safepoint   ] Safepoint "Cleanup", Time since last: 5000893341 ns, Reaching safepoint: 131664 ns, At safepoint: 7179 ns, Total: 138843 ns
[2025-08-13T16:05:04.932+0000][8][safepoint   ] Safepoint "Cleanup", Time since last: 3000502173 ns, Reaching safepoint: 136592 ns, At safepoint: 7382 ns, Total: 143974 ns
[2025-08-13T16:05:12.933+0000][8][safepoint   ] Safepoint "Cleanup", Time since last: 8000925256 ns, Reaching safepoint: 143516 ns, At safepoint: 4949 ns, Total: 148465 ns
[2025-08-13T16:05:14.934+0000][8][safepoint   ] Safepoint "Cleanup", Time since last: 2000321799 ns, Reaching safepoint: 357690 ns, At safepoint: 94001 ns, Total: 451691 ns
[2025-08-13T16:05:16.934+0000][8][safepoint   ] Safepoint "Cleanup", Time since last: 2000314664 ns, Reaching safepoint: 182068 ns, At safepoint: 8757 ns, Total: 190825 ns
[2025-08-13T16:05:18.935+0000][8][safepoint   ] Safepoint "Cleanup", Time since last: 2000307363 ns, Reaching safepoint: 236963 ns, At safepoint: 6354 ns, Total: 243317 ns
[2025-08-13T16:05:20.111+0000][8][safepoint   ] Safepoint "Cleanup", Time since last: 1175745446 ns, Reaching safepoint: 454826 ns, At safepoint: 11840 ns, Total: 466666 ns
[2025-08-13T16:05:25.488+0000][8][safepoint   ] Safepoint "Cleanup", Time since last: 5376252175 ns, Reaching safepoint: 228340 ns, At safepoint: 8697 ns, Total: 237037 ns
[2025-08-13T16:05:28.488+0000][8][safepoint   ] Safepoint "Cleanup", Time since last: 3000530138 ns, Reaching safepoint: 201763 ns, At safepoint: 6295 ns, Total: 208058 ns
[2025-08-13T16:05:34.490+0000][8][safepoint   ] Safepoint "Cleanup", Time since last: 6001125490 ns, Reaching safepoint: 126450 ns, At safepoint: 8316 ns, Total: 134766 ns
[2025-08-13T16:05:37.490+0000][8][safepoint   ] Safepoint "Cleanup", Time since last: 3000486929 ns, Reaching safepoint: 258394 ns, At safepoint: 6613 ns, Total: 265007 ns
[2025-08-13T16:05:42.491+0000][8][safepoint   ] Safepoint "Cleanup", Time since last: 5000987338 ns, Reaching safepoint: 178750 ns, At safepoint: 8413 ns, Total: 187163 ns
[2025-08-13T16:05:43.492+0000][8][safepoint   ] Safepoint "Cleanup", Time since last: 1000269965 ns, Reaching safepoint: 148980 ns, At safepoint: 5386 ns, Total: 154366 ns
[2025-08-13T16:05:44.492+0000][8][safepoint   ] Safepoint "Cleanup", Time since last: 1000267538 ns, Reaching safepoint: 201182 ns, At safepoint: 5337 ns, Total: 206519 ns
[2025-08-13T16:05:45.493+0000][8][safepoint   ] Safepoint "Cleanup", Time since last: 1000274580 ns, Reaching safepoint: 137188 ns, At safepoint: 8934 ns, Total: 146122 ns
[2025-08-13T16:05:46.493+0000][8][safepoint   ] Safepoint "Cleanup", Time since last: 1000218567 ns, Reaching safepoint: 209499 ns, At safepoint: 5964 ns, Total: 215463 ns
[2025-08-13T16:05:47.494+0000][8][safepoint   ] Safepoint "Cleanup", Time since last: 1000197961 ns, Reaching safepoint: 208835 ns, At safepoint: 9025 ns, Total: 217860 ns
[2025-08-13T16:05:49.494+0000][8][safepoint   ] Safepoint "Cleanup", Time since last: 2000277559 ns, Reaching safepoint: 193177 ns, At safepoint: 6280 ns, Total: 199457 ns
[2025-08-13T16:05:52.495+0000][8][safepoint   ] Safepoint "Cleanup", Time since last: 3000524458 ns, Reaching safepoint: 156856 ns, At safepoint: 8572 ns, Total: 165428 ns
[2025-08-13T16:05:55.495+0000][8][safepoint   ] Safepoint "Cleanup", Time since last: 3000430231 ns, Reaching safepoint: 230860 ns, At safepoint: 8226 ns, Total: 239086 ns
[2025-08-13T16:05:58.496+0000][8][safepoint   ] Safepoint "Cleanup", Time since last: 3000552813 ns, Reaching safepoint: 194217 ns, At safepoint: 6210 ns, Total: 200427 ns
[2025-08-13T16:06:12.499+0000][8][safepoint   ] Safepoint "Cleanup", Time since last: 14002643219 ns, Reaching safepoint: 174782 ns, At safepoint: 4203 ns, Total: 178985 ns
[2025-08-13T16:06:13.499+0000][8][safepoint   ] Safepoint "Cleanup", Time since last: 1000194350 ns, Reaching safepoint: 217624 ns, At safepoint: 5779 ns, Total: 223403 ns
[2025-08-13T16:06:17.500+0000][8][safepoint   ] Safepoint "Cleanup", Time since last: 4000662394 ns, Reaching safepoint: 211859 ns, At safepoint: 8718 ns, Total: 220577 ns
[2025-08-13T16:06:18.501+0000][8][safepoint   ] Safepoint "Cleanup", Time since last: 1000228169 ns, Reaching safepoint: 208257 ns, At safepoint: 7421 ns, Total: 215678 ns
[2025-08-13T16:06:25.502+0000][8][safepoint   ] Safepoint "Cleanup", Time since last: 7000869097 ns, Reaching safepoint: 200337 ns, At safepoint: 5449 ns, Total: 205786 ns
[2025-08-13T16:06:27.502+0000][8][safepoint   ] Safepoint "Cleanup", Time since last: 2000362725 ns, Reaching safepoint: 160746 ns, At safepoint: 8440 ns, Total: 169186 ns
[2025-08-13T16:06:28.503+0000][8][safepoint   ] Safepoint "Cleanup", Time since last: 1000219061 ns, Reaching safepoint: 262518 ns, At safepoint: 13540 ns, Total: 276058 ns
[2025-08-13T16:06:31.504+0000][8][safepoint   ] Safepoint "Cleanup", Time since last: 3000576571 ns, Reaching safepoint: 205819 ns, At safepoint: 8515 ns, Total: 214334 ns
[2025-08-13T16:06:34.505+0000][8][safepoint   ] Safepoint "Cleanup", Time since last: 3000723172 ns, Reaching safepoint: 213004 ns, At safepoint: 9547 ns, Total: 222551 ns
[2025-08-13T16:06:42.506+0000][8][safepoint   ] Safepoint "Cleanup", Time since last: 8001187873 ns, Reaching safepoint: 142144 ns, At safepoint: 6938 ns, Total: 149082 ns
[2025-08-13T16:06:43.506+0000][8][safepoint   ] Safepoint "Cleanup", Time since last: 1000175489 ns, Reaching safepoint: 121514 ns, At safepoint: 4892 ns, Total: 126406 ns
[2025-08-13T16:06:45.507+0000][8][safepoint   ] Safepoint "Cleanup", Time since last: 2000337891 ns, Reaching safepoint: 211586 ns, At safepoint: 6400 ns, Total: 217986 ns
[2025-08-13T16:06:47.507+0000][8][safepoint   ] Safepoint "Cleanup", Time since last: 2000299281 ns, Reaching safepoint: 127974 ns, At safepoint: 4027 ns, Total: 132001 ns
[2025-08-13T16:06:48.508+0000][8][safepoint   ] Safepoint "Cleanup", Time since last: 1000229010 ns, Reaching safepoint: 144636 ns, At safepoint: 9430 ns, Total: 154066 ns
[2025-08-13T16:06:49.508+0000][8][safepoint   ] Safepoint "Cleanup", Time since last: 1000187785 ns, Reaching safepoint: 233686 ns, At safepoint: 11441 ns, Total: 245127 ns
[2025-08-13T16:06:53.509+0000][8][safepoint   ] Safepoint "Cleanup", Time since last: 4000540182 ns, Reaching safepoint: 198304 ns, At safepoint: 9856 ns, Total: 208160 ns
[2025-08-13T16:06:54.509+0000][8][safepoint   ] Safepoint "Cleanup", Time since last: 1000258294 ns, Reaching safepoint: 133512 ns, At safepoint: 4341 ns, Total: 137853 ns
[2025-08-13T16:06:55.510+0000][8][safepoint   ] Safepoint "Cleanup", Time since last: 1000217431 ns, Reaching safepoint: 134652 ns, At safepoint: 7964 ns, Total: 142616 ns
[2025-08-13T16:06:58.510+0000][8][safepoint   ] Safepoint "Cleanup", Time since last: 3000569524 ns, Reaching safepoint: 135363 ns, At safepoint: 7160 ns, Total: 142523 ns
[2025-08-13T16:07:02.511+0000][8][safepoint   ] Safepoint "Cleanup", Time since last: 4000715263 ns, Reaching safepoint: 192785 ns, At safepoint: 5287 ns, Total: 198072 ns
[2025-08-13T16:07:04.512+0000][8][safepoint   ] Safepoint "Cleanup", Time since last: 2000393550 ns, Reaching safepoint: 233183 ns, At safepoint: 9173 ns, Total: 242356 ns
[2025-08-13T16:07:04.601+0000][8][gc,heap,exit] Heap
[2025-08-13T16:07:04.601+0000][8][gc,heap,exit]  garbage-first heap   total 1048576K, used 694584K [0x00000000c0000000, 0x0000000100000000)
[2025-08-13T16:07:04.601+0000][8][gc,heap,exit]   region size 1024K, 590 young (604160K), 1 survivors (1024K)
[2025-08-13T16:07:04.601+0000][8][gc,heap,exit]  Metaspace       used 103155K, capacity 106591K, committed 106884K, reserved 1140736K
[2025-08-13T16:07:04.601+0000][8][gc,heap,exit]   class space    used 13642K, capacity 14705K, committed 14824K, reserved 1048576K
